******************************************************************************
               TMS320C6x Linker PC v8.3.3                      
******************************************************************************
>> Linked Tue Dec 29 17:17:35 2020

OUTPUT FILE NAME:   <test/xwr16xx_rangeprocdsp_dss.xe674>
ENTRY POINT SYMBOL: "_c_int00"  address: 007f7de0


MEMORY CONFIGURATION

         name            origin    length      used     unused   attr    fill
----------------------  --------  ---------  --------  --------  ----  --------
PAGE 0:
  L2SRAM_UMAP1          007e0000   00020000  0001d828  000027d8  RWIX
  L2SRAM_UMAP0          00800000   00020000  0001fffe  00000002  RWIX
  L1PSRAM               00e00000   00004000  00000000  00004000  RWIX
  L1DSRAM               00f00000   00004000  00003800  00000800  RWIX
  L3SRAM                20000000   000c0000  00049000  00077000  RWIX
  HSRAM                 21080000   00008000  00000000  00008000  RWIX

PAGE 1:
  L3SRAM                20000000   000c0000  00000000  000c0000  RWIX


SEGMENT ALLOCATION MAP

run origin  load origin   length   init length attrs members
----------  ----------- ---------- ----------- ----- -------
007e0000    007e0000    0001bc80   0001bc80    r-x
  007e0000    007e0000    00000200   00000200    r-x .vecs
  007e0200    007e0200    0001ba80   0001ba80    r-x .text
007fbc80    007fbc80    00001000   00000000    rw-
  007fbc80    007fbc80    00001000   00000000    rw- .stack
007fcc80    007fcc80    00000b28   00000a06    rw-
  007fcc80    007fcc80    00000a06   00000a06    rw- .fardata.1
  007fd688    007fd688    00000120   00000000    rw- .cio
007fd7a8    007fd7a8    00000058   00000058    r--
  007fd7a8    007fd7a8    00000058   00000058    r-- .switch
007fd800    007fd800    00000016   00000000    rw-
  007fd800    007fd800    00000016   00000000    rw- .bss
007fd818    007fd818    00000014   00000014    rw-
  007fd818    007fd818    00000014   00000014    rw- .neardata
00800000    00800000    0001a3a8   00000000    rw-
  00800000    00800000    00009480   00000000    rw- .dataBufL2
  00809480    00809480    00008f28   00000000    rw- .far
  008123a8    008123a8    00008000   00000000    rw- systemHeap
0081a3a8    0081a3a8    000034fe   000034fe    r--
  0081a3a8    0081a3a8    000034fe   000034fe    r-- .const
0081d8a8    0081d8a8    00002400   00000000    rw-
  0081d8a8    0081d8a8    00002400   00000000    rw- .MCPILogBuffer
0081fca8    0081fca8    00000358   00000358    rw-
  0081fca8    0081fca8    00000358   00000358    rw- .fardata.2
00f00000    00f00000    00003800   00000000    rw-
  00f00000    00f00000    00003800   00000000    rw- .l1data
20000000    20000000    00049000   00000000    rw-
  20000000    20000000    00049000   00000000    rw- .l3data


SECTION ALLOCATION MAP

 output                                  attributes/
section   page    origin      length       input sections
--------  ----  ----------  ----------   ----------------
xdc.meta   0    00000000    00000120     COPY SECTION
                  00000000    00000120     dss_pe674.oe674 (xdc.meta)

.vecs      0    007e0000    00000200     
                  007e0000    00000200     dss_pe674.oe674 (.vecs)

.stack     0    007fbc80    00001000     UNINITIALIZED
                  007fbc80    00000008     boot.ae674 : boot.oe674 (.stack)
                  007fbc88    00000ff8     --HOLE--

.bss       0    007fd800    00000016     UNINITIALIZED
                  007fd800    00000004     (.common:adcDataIn)
                  007fd804    00000004     (.common:edmaHandle)
                  007fd808    00000004     (.common:fileId)
                  007fd80c    00000004     (.common:rangeProcDpuHandle)
                  007fd810    00000004     (.common:socHandle)
                  007fd814    00000001     (.common:finalResults)
                  007fd815    00000001     (.common:testFeatureStatus)

.neardata 
*          0    007fd818    00000014     
                  007fd818    0000000c     libtestlogger_xwr16xx.ae674 : logger.oe674 (.neardata)
                  007fd824    00000004     libedma_xwr16xx.ae674 : edma_low_level.oe674 (.neardata)
                  007fd828    00000004     rangeprocdsp_test.oe674 (.neardata)

.cinit     0    00800000    00000000     UNINITIALIZED

.far       0    00809480    00008f28     UNINITIALIZED
                  00809480    00008000     (.common:adcDataInBuf)
                  00811480    00000800     dss_pe674.oe674 (.far:taskStackSection)
                  00811c80    000004d8     libedma_xwr16xx.ae674 : edma.oe674 (.far:EDMA_object)
                  00812158    00000140     (.common:__TI_tmpnams)
                  00812298    0000009c     (.common:rangeProcDpuCfg)
                  00812334    00000052     (.common:EDMA_errorInfo)
                  00812386    00000002     --HOLE--
                  00812388    00000010     (.common:edmaDbg)
                  00812398    00000008     (.common:EDMA_transferControllerErrorInfo)
                  008123a0    00000008     (.common:parmbuf)

.MCPILogBuffer 
*          0    0081d8a8    00002400     UNINITIALIZED
                  0081d8a8    00002400     rangeprocdsp_test.oe674 (.MCPILogBuffer)

.l3data    0    20000000    00049000     UNINITIALIZED
                  20000000    00049000     rangeprocdsp_test.oe674 (.l3data)

.l1data    0    00f00000    00003800     UNINITIALIZED
                  00f00000    00003800     rangeprocdsp_test.oe674 (.l1data)

.text      0    007e0200    0001ba80     
                  007e0200    00002040     rts6740_elf.lib : _printfi.c.obj (.text:__TI_printfi)
                  007e2240    00001800     rangeprocdsp_test.oe674 (.text:rangeProcDpuTest_Task)
                  007e3a40    00000b00     libmmwavealg_xwr16xx.ae674 : mmwavelib_ffttwiddle_gen.oe674 (.text:mmwavelib_gen_twiddle_largefft_16x16_imre_sa)
                  007e4540    000008a0     ti.targets.rts6000.ae674 : System.oe674 (.text:xdc_runtime_System_doPrint__I)
                  007e4de0    000007a0     sysbios.ae674 : BIOS.obj (.text:ti_sysbios_knl_Semaphore_pend__E)
                  007e5580    00000780                   : BIOS.obj (.text:ti_sysbios_family_c64p_Exception_handler__I)
                  007e5d00    000006a0     rangeprocdsp.oe674 (.text:DPU_RangeProcDSP_process)
                  007e63a0    00000660     rts6740_elf.lib : _printfi.c.obj (.text:_pconv_a)
                  007e6a00    00000620     sysbios.ae674 : BIOS.obj (.text:ti_sysbios_heaps_HeapMem_allocUnprotected__E)
                  007e7020    000005e0     rts6740_elf.lib : divd.c.obj (.text:__c6xabi_divd)
                  007e7600    000005c0     rangeproc_interference.oe674 (.text:intfMitgCreateIIBArr)
                  007e7bc0    000005c0     sysbios.ae674 : BIOS.obj (.text:ti_sysbios_heaps_HeapMem_freeUnprotected__E)
                  007e8180    00000560     rangeprocdsp.oe674 (.text:DPU_RangeProcDSP_config)
                  007e86e0    00000520     sysbios.ae674 : BIOS.obj (.text:ti_sysbios_knl_Task_Instance_finalize__E)
                  007e8c00    000004e0     libmmwavealg_xwr16xx.ae674 : mmwavelib_windowcoef_gen.oe674 (.text:mmwavelib_windowCoef_gen)
                  007e90e0    000004a0     rangeprocdsp_test.oe674 (.text:Test_printResults)
                  007e9580    00000460     sysbios.ae674 : BIOS.obj (.text:ti_sysbios_knl_Task_sleep__E)
                  007e99e0    00000400     rts6740_elf.lib : _printfi.c.obj (.text:_pconv_g)
                  007e9de0    000003e0     sysbios.ae674 : BIOS.obj (.text:ti_sysbios_knl_Task_Module_startup__E)
                  007ea1c0    000003e0                   : BIOS.obj (.text:ti_sysbios_timers_rti_Timer_Module_startup__E)
                  007ea5a0    000003c0                   : BIOS.obj (.text:ti_sysbios_knl_Task_Instance_init__E)
                  007ea960    00000360                   : BIOS.obj (.text:ti_sysbios_knl_Semaphore_post__E)
                  007eacc0    00000340     rangeprocdsp.oe674 (.text:rangeProcDSP_dcRangeSignatureCompensation)
                  007eb000    00000320     rts6740_elf.lib : cos.c.obj (.text:cos)
                  007eb320    00000320                     : fputs.c.obj (.text:fputs)
                  007eb640    00000300     dsplib.ae64P : DSP_fft16x16_imre_sa.oe64P (.text:psa)
                  007eb940    000002e0     rts6740_elf.lib : sin.c.obj (.text:sin)
                  007ebc20    000002e0     sysbios.ae674 : BIOS.obj (.text:ti_sysbios_heaps_HeapMem_Instance_init__E)
                  007ebf00    000002c0     libedma_xwr16xx.ae674 : edma.oe674 (.text:EDMA_configChannel)
                  007ec1c0    000002c0                           : edma.oe674 (.text:EDMA_configErrorMonitoring)
                  007ec480    000002c0     rangeprocdsp_test.oe674 (.text:Test_fft_ref)
                  007ec740    000002c0     sysbios.ae674 : BIOS.obj (.text:ti_sysbios_knl_Clock_workFunc__E)
                  007eca00    000002a0     libedma_xwr16xx.ae674 : edma.oe674 (.text:EDMA_open)
                  007ecca0    000002a0     rts6740_elf.lib : _printfi.c.obj (.text:_pconv_e)
                  007ecf40    000002a0                     : _printfi.c.obj (.text:fcvt)
                  007ed1e0    00000280                     : divf.c.obj (.text:__c6xabi_divf)
                  007ed460    00000280     sysbios.ae674 : BIOS.obj (.text:ti_sysbios_family_c64p_Cache_Module_startup__E)
                  007ed6e0    00000260     libtestlogger_xwr16xx.ae674 : logger.oe674 (.text:MCPI_setFeatureTestResult)
                  007ed940    00000260     rts6740_elf.lib : imath64.c.obj (.text:__c6xabi_divull)
                  007edba0    00000260     sysbios.ae674 : BIOS.obj (.text:ti_sysbios_family_c64p_Hwi_dispatchCore__I)
                  007ede00    00000260     ti.targets.rts6000.ae674 : Startup.oe674 (.text:xdc_runtime_Startup_startMods__I)
                  007ee060    00000240     rts6740_elf.lib : fread.c.obj (.text:fread)
                  007ee2a0    00000240     rangeproc_interference.oe674 (.text:intfMitgPerformLinearInterp)
                  007ee4e0    00000240     libmmwavealg_xwr16xx.ae674 : mmwavelib_ffttwiddle_gen.oe674 (.text:mmwavelib_gen_twiddle_fft16x16_imre_sa)
                  007ee720    00000240     sysbios.ae674 : BIOS.obj (.text:ti_sysbios_family_c64p_EventCombiner_dispatch__E)
                  007ee960    00000240                   : BIOS.obj (.text:ti_sysbios_family_c64p_Exception_internalHandler__I)
                  007eeba0    00000240                   : BIOS.obj (.text:ti_sysbios_timers_rti_Timer_getFreq__E)
                  007eede0    00000240     ti.targets.rts6000.ae674 : Core-mem.oe674 (.text:xdc_runtime_Core_createObject__I)
                  007ef020    00000240     dss_pe674.oe674 (.text:xdc_runtime_System_printfExtend__I)
                  007ef260    00000220     libedma_xwr16xx.ae674 : edma.oe674 (.text:EDMA_transferComplete_isr)
                  007ef480    00000220     rts6740_elf.lib : open.c.obj (.text:open)
                  007ef6a0    00000220     sysbios.ae674 : BIOS.obj (.text:ti_sysbios_knl_Swi_run__I)
                  007ef8c0    00000200     rangeprocdsp_test.oe674 (.text:Test_1Dfft_refGen)
                  007efac0    00000200     rts6740_elf.lib : _printfi.c.obj (.text:_ltostr)
                  007efcc0    00000200     sysbios.ae674 : c64p_Hwi_disp_always.obj (.text:_ti_sysbios_family_c64p_Hwi_dispatchAlways)
                  007efec0    00000200     ti.targets.rts6000.ae674 : Error.oe674 (.text:xdc_runtime_Error_policyDefault__E)
                  007f00c0    000001e0     libedma_xwr16xx.ae674 : edma.oe674 (.text:EDMA_init)
                  007f02a0    000001e0     libmmwavealg_xwr16xx.ae674 : mmwavelib_windowing.oe674 (.text:mmwavelib_windowing16x16_evenlen)
                  007f0480    000001e0     sysbios.ae674 : BIOS.obj (.text:ti_sysbios_family_c64p_EventCombiner_dispatchPlug__E)
                  007f0660    000001e0                   : BIOS.obj (.text:ti_sysbios_gates_GateMutex_enter__E)
                  007f0840    000001e0                   : BIOS.obj (.text:ti_sysbios_knl_Task_exit__E)
                  007f0a20    000001e0     ti.targets.rts6000.ae674 : Text.oe674 (.text:xdc_runtime_Text_putSite__E)
                  007f0c00    000001c0     dpedma.oe674 (.text:DPEDMA_configSyncAB)
                  007f0dc0    000001c0     dpedma.oe674 (.text:DPEDMA_configSyncA_singleFrame)
                  007f0f80    000001c0     rts6740_elf.lib : imath40.c.obj (.text:__c6xabi_divul)
                  007f1140    000001c0                     : fopen.c.obj (.text:_openfile)
                  007f1300    000001c0                     : fputc.c.obj (.text:fputc)
                  007f14c0    000001c0                     : frexp.c.obj (.text:frexp)
                  007f1680    000001c0                     : setvbuf.c.obj (.text:setvbuf)
                  007f1840    000001c0     sysbios.ae674 : BIOS.obj (.text:ti_sysbios_knl_Task_checkStacks__E)
                  007f1a00    000001a0     libedma_xwr16xx.ae674 : edma.oe674 (.text:EDMA_paramConfig_assist)
                  007f1ba0    000001a0     rts6740_elf.lib : hostrename.c.obj (.text:HOSTrename)
                  007f1d40    000001a0     sysbios.ae674 : BIOS.obj (.text:ti_sysbios_family_c64p_Cache_getL2InitSize__I)
                  007f1ee0    000001a0                   : BIOS.obj (.text:ti_sysbios_family_c64p_EventCombiner_disableEvent__E)
                  007f2080    000001a0                   : BIOS.obj (.text:ti_sysbios_family_c64p_EventCombiner_enableEvent__E)
                  007f2220    000001a0                   : BIOS.obj (.text:ti_sysbios_knl_Task_schedule__I)
                  007f23c0    000001a0                   : BIOS.obj (.text:ti_sysbios_timers_rti_Timer_startup__E)
                  007f2560    000001a0     ti.targets.rts6000.ae674 : Core-smem.oe674 (.text:xdc_runtime_Core_constructObject__I)
                  007f2700    00000180     rts6740_elf.lib : ldexp.c.obj (.text:ldexp)
                  007f2880    00000180     sysbios.ae674 : c64p_Exception_asm.obj (.text)
                  007f2a00    00000180                   : BIOS.obj (.text:ti_sysbios_knl_Task_postInit__I)
                  007f2b80    00000180                   : BIOS.obj (.text:ti_sysbios_knl_Task_startCore__E)
                  007f2d00    00000160     libedma_xwr16xx.ae674 : edma.oe674 (.text:EDMA_getErrorStatusInfo)
                  007f2e60    00000160     rangeprocdsp_test.oe674 (.text:Test_setProfile)
                  007f2fc0    00000160     rts6740_elf.lib : _bufread.c.obj (.text:__TI_buff_read)
                  007f3120    00000160     rangeprocdsp_test.oe674 (.text:rangeProcDpuTest_dpuCfg)
                  007f3280    00000160     rangeprocdsp_test.oe674 (.text:rangeProcDpuTest_edmaInit)
                  007f33e0    00000160     sysbios.ae674 : BIOS.obj (.text:ti_sysbios_family_c64p_Hwi_Module_startup__E)
                  007f3540    00000160                   : BIOS.obj (.text:ti_sysbios_knl_Swi_post__E)
                  007f36a0    00000160     ti.targets.rts6000.ae674 : Text.oe674 (.text:xdc_runtime_Text_putMod__E)
                  007f3800    00000140     libedma_xwr16xx.ae674 : edma_low_level.oe674 (.text:EDMA3Init)
                  007f3940    00000140                           : edma.oe674 (.text:EDMA_clearErrors)
                  007f3a80    00000140     libsoc_xwr16xx.ae674 : soc.oe674 (.text:SOC_init)
                  007f3bc0    00000140     rangeprocdsp.oe674 (.text:rangeProcDSP_ConfigDataOutEDMA)
                  007f3d00    00000140     sysbios.ae674 : BIOS.obj (.text:ti_sysbios_family_c64p_Cache_getL1DInitSize__I)
                  007f3e40    00000140                   : BIOS.obj (.text:ti_sysbios_family_c64p_Cache_getL1PInitSize__I)
                  007f3f80    00000140                   : BIOS.obj (.text:ti_sysbios_knl_Semaphore_Instance_init__E)
                  007f40c0    00000140                   : BIOS.obj (.text:ti_sysbios_knl_Task_blockI__E)
                  007f4200    00000140                   : BIOS.obj (.text:ti_sysbios_timers_rti_Timer_initDevice__I)
                  007f4340    00000140     ti.targets.rts6000.ae674 : Core-mem.oe674 (.text:xdc_runtime_Core_deleteObject__I)
                  007f4480    00000140                              : Text.oe674 (.text:xdc_runtime_Text_putLab__E)
                  007f45c0    00000120     libedma_xwr16xx.ae674 : edma.oe674 (.text:EDMA_configParamSet)
                  007f46e0    00000120     boot.ae674 : autoinit.oe674 (.text:_auto_init_elf)
                  007f4800    00000120     rts6740_elf.lib : _printfi.c.obj (.text:_pconv_f)
                  007f4920    00000120                     : fopen.c.obj (.text:fopen)
                  007f4a40    00000120                     : getdevice.c.obj (.text:getdevice)
                  007f4b60    00000120     rangeproc_interference.oe674 (.text:intfMitgThresholdComputation)
                  007f4c80    00000120     mathlib.ae674 : cossp.oe674 (.text:optasm)
                  007f4da0    00000120                   : sinsp.oe674 (.text:optasm)
                  007f4ec0    00000120     sysbios.ae674 : BIOS.obj (.text:ti_sysbios_knl_Swi_restoreHwi__E)
                  007f4fe0    00000120                   : BIOS.obj (.text:ti_sysbios_knl_Task_unblockI__E)
                  007f5100    00000100     libsoc_xwr16xx.ae674 : soc_xwr16xx_dss.oe674 (.text:SOC_deviceInit)
                  007f5200    00000100                          : soc_xwr16xx.oe674 (.text:SOC_translateAddress)
                  007f5300    00000100     rts6740_elf.lib : fclose.c.obj (.text:__TI_closefile)
                  007f5400    00000100                     : _printfi.c.obj (.text:_mcpy)
                  007f5500    00000100                     : atoi.c.obj (.text:atoi)
                  007f5600    00000100                     : fflush.c.obj (.text:fflush)
                  007f5700    00000100                     : fseek.c.obj (.text:fseek)
                  007f5800    00000100     sysbios.ae674 : BIOS.obj (.text:ti_sysbios_knl_Swi_schedule__I)
                  007f5900    00000100     ti.targets.rts6000.ae674 : Error.oe674 (.text:xdc_runtime_Error_print__E)
                  007f5a00    00000100                              : Memory.oe674 (.text:xdc_runtime_Memory_alloc__E)
                  007f5b00    00000100                              : Startup.oe674 (.text:xdc_runtime_Startup_exec__E)
                  007f5c00    000000e0     libedma_xwr16xx.ae674 : edma.oe674 (.text:EDMA_close)
                  007f5ce0    000000e0                           : edma.oe674 (.text:EDMA_isTransferComplete)
                  007f5dc0    000000e0                           : edma.oe674 (.text:EDMA_transferController_error_isr)
                  007f5ea0    000000e0     rts6740_elf.lib : hostlseek.c.obj (.text:HOSTlseek)
                  007f5f80    000000e0                     : hostopen.c.obj (.text:HOSTopen)
                  007f6060    000000e0                     : hostwrite.c.obj (.text:HOSTwrite)
                  007f6140    000000e0                     : _ltoa.c.obj (.text:__TI_ltoa)
                  007f6220    000000e0                     : _io_perm.c.obj (.text:__TI_wrt_ok)
                  007f6300    000000e0                     : divi.asm.obj (.text:__divi)
                  007f63e0    000000e0                     : close.c.obj (.text:close)
                  007f64c0    000000e0                     : exit.c.obj (.text:exit)
                  007f65a0    000000e0                     : memset.c.obj (.text:memset)
                  007f6680    000000e0                     : printf.c.obj (.text:printf)
                  007f6760    000000e0     sysbios.ae674 : BIOS.obj (.text:ti_sysbios_heaps_HeapMem_alloc__E)
                  007f6840    000000e0                   : BIOS.obj (.text:ti_sysbios_knl_Swi_runLoop__I)
                  007f6920    000000e0                   : BIOS.obj (.text:ti_sysbios_knl_Swi_startup__E)
                  007f6a00    000000e0     ti.targets.rts6000.ae674 : Text.oe674 (.text:xdc_runtime_Text_visitRope2__I)
                  007f6ae0    000000c0     libedma_xwr16xx.ae674 : edma.oe674 (.text:EDMA_error_isr)
                  007f6ba0    000000c0                           : edma.oe674 (.text:EDMA_startDmaTransfer)
                  007f6c60    000000c0     rts6740_elf.lib : hostread.c.obj (.text:HOSTread)
                  007f6d20    000000c0                     : hostunlink.c.obj (.text:HOSTunlink)
                  007f6de0    000000c0                     : fflush.c.obj (.text:__TI_doflush)
                  007f6ea0    000000c0                     : divu.asm.obj (.text:__divu)
                  007f6f60    000000c0                     : remi.asm.obj (.text:__remi)
                  007f7020    000000c0     rangeproc_interference.oe674 (.text:intfMitgCreateLinearInterpCoeffsFromIIB)
                  007f70e0    000000c0     rangeprocdsp_test.oe674 (.text:main)
                  007f71a0    000000c0     rts6740_elf.lib : modf.c.obj (.text:modf)
                  007f7260    000000c0     sysbios.ae674 : BIOS.obj (.text:ti_sysbios_heaps_HeapMem_getStats__E)
                  007f7320    000000c0                   : BIOS.obj (.text:ti_sysbios_knl_Clock_logTick__E)
                  007f73e0    000000c0                   : BIOS.obj (.text:ti_sysbios_knl_Task_allBlockedFunction__I)
                  007f74a0    000000c0     dss_pe674.oe674 (.text:ti_sysbios_knl_Task_create)
                  007f7560    000000c0     rts6740_elf.lib : tls.c.obj (.text:tls:init:__TI_tls_init)
                  007f7620    000000c0     ti.targets.rts6000.ae674 : Assert.oe674 (.text:xdc_runtime_Assert_raise__I)
                  007f76e0    000000c0                              : Error.oe674 (.text:xdc_runtime_Error_setX__E)
                  007f77a0    000000a0     dpedma.oe674 (.text:DPEDMA_setup_shadow_link)
                  007f7840    000000a0     libedma_xwr16xx.ae674 : edma_low_level.oe674 (.text:EDMA3EnableChInShadowReg)
                  007f78e0    000000a0                           : edma.oe674 (.text:EDMA_disableChannel)
                  007f7980    000000a0                           : edma.oe674 (.text:EDMA_enableChannel)
                  007f7a20    000000a0     rts6740_elf.lib : hostclose.c.obj (.text:HOSTclose)
                  007f7ac0    000000a0     libsoc_xwr16xx.ae674 : soc.oe674 (.text:SOC_SystemISR)
                  007f7b60    000000a0     rts6740_elf.lib : fopen.c.obj (.text:__TI_cleanup)
                  007f7c00    000000a0                     : _io_perm.c.obj (.text:__TI_rd_ok)
                  007f7ca0    000000a0                     : round.c.obj (.text:__c6xabi_nround)
                  007f7d40    000000a0                     : remu.asm.obj (.text:__remu)
                  007f7de0    000000a0     boot.ae674 : boot.oe674 (.text:_c_int00)
                  007f7e80    000000a0     rts6740_elf.lib : _printfi.c.obj (.text:_ecpy)
                  007f7f20    000000a0                     : getdevice.c.obj (.text:finddevice)
                  007f7fc0    000000a0                     : memcpy64.asm.obj (.text:memcpy)
                  007f8060    000000a0     sysbios.ae674 : BIOS.obj (.text:ti_sysbios_family_c64p_Exception_Module_startup__E)
                  007f8100    000000a0                   : BIOS.obj (.text:ti_sysbios_family_c64p_Hwi_dispatchC__I)
                  007f81a0    000000a0                   : BIOS.obj (.text:ti_sysbios_family_c64p_Hwi_getStackInfo__E)
                  007f8240    000000a0     ti.targets.rts6000.ae674 : Core-params.oe674 (.text:xdc_runtime_Core_assignParams__I)
                  007f82e0    000000a0                              : System.oe674 (.text:xdc_runtime_System_formatNum__I)
                  007f8380    000000a0                              : System.oe674 (.text:xdc_runtime_System_putchar__I)
                  007f8420    000000a0                              : Text.oe674 (.text:xdc_runtime_Text_printVisFxn__I)
                  007f84c0    000000a0                              : Text.oe674 (.text:xdc_runtime_Text_xprintf__I)
                  007f8560    00000080     libedma_xwr16xx.ae674 : edma_low_level.oe674 (.text:EDMA3MapChToEvtQ)
                  007f85e0    00000080                           : edma.oe674 (.text:EDMA_getTransferControllerErrorStatusInfo)
                  007f8660    00000080                           : edma.oe674 (.text:EDMA_linkParamSets)
                  007f86e0    00000080     rts6740_elf.lib : trgmsg.c.obj (.text:__TI_readmsg)
                  007f8760    00000080                     : llshift.c.obj (.text:__c6xabi_llshl)
                  007f87e0    00000080                     : snprintf.c.obj (.text:_outs)
                  007f8860    00000080     sysbios.ae674 : c62_TaskSupport_asm.obj (.text:_ti_sysbios_family_c62_TaskSupport_swap__E)
                  007f88e0    00000080     rts6740_elf.lib : fclose.c.obj (.text:fclose)
                  007f8960    00000080                     : snprintf.c.obj (.text:snprintf)
                  007f89e0    00000080     dss_pe674.oe674 (.text:ti_sysbios_BIOS_atExitFunc__I)
                  007f8a60    00000080     dss_pe674.oe674 (.text:ti_sysbios_BIOS_registerRTSLock__I)
                  007f8ae0    00000080     dss_pe674.oe674 (.text:ti_sysbios_gates_GateHwi_Object__create__S)
                  007f8b60    00000080     dss_pe674.oe674 (.text:ti_sysbios_gates_GateMutex_Object__create__S)
                  007f8be0    00000080     sysbios.ae674 : BIOS.obj (.text:ti_sysbios_hal_Hwi_checkStack)
                  007f8c60    00000080     dss_pe674.oe674 (.text:ti_sysbios_heaps_HeapMem_Object__create__S)
                  007f8ce0    00000080     sysbios.ae674 : BIOS.obj (.text:ti_sysbios_heaps_HeapMem_init__I)
                  007f8d60    00000080     dss_pe674.oe674 (.text:ti_sysbios_knl_Clock_doTick__I)
                  007f8de0    00000080     sysbios.ae674 : BIOS.obj (.text:ti_sysbios_knl_Idle_run__E)
                  007f8e60    00000080                   : BIOS.obj (.text:ti_sysbios_knl_Semaphore_pendTimeout__I)
                  007f8ee0    00000080                   : BIOS.obj (.text:ti_sysbios_knl_Task_processVitalTaskFlag__I)
                  007f8f60    00000080                   : BIOS.obj (.text:ti_sysbios_knl_Task_restore__E)
                  007f8fe0    00000080     dss_pe674.oe674 (.text:ti_sysbios_rts_MemAlloc_alloc)
                  007f9060    00000080     sysbios.ae674 : BIOS.obj (.text:ti_sysbios_timers_rti_Timer_stop__E)
                  007f90e0    00000080     rts6740_elf.lib : unlink.c.obj (.text:unlink)
                  007f9160    00000080     ti.targets.rts6000.ae674 : Core-label.oe674 (.text:xdc_runtime_Core_assignLabel__I)
                  007f91e0    00000080                              : SysStd.oe674 (.text:xdc_runtime_SysStd_abort__E)
                  007f9260    00000080                              : System.oe674 (.text:xdc_runtime_System_atexit__E)
                  007f92e0    00000080                              : System.oe674 (.text:xdc_runtime_System_avprintf__E)
                  007f9360    00000080                              : System.oe674 (.text:xdc_runtime_System_processAtExit__E)
                  007f93e0    00000080                              : System.oe674 (.text:xdc_runtime_System_vprintf__E)
                  007f9460    00000060     rangeprocdsp.oe674 (.text:DPU_RangeProcDSP_deinit)
                  007f94c0    00000060     rangeprocdsp.oe674 (.text:DPU_RangeProcDSP_init)
                  007f9520    00000060     libedma_xwr16xx.ae674 : edma_low_level.oe674 (.text:EDMA3ClrEvt)
                  007f9580    00000060                           : edma_low_level.oe674 (.text:EDMA3ClrIntr)
                  007f95e0    00000060                           : edma_low_level.oe674 (.text:EDMA3ClrMissEvt)
                  007f9640    00000060                           : edma_low_level.oe674 (.text:EDMA3DisableDmaEvt)
                  007f96a0    00000060                           : edma_low_level.oe674 (.text:EDMA3DisableEvtIntr)
                  007f9700    00000060                           : edma_low_level.oe674 (.text:EDMA3EnableDmaEvt)
                  007f9760    00000060                           : edma_low_level.oe674 (.text:EDMA3EnableEvtIntr)
                  007f97c0    00000060                           : edma_low_level.oe674 (.text:EDMA3SetEvt)
                  007f9820    00000060                           : edma.oe674 (.text:EDMA_configTransferControllerError)
                  007f9880    00000060                           : edma.oe674 (.text:EDMA_isError)
                  007f98e0    00000060                           : edma.oe674 (.text:EDMA_setDestinationAddress)
                  007f9940    00000060                           : edma.oe674 (.text:EDMA_setSourceAddress)
                  007f99a0    00000060                           : edma.oe674 (.text:EDMA_validate_channelIdchannelType)
                  007f9a00    00000060     libsoc_xwr16xx.ae674 : soc.oe674 (.text:SOC_unhaltBSS)
                  007f9a60    00000060     rts6740_elf.lib : trgmsg.c.obj (.text:__TI_writemsg)
                  007f9ac0    00000060                     : llshift.c.obj (.text:__c6xabi_llshru)
                  007f9b20    00000060                     : imath64.c.obj (.text:_subcull)
                  007f9b80    00000060     sysbios.ae674 : c64p_Hwi_asm_switch.obj (.text:_ti_sysbios_family_c64p_Hwi_switchAndDispatch__I)
                  007f9be0    00000060                   : c64p_Hwi_asm_switch.obj (.text:_ti_sysbios_family_xxx_Hwi_switchAndRunFunc)
                  007f9c40    00000060     rangeproc_interference.oe674 (.text:intfMitgApplyIIBArr)
                  007f9ca0    00000060     rts6740_elf.lib : lseek.c.obj (.text:lseek)
                  007f9d00    00000060                     : memccpy.c.obj (.text:memccpy)
                  007f9d60    00000060     rangeprocdsp.oe674 (.text:rangeProcDSP_WaitEDMAComplete)
                  007f9dc0    00000060     rts6740_elf.lib : read.c.obj (.text:read)
                  007f9e20    00000060                     : sprintf.c.obj (.text:sprintf)
                  007f9e80    00000060     dss_pe674.oe674 (.text:ti_sysbios_BIOS_errorRaiseHook__I)
                  007f9ee0    00000060     dss_pe674.oe674 (.text:ti_sysbios_BIOS_removeRTSLock__I)
                  007f9f40    00000060     dss_pe674.oe674 (.text:ti_sysbios_BIOS_startFunc__I)
                  007f9fa0    00000060     sysbios.ae674 : BIOS.obj (.text:ti_sysbios_family_c62_TaskSupport_start__E)
                  007fa000    00000060                   : BIOS.obj (.text:ti_sysbios_family_c64p_Cache_setMar__E)
                  007fa060    00000060                   : BIOS.obj (.text:ti_sysbios_family_c64p_EventCombiner_Module_startup__E)
                  007fa0c0    00000060                   : BIOS.obj (.text:ti_sysbios_family_c64p_EventCombiner_unused__E)
                  007fa120    00000060     dss_pe674.oe674 (.text:ti_sysbios_gates_GateMutex_Object__delete__S)
                  007fa180    00000060     sysbios.ae674 : BIOS.obj (.text:ti_sysbios_hal_Hwi_initStack)
                  007fa1e0    00000060                   : BIOS.obj (.text:ti_sysbios_heaps_HeapMem_free__E)
                  007fa240    00000060                   : BIOS.obj (.text:ti_sysbios_knl_Clock_Module_startup__E)
                  007fa2a0    00000060     dss_pe674.oe674 (.text:ti_sysbios_knl_Queue_construct)
                  007fa300    00000060     dss_pe674.oe674 (.text:ti_sysbios_knl_Semaphore_construct)
                  007fa360    00000060     sysbios.ae674 : BIOS.obj (.text:ti_sysbios_knl_Swi_Module_startup__E)
                  007fa3c0    00000060                   : BIOS.obj (.text:ti_sysbios_knl_Task_enter__I)
                  007fa420    00000060     rts6740_elf.lib : write.c.obj (.text:write)
                  007fa480    00000060     ti.targets.rts6000.ae674 : Memory.oe674 (.text:xdc_runtime_Memory_valloc__E)
                  007fa4e0    00000060                              : Text.oe674 (.text:xdc_runtime_Text_cordText__E)
                  007fa540    00000040     libsoc_xwr16xx.ae674 : soc.oe674 (.text:CSL_FEXTR)
                  007fa580    00000040                          : soc.oe674 (.text:CSL_FINSR)
                  007fa5c0    00000040                          : soc_xwr16xx_dss.oe674 (.text:CSL_FINSR)
                  007fa600    00000040     libedma_xwr16xx.ae674 : edma_low_level.oe674 (.text:EDMA3MapQdmaChToPaRAM)
                  007fa640    00000040                           : edma_low_level.oe674 (.text:EDMA3SetPaRAM)
                  007fa680    00000040                           : edma_low_level.oe674 (.text:EDMA3SetQdmaTrigWord)
                  007fa6c0    00000040     libosal_xwr16xx.ae674 : HwiP_tirtos.oe674 (.text:HwiP_create)
                  007fa700    00000040                           : HwiP_tirtos.oe674 (.text:HwiP_delete)
                  007fa740    00000040     libtestlogger_xwr16xx.ae674 : logger.oe674 (.text:MCPI_Initialize)
                  007fa780    00000040     libsoc_xwr16xx.ae674 : soc_xwr16xx_dss.oe674 (.text:SOC_getInAddr_LUTType)
                  007fa7c0    00000040                          : soc_xwr16xx_dss.oe674 (.text:SOC_getOutAddr_LUTType)
                  007fa800    00000040     rts6740_elf.lib : frcmpyd_div.c.obj (.text:__TI_frcmpyd_div)
                  007fa840    00000040                     : isinf.c.obj (.text:__c6xabi_isinf)
                  007fa880    00000040                     : _printfi.c.obj (.text:__c6xabi_isnan)
                  007fa8c0    00000040                     : args_main.c.obj (.text:_args_main)
                  007fa900    00000040                     : snprintf.c.obj (.text:_outc)
                  007fa940    00000040                     : sprintf.c.obj (.text:_outs)
                  007fa980    00000040     sysbios.ae674 : c62_TaskSupport_asm.obj (.text:_ti_sysbios_family_c62_TaskSupport_buildTaskStack)
                  007fa9c0    00000040     dss_pe674.oe674 (.text:free)
                  007faa00    00000040     libmathutils.ae674 : mathutils.oe674 (.text:mathUtils_floorLog2)
                  007faa40    00000040     dss_pe674.oe674 (.text:ti_sysbios_BIOS_exitFunc__I)
                  007faa80    00000040     dss_pe674.oe674 (.text:ti_sysbios_BIOS_rtsLock__I)
                  007faac0    00000040     dss_pe674.oe674 (.text:ti_sysbios_BIOS_rtsUnlock__I)
                  007fab00    00000040     sysbios.ae674 : BIOS.obj (.text:ti_sysbios_family_c64p_Hwi_disableInterrupt__E)
                  007fab40    00000040                   : BIOS.obj (.text:ti_sysbios_family_c64p_Hwi_enableInterrupt__E)
                  007fab80    00000040     dss_pe674.oe674 (.text:ti_sysbios_gates_GateHwi_Handle__label__S)
                  007fabc0    00000040     dss_pe674.oe674 (.text:ti_sysbios_gates_GateHwi_Object__delete__S)
                  007fac00    00000040     dss_pe674.oe674 (.text:ti_sysbios_gates_GateMutex_Handle__label__S)
                  007fac40    00000040     sysbios.ae674 : BIOS.obj (.text:ti_sysbios_gates_GateMutex_Instance_init__E)
                  007fac80    00000040                   : BIOS.obj (.text:ti_sysbios_gates_GateMutex_leave__E)
                  007facc0    00000040     dss_pe674.oe674 (.text:ti_sysbios_heaps_HeapMem_Handle__label__S)
                  007fad00    00000040     dss_pe674.oe674 (.text:ti_sysbios_heaps_HeapMem_Object__delete__S)
                  007fad40    00000040     dss_pe674.oe674 (.text:ti_sysbios_heaps_HeapMem_Object__get__S)
                  007fad80    00000040     dss_pe674.oe674 (.text:ti_sysbios_knl_Semaphore_destruct)
                  007fadc0    00000040     dss_pe674.oe674 (.text:ti_sysbios_knl_Swi_Object__get__S)
                  007fae00    00000040     dss_pe674.oe674 (.text:ti_sysbios_knl_Task_Object__get__S)
                  007fae40    00000040     sysbios.ae674 : BIOS.obj (.text:ti_sysbios_knl_Task_sleepTimeout__I)
                  007fae80    00000040                   : BIOS.obj (.text:ti_sysbios_timers_rti_Timer_periodicStub__E)
                  007faec0    00000040     rts6740_elf.lib : wcslen.c.obj (.text:wcslen)
                  007faf00    00000040     ti.targets.rts6000.ae674 : Error.oe674 (.text:xdc_runtime_Error_check__E)
                  007faf40    00000040                              : Error.oe674 (.text:xdc_runtime_Error_init__E)
                  007faf80    00000040                              : Registry.oe674 (.text:xdc_runtime_Registry_findById__E)
                  007fafc0    00000040                              : System.oe674 (.text:xdc_runtime_System_abort__E)
                  007fb000    00000040     dss_pe674.oe674 (.text:xdc_runtime_System_aprintf__E)
                  007fb040    00000040     ti.targets.rts6000.ae674 : System.oe674 (.text:xdc_runtime_System_exit__E)
                  007fb080    00000040     dss_pe674.oe674 (.text:xdc_runtime_System_printf__E)
                  007fb0c0    00000020     libedma_xwr16xx.ae674 : edma_low_level.oe674 (.text:EDMA3ChannelToParamMap)
                  007fb0e0    00000020                           : edma_low_level.oe674 (.text:EDMA3ClrCCErr)
                  007fb100    00000020                           : edma_low_level.oe674 (.text:EDMA3DisableQdmaEvt)
                  007fb120    00000020                           : edma_low_level.oe674 (.text:EDMA3EnableQdmaEvt)
                  007fb140    00000020                           : edma_low_level.oe674 (.text:EDMA3ErrIntrHighStatusGet)
                  007fb160    00000020                           : edma_low_level.oe674 (.text:EDMA3GetCCErrStatus)
                  007fb180    00000020                           : edma_low_level.oe674 (.text:EDMA3GetErrIntrStatus)
                  007fb1a0    00000020                           : edma_low_level.oe674 (.text:EDMA3GetIntrStatus)
                  007fb1c0    00000020                           : edma_low_level.oe674 (.text:EDMA3IntrStatusHighGet)
                  007fb1e0    00000020                           : edma_low_level.oe674 (.text:EDMA3QdmaClrMissEvt)
                  007fb200    00000020                           : edma_low_level.oe674 (.text:EDMA3QdmaGetErrIntrStatus)
                  007fb220    00000020                           : edma.oe674 (.text:EDMA_getNumInstances)
                  007fb240    00000020                           : edma_low_level.oe674 (.text:EDMAsetRegion)
                  007fb260    00000020     libosal_xwr16xx.ae674 : HwiP_tirtos.oe674 (.text:HwiP_Params_init)
                  007fb280    00000020                           : HwiP_tirtos.oe674 (.text:HwiP_disableInterrupt)
                  007fb2a0    00000020     libtestlogger_xwr16xx.ae674 : logger.oe674 (.text:MCPI_setTestResult)
                  007fb2c0    00000020     libosal_xwr16xx.ae674 : MemoryP_tirtos.oe674 (.text:MemoryP_ctrlAlloc)
                  007fb2e0    00000020                           : MemoryP_tirtos.oe674 (.text:MemoryP_ctrlFree)
                  007fb300    00000020     rangeprocdsp_test.oe674 (.text:MmwDemo_EDMA_errorCallbackFxn)
                  007fb320    00000020     rangeprocdsp_test.oe674 (.text:MmwDemo_EDMA_transferControllerErrorCallbackFxn)
                  007fb340    00000020     libsoc_xwr16xx.ae674 : soc_xwr16xx.oe674 (.text:SOC_ungateClock)
                  007fb360    00000020     libosal_xwr16xx.ae674 : DebugP_tirtos.oe674 (.text:_DebugP_assert)
                  007fb380    00000020     rts6740_elf.lib : errno.c.obj (.text:__c6xabi_errno_addr)
                  007fb3a0    00000020                     : trunc.c.obj (.text:__c6xabi_trunc)
                  007fb3c0    00000020                     : push.asm.obj (.text:__pop_rts)
                  007fb3e0    00000020                     : push.asm.obj (.text:__push_rts)
                  007fb400    00000020                     : _lock.c.obj (.text:_nop)
                  007fb420    00000020                     : printf.c.obj (.text:_outc)
                  007fb440    00000020                     : sprintf.c.obj (.text:_outc)
                  007fb460    00000020                     : printf.c.obj (.text:_outs)
                  007fb480    00000020                     : _lock.c.obj (.text:_register_lock)
                  007fb4a0    00000020                     : _lock.c.obj (.text:_register_unlock)
                  007fb4c0    00000020                     : signbit.c.obj (.text:_signbit)
                  007fb4e0    00000020     sysbios.ae674 : c62_TaskSupport_asm.obj (.text:_ti_sysbios_family_c62_TaskSupport_glue)
                  007fb500    00000020     rts6740_elf.lib : exit.c.obj (.text:abort)
                  007fb520    00000020                     : fputc.c.obj (.text:putchar)
                  007fb540    00000020     dss_pe674.oe674 (.text:ti_sysbios_BIOS_RtsGateProxy_enter__E)
                  007fb560    00000020     dss_pe674.oe674 (.text:ti_sysbios_BIOS_RtsGateProxy_leave__E)
                  007fb580    00000020     sysbios.ae674 : BIOS.obj (.text:ti_sysbios_BIOS_exit__E)
                  007fb5a0    00000020                   : BIOS.obj (.text:ti_sysbios_BIOS_linkedWithIncorrectBootLibrary__E)
                  007fb5c0    00000020     dss_pe674.oe674 (.text:ti_sysbios_BIOS_nullFunc__I)
                  007fb5e0    00000020     sysbios.ae674 : BIOS.obj (.text:ti_sysbios_BIOS_setThreadType__E)
                  007fb600    00000020                   : BIOS.obj (.text:ti_sysbios_BIOS_start__E)
                  007fb620    00000020     dss_pe674.oe674 (.text:ti_sysbios_family_c62_TaskSupport_Module__startupDone__S)
                  007fb640    00000020     sysbios.ae674 : BIOS.obj (.text:ti_sysbios_family_c62_TaskSupport_checkStack__E)
                  007fb660    00000020                   : BIOS.obj (.text:ti_sysbios_family_c62_TaskSupport_getStackAlignment__E)
                  007fb680    00000020     dss_pe674.oe674 (.text:ti_sysbios_family_c64p_Hwi_Module__startupDone__F)
                  007fb6a0    00000020     sysbios.ae674 : BIOS.obj (.text:ti_sysbios_family_c64p_Hwi_clearInterrupt__E)
                  007fb6c0    00000020                   : BIOS.obj (.text:ti_sysbios_family_c64p_Hwi_startup__E)
                  007fb6e0    00000020                   : BIOS.obj (.text:ti_sysbios_family_c64p_Hwi_switchFromBootStack__E)
                  007fb700    00000020                   : BIOS.obj (.text:ti_sysbios_gates_GateHwi_Instance_init__E)
                  007fb720    00000020                   : BIOS.obj (.text:ti_sysbios_gates_GateHwi_enter__E)
                  007fb740    00000020                   : BIOS.obj (.text:ti_sysbios_gates_GateHwi_leave__E)
                  007fb760    00000020                   : BIOS.obj (.text:ti_sysbios_gates_GateHwi_query__E)
                  007fb780    00000020                   : BIOS.obj (.text:ti_sysbios_gates_GateMutex_Instance_finalize__E)
                  007fb7a0    00000020                   : BIOS.obj (.text:ti_sysbios_gates_GateMutex_query__E)
                  007fb7c0    00000020                   : BIOS.obj (.text:ti_sysbios_hal_Hwi_Module_startup__E)
                  007fb7e0    00000020     dss_pe674.oe674 (.text:ti_sysbios_heaps_HeapMem_Module_GateProxy_enter__E)
                  007fb800    00000020     dss_pe674.oe674 (.text:ti_sysbios_heaps_HeapMem_Module_GateProxy_leave__E)
                  007fb820    00000020     sysbios.ae674 : BIOS.obj (.text:ti_sysbios_heaps_HeapMem_isBlocking__E)
                  007fb840    00000020     dss_pe674.oe674 (.text:ti_sysbios_knl_Clock_TimerProxy_getMaxTicks__E)
                  007fb860    00000020     sysbios.ae674 : BIOS.obj (.text:ti_sysbios_knl_Idle_loop__E)
                  007fb880    00000020                   : BIOS.obj (.text:ti_sysbios_knl_Queue_Instance_init__E)
                  007fb8a0    00000020     dss_pe674.oe674 (.text:ti_sysbios_knl_Queue_Object__get__S)
                  007fb8c0    00000020     dss_pe674.oe674 (.text:ti_sysbios_knl_Queue_destruct)
                  007fb8e0    00000020     sysbios.ae674 : BIOS.obj (.text:ti_sysbios_knl_Queue_empty__E)
                  007fb900    00000020                   : BIOS.obj (.text:ti_sysbios_knl_Semaphore_Instance_finalize__E)
                  007fb920    00000020                   : BIOS.obj (.text:ti_sysbios_knl_Swi_disable__E)
                  007fb940    00000020     dss_pe674.oe674 (.text:ti_sysbios_knl_Task_Params__init__S)
                  007fb960    00000020     sysbios.ae674 : BIOS.obj (.text:ti_sysbios_knl_Task_disable__E)
                  007fb980    00000020                   : BIOS.obj (.text:ti_sysbios_knl_Task_startup__E)
                  007fb9a0    00000020     dss_pe674.oe674 (.text:ti_sysbios_timers_rti_Timer_Module__startupDone__F)
                  007fb9c0    00000020     sysbios.ae674 : BIOS.obj (.text:ti_sysbios_timers_rti_Timer_getMaxTicks__E)
                  007fb9e0    00000020     ti.targets.rts6000.ae674 : Error.oe674 (.text:xdc_runtime_Error_getSite__E)
                  007fba00    00000020                              : Error.oe674 (.text:xdc_runtime_Error_raiseX__E)
                  007fba20    00000020                              : Gate.oe674 (.text:xdc_runtime_Gate_enterSystem__E)
                  007fba40    00000020                              : Gate.oe674 (.text:xdc_runtime_Gate_leaveSystem__E)
                  007fba60    00000020     dss_pe674.oe674 (.text:xdc_runtime_IHeap_alloc)
                  007fba80    00000020     dss_pe674.oe674 (.text:xdc_runtime_IHeap_free)
                  007fbaa0    00000020     ti.targets.rts6000.ae674 : Memory.oe674 (.text:xdc_runtime_Memory_calloc__E)
                  007fbac0    00000020                              : Memory.oe674 (.text:xdc_runtime_Memory_free__E)
                  007fbae0    00000020                              : Memory.oe674 (.text:xdc_runtime_Memory_getMaxDefaultTypeAlign__E)
                  007fbb00    00000020     dss_pe674.oe674 (.text:xdc_runtime_Startup_exec__I)
                  007fbb20    00000020     dss_pe674.oe674 (.text:xdc_runtime_Startup_reset__I)
                  007fbb40    00000020     ti.targets.rts6000.ae674 : Startup.oe674 (.text:xdc_runtime_Startup_rtsDone__E)
                  007fbb60    00000020                              : SysStd.oe674 (.text:xdc_runtime_SysStd_exit__E)
                  007fbb80    00000020                              : SysStd.oe674 (.text:xdc_runtime_SysStd_putch__E)
                  007fbba0    00000020                              : SysStd.oe674 (.text:xdc_runtime_SysStd_ready__E)
                  007fbbc0    00000020     dss_pe674.oe674 (.text:xdc_runtime_System_Module_GateProxy_enter__E)
                  007fbbe0    00000020     dss_pe674.oe674 (.text:xdc_runtime_System_Module_GateProxy_leave__E)
                  007fbc00    00000020     ti.targets.rts6000.ae674 : System.oe674 (.text:xdc_runtime_System_Module_startup__E)
                  007fbc20    00000020                              : System.oe674 (.text:xdc_runtime_System_vsnprintf__E)
                  007fbc40    00000020                              : Text.oe674 (.text:xdc_runtime_Text_ropeText__E)
                  007fbc60    00000020     dss_pe674.oe674 (.text:xdc_runtime_Text_visitRope__I)

.fardata.1 
*          0    007fcc80    00000a06     
                  007fcc80    00000400     dss_pe674.oe674 (.fardata:ti_sysbios_family_c64p_EventCombiner_Module__state__V)
                  007fd080    00000080     dss_pe674.oe674 (.fardata:ti_sysbios_knl_Task_Module_State_0_readyQ__A)
                  007fd100    00000078     rts6740_elf.lib : write.c.obj (.fardata:_device)
                  007fd178    00000078     dss_pe674.oe674 (.fardata:ti_sysbios_family_c64p_Hwi_Object__table__V)
                  007fd1f0    0000006c     dss_pe674.oe674 (.fardata:ti_sysbios_family_c64p_Hwi_Module__state__V)
                  007fd25c    00000004     rts6740_elf.lib : _lock.c.obj (.fardata:_lock)
                  007fd260    0000005c     dss_pe674.oe674 (.fardata:ti_sysbios_knl_Task_Object__table__V)
                  007fd2bc    00000004     rts6740_elf.lib : _lock.c.obj (.fardata:_unlock)
                  007fd2c0    00000040                     : cos.c.obj (.fardata:R$1)
                  007fd300    00000040                     : sin.c.obj (.fardata:R$1)
                  007fd340    00000040     libsoc_xwr16xx.ae674 : soc_xwr16xx.oe674 (.fardata:SOC_TranslateAddr_LUT)
                  007fd380    00000040     rangeproc_interference.oe674 (.fardata:inverseLenArr)
                  007fd3c0    00000040     rangeproc_interference.oe674 (.fardata:rightShiftArr)
                  007fd400    00000040     dss_pe674.oe674 (.fardata:ti_sysbios_gates_GateMutex_Object__table__V)
                  007fd440    0000003c     dss_pe674.oe674 (.fardata:ti_sysbios_timers_rti_Timer_Object__table__V)
                  007fd47c    00000030     dss_pe674.oe674 (.fardata:ti_sysbios_family_c64p_Exception_Module__state__V)
                  007fd4ac    00000004     rts6740_elf.lib : defs.c.obj (.fardata)
                  007fd4b0    00000030     dss_pe674.oe674 (.fardata:ti_sysbios_knl_Swi_Object__table__V)
                  007fd4e0    0000002c     dss_pe674.oe674 (.fardata:ti_sysbios_knl_Clock_Module__state__V)
                  007fd50c    00000024     dss_pe674.oe674 (.fardata:ti_sysbios_BIOS_Module__state__V)
                  007fd530    00000020     libsoc_xwr16xx.ae674 : soc_xwr16xx_dss.oe674 (.fardata:gSOCHwAttrib)
                  007fd550    00000020     dss_pe674.oe674 (.fardata:xdc_runtime_Error_IgnoreBlock)
                  007fd570    00000020     dss_pe674.oe674 (.fardata:xdc_runtime_System_Module_State_0_atexitHandlers__A)
                  007fd590    0000001c     dss_pe674.oe674 (.fardata:ti_sysbios_knl_Swi_Module__state__V)
                  007fd5ac    00000004     rts6740_elf.lib : errno.c.obj (.fardata)
                  007fd5b0    00000018     dss_pe674.oe674 (.fardata:ti_sysbios_heaps_HeapMem_Object__table__V)
                  007fd5c8    00000018     dss_pe674.oe674 (.fardata:ti_sysbios_timers_rti_Timer_Module_State_0_device__A)
                  007fd5e0    00000010     dss_pe674.oe674 (.fardata:ti_sysbios_timers_rti_Timer_Module_State_0_intFreqs__A)
                  007fd5f0    00000010     dss_pe674.oe674 (.fardata:ti_sysbios_timers_rti_Timer_Module__state__V)
                  007fd600    0000000c     rts6740_elf.lib : exit.c.obj (.fardata)
                  007fd60c    00000008     rangeprocdsp_test.oe674 (.fardata:gCalibDcConfig)
                  007fd614    00000008     dss_pe674.oe674 (.fardata:ti_sysbios_gates_GateHwi_Module__root__V)
                  007fd61c    00000008     dss_pe674.oe674 (.fardata:ti_sysbios_gates_GateMutex_Module__root__V)
                  007fd624    00000004     rts6740_elf.lib : fopen.c.obj (.fardata)
                  007fd628    00000008     dss_pe674.oe674 (.fardata:ti_sysbios_hal_Hwi_Object__table__V)
                  007fd630    00000008     dss_pe674.oe674 (.fardata:ti_sysbios_heaps_HeapMem_Module__root__V)
                  007fd638    00000008     dss_pe674.oe674 (.fardata:ti_sysbios_knl_Queue_Module__root__V)
                  007fd640    00000008     dss_pe674.oe674 (.fardata:ti_sysbios_knl_Semaphore_Module__root__V)
                  007fd648    00000008     dss_pe674.oe674 (.fardata:ti_sysbios_knl_Task_Module__root__V)
                  007fd650    00000008     dss_pe674.oe674 (.fardata:ti_sysbios_timers_rti_Timer_Module_State_0_handles__A)
                  007fd658    00000008     dss_pe674.oe674 (.fardata:xdc_runtime_Registry_Module__state__V)
                  007fd660    00000008     dss_pe674.oe674 (.fardata:xdc_runtime_Startup_Module__state__V)
                  007fd668    00000008     dss_pe674.oe674 (.fardata:xdc_runtime_System_Module__state__V)
                  007fd670    00000004     rts6740_elf.lib : open.c.obj (.fardata)
                  007fd674    00000004     dss_pe674.oe674 (.fardata:ti_sysbios_family_c64p_Cache_Module__state__V)
                  007fd678    00000004     dss_pe674.oe674 (.fardata:ti_sysbios_gates_GateHwi_Object__table__V)
                  007fd67c    00000004     dss_pe674.oe674 (.fardata:xdc_runtime_Memory_Module__state__V)
                  007fd680    00000004     dss_pe674.oe674 (.fardata:ti_sysbios_knl_Task_Module_State_0_idleTask__A)
                  007fd684    00000002     dss_pe674.oe674 (.fardata:xdc_runtime_Error_Module__state__V)

.cio       0    007fd688    00000120     UNINITIALIZED
                  007fd688    00000120     rts6740_elf.lib : trgmsg.c.obj (.cio)

.switch    0    007fd7a8    00000058     
                  007fd7a8    00000038     rts6740_elf.lib : _printfi.c.obj (.switch:__TI_printfi)
                  007fd7e0    00000010     libsoc_xwr16xx.ae674 : soc_xwr16xx_dss.oe674 (.switch:SOC_getInAddr_LUTType)
                  007fd7f0    00000010                          : soc_xwr16xx_dss.oe674 (.switch:SOC_getOutAddr_LUTType)

.dataBufL2 
*          0    00800000    00009480     UNINITIALIZED
                  00800000    00009480     rangeprocdsp_test.oe674 (.dataBufL2)

systemHeap 
*          0    008123a8    00008000     UNINITIALIZED
                  008123a8    00008000     dss_pe674.oe674 (systemHeap)

.const     0    0081a3a8    000034fe     
                  0081a3a8    000019be     dss_pe674.oe674 (.const:xdc_runtime_Text_charTab__A)
                  0081bd66    00000002     dss_pe674.oe674 (.const:ti_sysbios_family_c64p_Cache_Module__id__C)
                  0081bd68    00000800     libmmwavealg_xwr16xx.ae674 : mmwavelib_ffttwiddle_gen.oe674 (.const:mmwavelib_twiddleTableCommon)
                  0081c568    00000518     sysbios.ae674 : BIOS.obj (.const:.string)
                  0081ca80    000003e4     rangeprocdsp_test.oe674 (.const:.string)
                  0081ce64    00000004     ti.targets.rts6000.ae674 : Assert.oe674 (.const:.string)
                  0081ce68    00000101     rts6740_elf.lib : ctype.c.obj (.const:.string:_ctypes_)
                  0081cf69    00000001     --HOLE-- [fill = 0]
                  0081cf6a    00000002     dss_pe674.oe674 (.const:ti_sysbios_family_c64p_EventCombiner_Module__id__C)
                  0081cf6c    00000004     dss_pe674.oe674 (.const:ti_sysbios_family_c62_TaskSupport_stackAlignment__C)
                  0081cf70    000000c8     dss_pe674.oe674 (.const:xdc_runtime_Text_nodeTab__A)
                  0081d038    00000094     libtestlogger_xwr16xx.ae674 : logger.oe674 (.const:.string)
                  0081d0cc    00000074     dss_pe674.oe674 (.const:.string)
                  0081d140    00000070     libmmwavealg_xwr16xx.ae674 : mmwavelib_ffttwiddle_gen.oe674 (.const:mmwavelib_twiddleTableLargeFFTSize)
                  0081d1b0    00000058     libedma_xwr16xx.ae674 : edma.oe674 (.const:.string)
                  0081d208    00000058     ti.targets.rts6000.ae674 : Error.oe674 (.const:.string)
                  0081d260    00000044     dss_pe674.oe674 (.const:ti_sysbios_knl_Task_Object__PARAMS__C)
                  0081d2a4    00000040     ti.targets.rts6000.ae674 : Text.oe674 (.const:.string)
                  0081d2e4    0000003c     libsoc_xwr16xx.ae674 : soc_xwr16xx_dss.oe674 (.const:.string)
                  0081d320    00000038     libedma_xwr16xx.ae674 : edma_xwr1xxx.oe674 (.const:gEdmaHwAttrs)
                  0081d358    0000002c     ti.targets.rts6000.ae674 : Startup.oe674 (.const:.string)
                  0081d384    00000028     dss_pe674.oe674 (.const:ti_sysbios_heaps_HeapMem_Module__FXNS__C)
                  0081d3ac    00000004     dss_pe674.oe674 (.const:ti_sysbios_family_c64p_Cache_E_invalidL1CacheSize__C)
                  0081d3b0    00000028     dss_pe674.oe674 (.const:xdc_runtime_Startup_sfxnTab__A)
                  0081d3d8    00000024     rts6740_elf.lib : _printfi.c.obj (.const:.string)
                  0081d3fc    00000024     dss_pe674.oe674 (.const:ti_sysbios_gates_GateHwi_Module__FXNS__C)
                  0081d420    00000024     dss_pe674.oe674 (.const:ti_sysbios_gates_GateMutex_Module__FXNS__C)
                  0081d444    00000024     dss_pe674.oe674 (.const:ti_sysbios_heaps_HeapMem_Object__PARAMS__C)
                  0081d468    00000024     dss_pe674.oe674 (.const:ti_sysbios_knl_Semaphore_Object__PARAMS__C)
                  0081d48c    00000020     dss_pe674.oe674 (.const:ti_sysbios_gates_GateHwi_Object__DESC__C)
                  0081d4ac    00000020     dss_pe674.oe674 (.const:ti_sysbios_gates_GateMutex_Object__DESC__C)
                  0081d4cc    00000020     dss_pe674.oe674 (.const:ti_sysbios_heaps_HeapMem_Object__DESC__C)
                  0081d4ec    00000020     dss_pe674.oe674 (.const:ti_sysbios_knl_Queue_Object__DESC__C)
                  0081d50c    00000020     dss_pe674.oe674 (.const:ti_sysbios_knl_Semaphore_Object__DESC__C)
                  0081d52c    00000020     dss_pe674.oe674 (.const:ti_sysbios_knl_Task_Object__DESC__C)
                  0081d54c    0000001c     libosal_xwr16xx.ae674 : HwiP_tirtos.oe674 (.const:.string)
                  0081d568    00000018     ti.targets.rts6000.ae674 : System.oe674 (.const:.string)
                  0081d580    00000018     dss_pe674.oe674 (.const:ti_sysbios_gates_GateHwi_Object__PARAMS__C)
                  0081d598    00000018     dss_pe674.oe674 (.const:ti_sysbios_gates_GateMutex_Object__PARAMS__C)
                  0081d5b0    00000018     dss_pe674.oe674 (.const:ti_sysbios_knl_Queue_Object__PARAMS__C)
                  0081d5c8    00000014     dss_pe674.oe674 (.const:xdc_runtime_Startup_sfxnRts__A)
                  0081d5dc    00000004     dss_pe674.oe674 (.const:ti_sysbios_family_c64p_Cache_E_invalidL2CacheSize__C)
                  0081d5e0    00000010     libedma_xwr16xx.ae674 : edma.oe674 (.const:EDMA_config$1)
                  0081d5f0    00000010     dss_pe674.oe674 (.const:ti_sysbios_family_c64p_EventCombiner_EVTMASK__C)
                  0081d600    0000000c     libmmwavealg_xwr16xx.ae674 : mmwavelib_ffttwiddle_gen.oe674 (.const:$P$T1$2)
                  0081d60c    00000008     dss_pe674.oe674 (.const:ti_sysbios_knl_Idle_funcList__C)
                  0081d614    00000004     dss_pe674.oe674 (.const:ti_sysbios_family_c64p_Cache_MAR0_31__C)
                  0081d618    00000008     dss_pe674.oe674 (.const:xdc_runtime_Startup_firstFxns__A)
                  0081d620    00000008     dss_pe674.oe674 (.const:xdc_runtime_Startup_firstFxns__C)
                  0081d628    00000008     dss_pe674.oe674 (.const:xdc_runtime_Startup_lastFxns__C)
                  0081d630    00000006     rangeprocdsp_test.oe674 (.const:$P$T0$1)
                  0081d636    00000002     dss_pe674.oe674 (.const:ti_sysbios_family_c64p_Exception_Module__id__C)
                  0081d638    00000004     dss_pe674.oe674 (.const:ti_sysbios_family_c64p_Cache_MAR128_159__C)
                  0081d63c    00000004     dss_pe674.oe674 (.const:ti_sysbios_family_c64p_Cache_MAR160_191__C)
                  0081d640    00000004     dss_pe674.oe674 (.const:ti_sysbios_family_c64p_Cache_MAR192_223__C)
                  0081d644    00000004     dss_pe674.oe674 (.const:ti_sysbios_family_c64p_Cache_MAR224_255__C)
                  0081d648    00000004     dss_pe674.oe674 (.const:ti_sysbios_family_c64p_Cache_MAR32_63__C)
                  0081d64c    00000004     dss_pe674.oe674 (.const:ti_sysbios_family_c64p_Cache_MAR64_95__C)
                  0081d650    00000004     dss_pe674.oe674 (.const:ti_sysbios_family_c64p_Cache_MAR96_127__C)
                  0081d654    00000004     dss_pe674.oe674 (.const:ti_sysbios_family_c64p_EventCombiner_A_invalidEventId__C)
                  0081d658    00000004     dss_pe674.oe674 (.const:ti_sysbios_family_c64p_EventCombiner_EVTRegs__C)
                  0081d65c    00000004     dss_pe674.oe674 (.const:ti_sysbios_family_c64p_EventCombiner_E_unpluggedEvent__C)
                  0081d660    00000004     dss_pe674.oe674 (.const:ti_sysbios_family_c64p_EventCombiner_Module__diagsEnabled__C)
                  0081d664    00000004     dss_pe674.oe674 (.const:ti_sysbios_family_c64p_EventCombiner_Module__diagsIncluded__C)
                  0081d668    00000004     dss_pe674.oe674 (.const:ti_sysbios_family_c64p_EventCombiner_Module__diagsMask__C)
                  0081d66c    00000004     dss_pe674.oe674 (.const:ti_sysbios_family_c64p_Exception_E_exceptionMax__C)
                  0081d670    00000004     dss_pe674.oe674 (.const:ti_sysbios_family_c64p_Exception_exceptionHook__C)
                  0081d674    00000004     dss_pe674.oe674 (.const:ti_sysbios_family_c64p_Exception_externalHook__C)
                  0081d678    00000004     dss_pe674.oe674 (.const:ti_sysbios_family_c64p_Exception_internalHook__C)
                  0081d67c    00000004     dss_pe674.oe674 (.const:ti_sysbios_family_c64p_Exception_nmiHook__C)
                  0081d680    00000004     dss_pe674.oe674 (.const:ti_sysbios_family_c64p_Hwi_INTRMUX1Address__C)
                  0081d684    00000004     dss_pe674.oe674 (.const:ti_sysbios_family_c64p_Hwi_LD_end__C)
                  0081d688    00000004     dss_pe674.oe674 (.const:ti_sysbios_family_c64p_Hwi_LM_begin__C)
                  0081d68c    00000004     dss_pe674.oe674 (.const:ti_sysbios_family_c64p_Hwi_Module__diagsEnabled__C)
                  0081d690    00000004     dss_pe674.oe674 (.const:ti_sysbios_family_c64p_Hwi_Module__diagsIncluded__C)
                  0081d694    00000004     dss_pe674.oe674 (.const:ti_sysbios_family_c64p_Hwi_Module__diagsMask__C)
                  0081d698    00000004     dss_pe674.oe674 (.const:ti_sysbios_family_c64p_Hwi_Module__loggerFxn1__C)
                  0081d69c    00000004     dss_pe674.oe674 (.const:ti_sysbios_family_c64p_Hwi_Module__loggerFxn8__C)
                  0081d6a0    00000004     dss_pe674.oe674 (.const:ti_sysbios_family_c64p_Hwi_Module__loggerObj__C)
                  0081d6a4    00000004     dss_pe674.oe674 (.const:ti_sysbios_gates_GateMutex_A_badContext__C)
                  0081d6a8    00000004     dss_pe674.oe674 (.const:ti_sysbios_gates_GateMutex_Instance_State_sem__O)
                  0081d6ac    00000004     dss_pe674.oe674 (.const:ti_sysbios_gates_GateMutex_Module__diagsEnabled__C)
                  0081d6b0    00000004     dss_pe674.oe674 (.const:ti_sysbios_gates_GateMutex_Module__diagsIncluded__C)
                  0081d6b4    00000004     dss_pe674.oe674 (.const:ti_sysbios_gates_GateMutex_Module__diagsMask__C)
                  0081d6b8    00000004     dss_pe674.oe674 (.const:ti_sysbios_hal_Hwi_E_stackOverflow__C)
                  0081d6bc    00000004     dss_pe674.oe674 (.const:ti_sysbios_heaps_HeapMem_A_align__C)
                  0081d6c0    00000004     dss_pe674.oe674 (.const:ti_sysbios_heaps_HeapMem_A_heapSize__C)
                  0081d6c4    00000004     dss_pe674.oe674 (.const:ti_sysbios_heaps_HeapMem_A_invalidFree__C)
                  0081d6c8    00000004     dss_pe674.oe674 (.const:ti_sysbios_heaps_HeapMem_A_zeroBlock__C)
                  0081d6cc    00000004     dss_pe674.oe674 (.const:ti_sysbios_heaps_HeapMem_E_memory__C)
                  0081d6d0    00000004     dss_pe674.oe674 (.const:ti_sysbios_heaps_HeapMem_Module__diagsEnabled__C)
                  0081d6d4    00000004     dss_pe674.oe674 (.const:ti_sysbios_heaps_HeapMem_Module__diagsIncluded__C)
                  0081d6d8    00000004     dss_pe674.oe674 (.const:ti_sysbios_heaps_HeapMem_Module__diagsMask__C)
                  0081d6dc    00000004     dss_pe674.oe674 (.const:ti_sysbios_heaps_HeapMem_Module__gateObj__C)
                  0081d6e0    00000004     dss_pe674.oe674 (.const:ti_sysbios_heaps_HeapMem_Object__count__C)
                  0081d6e4    00000004     dss_pe674.oe674 (.const:ti_sysbios_heaps_HeapMem_reqAlign__C)
                  0081d6e8    00000004     dss_pe674.oe674 (.const:ti_sysbios_knl_Clock_LM_begin__C)
                  0081d6ec    00000004     dss_pe674.oe674 (.const:ti_sysbios_knl_Clock_LM_tick__C)
                  0081d6f0    00000004     dss_pe674.oe674 (.const:ti_sysbios_knl_Clock_LW_delayed__C)
                  0081d6f4    00000004     dss_pe674.oe674 (.const:ti_sysbios_knl_Clock_Module_State_clockQ__O)
                  0081d6f8    00000004     dss_pe674.oe674 (.const:ti_sysbios_knl_Clock_Module__diagsEnabled__C)
                  0081d6fc    00000004     dss_pe674.oe674 (.const:ti_sysbios_knl_Clock_Module__diagsIncluded__C)
                  0081d700    00000004     dss_pe674.oe674 (.const:ti_sysbios_knl_Clock_Module__diagsMask__C)
                  0081d704    00000004     dss_pe674.oe674 (.const:ti_sysbios_knl_Clock_Module__loggerFxn1__C)
                  0081d708    00000004     dss_pe674.oe674 (.const:ti_sysbios_knl_Clock_Module__loggerFxn2__C)
                  0081d70c    00000004     dss_pe674.oe674 (.const:ti_sysbios_knl_Clock_Module__loggerObj__C)
                  0081d710    00000004     dss_pe674.oe674 (.const:ti_sysbios_knl_Idle_funcList__A)
                  0081d714    00000004     dss_pe674.oe674 (.const:ti_sysbios_knl_Semaphore_A_badContext__C)
                  0081d718    00000004     dss_pe674.oe674 (.const:ti_sysbios_knl_Semaphore_A_noEvents__C)
                  0081d71c    00000004     dss_pe674.oe674 (.const:ti_sysbios_knl_Semaphore_A_overflow__C)
                  0081d720    00000004     dss_pe674.oe674 (.const:ti_sysbios_knl_Semaphore_A_pendTaskDisabled__C)
                  0081d724    00000004     dss_pe674.oe674 (.const:ti_sysbios_knl_Semaphore_Instance_State_pendQ__O)
                  0081d728    00000004     dss_pe674.oe674 (.const:ti_sysbios_knl_Semaphore_LM_pend__C)
                  0081d72c    00000004     dss_pe674.oe674 (.const:ti_sysbios_knl_Semaphore_LM_post__C)
                  0081d730    00000004     dss_pe674.oe674 (.const:ti_sysbios_knl_Semaphore_Module__diagsEnabled__C)
                  0081d734    00000004     dss_pe674.oe674 (.const:ti_sysbios_knl_Semaphore_Module__diagsIncluded__C)
                  0081d738    00000004     dss_pe674.oe674 (.const:ti_sysbios_knl_Semaphore_Module__diagsMask__C)
                  0081d73c    00000004     dss_pe674.oe674 (.const:ti_sysbios_knl_Semaphore_Module__loggerFxn2__C)
                  0081d740    00000004     dss_pe674.oe674 (.const:ti_sysbios_knl_Semaphore_Module__loggerFxn4__C)
                  0081d744    00000004     dss_pe674.oe674 (.const:ti_sysbios_knl_Semaphore_Module__loggerObj__C)
                  0081d748    00000004     dss_pe674.oe674 (.const:ti_sysbios_knl_Swi_LD_end__C)
                  0081d74c    00000004     dss_pe674.oe674 (.const:ti_sysbios_knl_Swi_LM_begin__C)
                  0081d750    00000004     dss_pe674.oe674 (.const:ti_sysbios_knl_Swi_LM_post__C)
                  0081d754    00000004     dss_pe674.oe674 (.const:ti_sysbios_knl_Swi_Module__diagsEnabled__C)
                  0081d758    00000004     dss_pe674.oe674 (.const:ti_sysbios_knl_Swi_Module__diagsIncluded__C)
                  0081d75c    00000004     dss_pe674.oe674 (.const:ti_sysbios_knl_Swi_Module__diagsMask__C)
                  0081d760    00000004     dss_pe674.oe674 (.const:ti_sysbios_knl_Swi_Module__loggerFxn1__C)
                  0081d764    00000004     dss_pe674.oe674 (.const:ti_sysbios_knl_Swi_Module__loggerFxn4__C)
                  0081d768    00000004     dss_pe674.oe674 (.const:ti_sysbios_knl_Swi_Module__loggerObj__C)
                  0081d76c    00000004     dss_pe674.oe674 (.const:ti_sysbios_knl_Swi_Object__count__C)
                  0081d770    00000004     dss_pe674.oe674 (.const:ti_sysbios_knl_Task_A_badPriority__C)
                  0081d774    00000004     dss_pe674.oe674 (.const:ti_sysbios_knl_Task_A_badTaskState__C)
                  0081d778    00000004     dss_pe674.oe674 (.const:ti_sysbios_knl_Task_A_badThreadType__C)
                  0081d77c    00000004     dss_pe674.oe674 (.const:ti_sysbios_knl_Task_A_badTimeout__C)
                  0081d780    00000004     dss_pe674.oe674 (.const:ti_sysbios_knl_Task_A_noPendElem__C)
                  0081d784    00000004     dss_pe674.oe674 (.const:ti_sysbios_knl_Task_A_sleepTaskDisabled__C)
                  0081d788    00000004     dss_pe674.oe674 (.const:ti_sysbios_knl_Task_E_spOutOfBounds__C)
                  0081d78c    00000004     dss_pe674.oe674 (.const:ti_sysbios_knl_Task_E_stackOverflow__C)
                  0081d790    00000004     dss_pe674.oe674 (.const:ti_sysbios_knl_Task_LD_block__C)
                  0081d794    00000004     dss_pe674.oe674 (.const:ti_sysbios_knl_Task_LD_exit__C)
                  0081d798    00000004     dss_pe674.oe674 (.const:ti_sysbios_knl_Task_LD_ready__C)
                  0081d79c    00000004     dss_pe674.oe674 (.const:ti_sysbios_knl_Task_LM_sleep__C)
                  0081d7a0    00000004     dss_pe674.oe674 (.const:ti_sysbios_knl_Task_LM_switch__C)
                  0081d7a4    00000004     dss_pe674.oe674 (.const:ti_sysbios_knl_Task_Module_State_inactiveQ__O)
                  0081d7a8    00000004     dss_pe674.oe674 (.const:ti_sysbios_knl_Task_Module__diagsEnabled__C)
                  0081d7ac    00000004     dss_pe674.oe674 (.const:ti_sysbios_knl_Task_Module__diagsIncluded__C)
                  0081d7b0    00000004     dss_pe674.oe674 (.const:ti_sysbios_knl_Task_Module__diagsMask__C)
                  0081d7b4    00000004     dss_pe674.oe674 (.const:ti_sysbios_knl_Task_Module__loggerFxn2__C)
                  0081d7b8    00000004     dss_pe674.oe674 (.const:ti_sysbios_knl_Task_Module__loggerFxn4__C)
                  0081d7bc    00000004     dss_pe674.oe674 (.const:ti_sysbios_knl_Task_Module__loggerObj__C)
                  0081d7c0    00000004     dss_pe674.oe674 (.const:ti_sysbios_knl_Task_Object__count__C)
                  0081d7c4    00000004     dss_pe674.oe674 (.const:ti_sysbios_knl_Task_allBlockedFunc__C)
                  0081d7c8    00000004     dss_pe674.oe674 (.const:ti_sysbios_knl_Task_defaultStackHeap__C)
                  0081d7cc    00000004     dss_pe674.oe674 (.const:ti_sysbios_knl_Task_defaultStackSize__C)
                  0081d7d0    00000004     dss_pe674.oe674 (.const:ti_sysbios_knl_Task_numConstructedTasks__C)
                  0081d7d4    00000004     dss_pe674.oe674 (.const:ti_sysbios_timers_rti_Timer_E_cannotSupport__C)
                  0081d7d8    00000004     dss_pe674.oe674 (.const:ti_sysbios_timers_rti_Timer_Module__diagsEnabled__C)
                  0081d7dc    00000004     dss_pe674.oe674 (.const:ti_sysbios_timers_rti_Timer_Module__diagsIncluded__C)
                  0081d7e0    00000004     dss_pe674.oe674 (.const:ti_sysbios_timers_rti_Timer_Module__diagsMask__C)
                  0081d7e4    00000004     dss_pe674.oe674 (.const:ti_sysbios_timers_rti_Timer_numTimerDevices__C)
                  0081d7e8    00000004     dss_pe674.oe674 (.const:ti_sysbios_timers_rti_Timer_startupNeeded__C)
                  0081d7ec    00000004     dss_pe674.oe674 (.const:xdc_runtime_Assert_E_assertFailed__C)
                  0081d7f0    00000004     dss_pe674.oe674 (.const:xdc_runtime_Core_A_initializedParams__C)
                  0081d7f4    00000004     dss_pe674.oe674 (.const:xdc_runtime_Core_Module__diagsEnabled__C)
                  0081d7f8    00000004     dss_pe674.oe674 (.const:xdc_runtime_Core_Module__diagsIncluded__C)
                  0081d7fc    00000004     dss_pe674.oe674 (.const:xdc_runtime_Core_Module__diagsMask__C)
                  0081d800    00000004     dss_pe674.oe674 (.const:xdc_runtime_Error_E_memory__C)
                  0081d804    00000004     dss_pe674.oe674 (.const:xdc_runtime_Error_Module__diagsEnabled__C)
                  0081d808    00000004     dss_pe674.oe674 (.const:xdc_runtime_Error_Module__diagsIncluded__C)
                  0081d80c    00000004     dss_pe674.oe674 (.const:xdc_runtime_Error_Module__diagsMask__C)
                  0081d810    00000004     dss_pe674.oe674 (.const:xdc_runtime_Error_Module__loggerFxn8__C)
                  0081d814    00000004     dss_pe674.oe674 (.const:xdc_runtime_Error_Module__loggerObj__C)
                  0081d818    00000004     dss_pe674.oe674 (.const:xdc_runtime_Error_policyFxn__C)
                  0081d81c    00000004     dss_pe674.oe674 (.const:xdc_runtime_Error_policy__C)
                  0081d820    00000004     dss_pe674.oe674 (.const:xdc_runtime_Error_raiseHook__C)
                  0081d824    00000004     dss_pe674.oe674 (.const:xdc_runtime_IGateProvider_Interface__BASE__C)
                  0081d828    00000004     dss_pe674.oe674 (.const:xdc_runtime_IHeap_Interface__BASE__C)
                  0081d82c    00000004     dss_pe674.oe674 (.const:xdc_runtime_IModule_Interface__BASE__C)
                  0081d830    00000004     dss_pe674.oe674 (.const:xdc_runtime_Log_L_error__C)
                  0081d834    00000004     dss_pe674.oe674 (.const:xdc_runtime_Memory_defaultHeapInstance__C)
                  0081d838    00000004     dss_pe674.oe674 (.const:xdc_runtime_Startup_execImpl__C)
                  0081d83c    00000004     dss_pe674.oe674 (.const:xdc_runtime_Startup_maxPasses__C)
                  0081d840    00000004     dss_pe674.oe674 (.const:xdc_runtime_Startup_sfxnRts__C)
                  0081d844    00000004     dss_pe674.oe674 (.const:xdc_runtime_Startup_sfxnTab__C)
                  0081d848    00000004     dss_pe674.oe674 (.const:xdc_runtime_System_Module__gateObj__C)
                  0081d84c    00000004     dss_pe674.oe674 (.const:xdc_runtime_System_abortFxn__C)
                  0081d850    00000004     dss_pe674.oe674 (.const:xdc_runtime_System_exitFxn__C)
                  0081d854    00000004     dss_pe674.oe674 (.const:xdc_runtime_System_extendFxn__C)
                  0081d858    00000004     dss_pe674.oe674 (.const:xdc_runtime_System_maxAtexitHandlers__C)
                  0081d85c    00000004     dss_pe674.oe674 (.const:xdc_runtime_Text_charTab__C)
                  0081d860    00000004     dss_pe674.oe674 (.const:xdc_runtime_Text_nameEmpty__C)
                  0081d864    00000004     dss_pe674.oe674 (.const:xdc_runtime_Text_nameStatic__C)
                  0081d868    00000004     dss_pe674.oe674 (.const:xdc_runtime_Text_nameUnknown__C)
                  0081d86c    00000004     dss_pe674.oe674 (.const:xdc_runtime_Text_nodeTab__C)
                  0081d870    00000004     dss_pe674.oe674 (.const:xdc_runtime_Text_visitRopeFxn__C)
                  0081d874    00000002     dss_pe674.oe674 (.const:ti_sysbios_family_c64p_Exception_useInternalBuffer__C)
                  0081d876    00000002     dss_pe674.oe674 (.const:ti_sysbios_family_c64p_Hwi_Module__id__C)
                  0081d878    00000002     dss_pe674.oe674 (.const:ti_sysbios_family_c64p_Hwi_Module__loggerDefined__C)
                  0081d87a    00000002     dss_pe674.oe674 (.const:ti_sysbios_gates_GateMutex_Module__id__C)
                  0081d87c    00000002     dss_pe674.oe674 (.const:ti_sysbios_hal_Hwi_Module__id__C)
                  0081d87e    00000002     dss_pe674.oe674 (.const:ti_sysbios_heaps_HeapMem_Module__id__C)
                  0081d880    00000002     dss_pe674.oe674 (.const:ti_sysbios_knl_Clock_Module__id__C)
                  0081d882    00000002     dss_pe674.oe674 (.const:ti_sysbios_knl_Clock_Module__loggerDefined__C)
                  0081d884    00000002     dss_pe674.oe674 (.const:ti_sysbios_knl_Semaphore_Module__id__C)
                  0081d886    00000002     dss_pe674.oe674 (.const:ti_sysbios_knl_Semaphore_Module__loggerDefined__C)
                  0081d888    00000002     dss_pe674.oe674 (.const:ti_sysbios_knl_Swi_Module__id__C)
                  0081d88a    00000002     dss_pe674.oe674 (.const:ti_sysbios_knl_Swi_Module__loggerDefined__C)
                  0081d88c    00000002     dss_pe674.oe674 (.const:ti_sysbios_knl_Task_Module__id__C)
                  0081d88e    00000002     dss_pe674.oe674 (.const:ti_sysbios_knl_Task_Module__loggerDefined__C)
                  0081d890    00000002     dss_pe674.oe674 (.const:ti_sysbios_timers_rti_Timer_Module__id__C)
                  0081d892    00000002     dss_pe674.oe674 (.const:ti_sysbios_timers_rti_Timer_continueOnSuspend__C)
                  0081d894    00000002     dss_pe674.oe674 (.const:xdc_runtime_Core_Module__id__C)
                  0081d896    00000002     dss_pe674.oe674 (.const:xdc_runtime_Error_Module__loggerDefined__C)
                  0081d898    00000002     dss_pe674.oe674 (.const:xdc_runtime_Error_maxDepth__C)
                  0081d89a    00000002     dss_pe674.oe674 (.const:xdc_runtime_Main_Module__id__C)
                  0081d89c    00000002     dss_pe674.oe674 (.const:xdc_runtime_Memory_Module__id__C)
                  0081d89e    00000002     dss_pe674.oe674 (.const:xdc_runtime_Text_charCnt__C)
                  0081d8a0    00000002     dss_pe674.oe674 (.const:xdc_runtime_Text_isLoaded__C)
                  0081d8a2    00000002     dss_pe674.oe674 (.const:xdc_runtime_Text_registryModsLastId__C)
                  0081d8a4    00000002     dss_pe674.oe674 (.const:xdc_runtime_Text_unnamedModsLastId__C)

.fardata.2 
*          0    0081fca8    00000358     
                  0081fca8    000001e0     rts6740_elf.lib : defs.c.obj (.fardata:_ftable)
                  0081fe88    000000a0                     : write.c.obj (.fardata:_stream)
                  0081ff28    00000080     dss_pe674.oe674 (.fardata:ti_sysbios_knl_Swi_Module_State_0_readyQ__A)
                  0081ffa8    00000048     dss_pe674.oe674 (.fardata:ti_sysbios_knl_Task_Module__state__V)
                  0081fff0    00000010     rangeprocdsp_test.oe674 (.fardata:gIntfMitgConfig)

MODULE SUMMARY

       Module                           code     ro data   rw data
       ------                           ----     -------   -------
    C:\projects\interference\interference_lab\victim\xwr16xx\mmw\datapath\dpu\rangeproc\test\c674_configPkg_xwr16xx\package\cfg\
       dss_pe674.oe674                  4320     8174      37066  
    +--+--------------------------------+--------+---------+---------+
       Total:                           4320     8174      37066  
                                                                  
    obj_xwr16xx\
       rangeprocdsp_test.oe674          9856     1002      393640 
       rangeprocdsp.oe674               4512     0         0      
       rangeproc_interference.oe674     2624     0         128    
       dpedma.oe674                     1056     0         0      
    +--+--------------------------------+--------+---------+---------+
       Total:                           18048    1002      393768 
                                                                  
    C:/ti/dsplib_c64Px_3_4_0_0/packages/ti/dsplib/lib/dsplib.ae64P
       DSP_fft16x16_imre_sa.oe64P       768      0         0      
    +--+--------------------------------+--------+---------+---------+
       Total:                           768      0         0      
                                                                  
    C:/ti/mathlib_c674x_3_1_2_1/packages/ti/mathlib/lib/mathlib.ae674
       cossp.oe674                      288      0         0      
       sinsp.oe674                      288      0         0      
    +--+--------------------------------+--------+---------+---------+
       Total:                           576      0         0      
                                                                  
    C:/ti/mmwave_sdk_03_05_00_04/packages/ti/alg/mmwavelib/lib/libmmwavealg_xwr16xx.ae674
[...]
007fd600  __TI_cleanup_ptr                                             
007fd604  __TI_dtors_ptr                                               
007fd608  __TI_enable_exit_profile_output                              
007fd60c  gCalibDcConfig                                               
007fd614  ti_sysbios_gates_GateHwi_Module__root__V                     
007fd61c  ti_sysbios_gates_GateMutex_Module__root__V                   
007fd628  ti_sysbios_hal_Hwi_Object__table__V                          
007fd630  ti_sysbios_heaps_HeapMem_Module__root__V                     
007fd638  ti_sysbios_knl_Queue_Module__root__V                         
007fd640  ti_sysbios_knl_Semaphore_Module__root__V                     
007fd648  ti_sysbios_knl_Task_Module__root__V                          
007fd650  ti_sysbios_timers_rti_Timer_Module_State_0_handles__A        
007fd658  xdc_runtime_Registry_Module__state__V                        
007fd660  xdc_runtime_Startup_Module__state__V                         
007fd668  xdc_runtime_System_Module__state__V                          
007fd674  ti_sysbios_family_c64p_Cache_Module__state__V                
007fd678  ti_sysbios_gates_GateHwi_Object__table__V                    
007fd67c  xdc_runtime_Memory_Module__state__V                          
007fd680  ti_sysbios_knl_Task_Module_State_0_idleTask__A               
007fd684  xdc_runtime_Error_Module__state__V                           
007fd688  __CIOBUF_                                                    
007fd800  __TI_STATIC_BASE                                             
007fd800  adcDataIn                                                    
007fd804  edmaHandle                                                   
007fd808  fileId                                                       
007fd80c  rangeProcDpuHandle                                           
007fd810  socHandle                                                    
007fd814  finalResults                                                 
007fd815  testFeatureStatus                                            
007fd818  MCPI_Result                                                  
007fd81c  MCPI_FailSignature                                           
007fd824  regionId                                                     
007fd828  gMCPILogMessageSize                                          
00800000  dcRangeSigMean                                               
00800c00  fftOut1DScratch                                              
00808c00  gInterfDetectArr                                             
00809400  gLastGoodSampleLoc                                           
00809440  gNewestGoodSampleLoc                                         
00809480  adcDataInBuf                                                 
00811480  ti_sysbios_knl_Task_Instance_State_0_stack__A                
00812158  __TI_tmpnams                                                 
00812298  rangeProcDpuCfg                                              
00812334  EDMA_errorInfo                                               
00812388  edmaDbg                                                      
00812398  EDMA_transferControllerErrorInfo                             
008123a0  parmbuf                                                      
008123a8  ti_sysbios_heaps_HeapMem_Instance_State_0_buf__A             
0081a3a8  xdc_runtime_Text_charTab__A                                  
0081bd66  ti_sysbios_family_c64p_Cache_Module__id__C                   
0081bd68  mmwavelib_twiddleTableCommon                                 
0081ce68  _ctypes_                                                     
0081cf6a  ti_sysbios_family_c64p_EventCombiner_Module__id__C           
0081cf6c  ti_sysbios_family_c62_TaskSupport_stackAlignment__C          
0081cf70  xdc_runtime_Text_nodeTab__A                                  
0081d140  mmwavelib_twiddleTableLargeFFTSize                           
0081d260  ti_sysbios_knl_Task_Object__PARAMS__C                        
0081d320  gEdmaHwAttrs                                                 
0081d384  ti_sysbios_heaps_HeapMem_Module__FXNS__C                     
0081d3ac  ti_sysbios_family_c64p_Cache_E_invalidL1CacheSize__C         
0081d3b0  xdc_runtime_Startup_sfxnTab__A                               
0081d3fc  ti_sysbios_gates_GateHwi_Module__FXNS__C                     
0081d420  ti_sysbios_gates_GateMutex_Module__FXNS__C                   
0081d444  ti_sysbios_heaps_HeapMem_Object__PARAMS__C                   
0081d468  ti_sysbios_knl_Semaphore_Object__PARAMS__C                   
0081d48c  ti_sysbios_gates_GateHwi_Object__DESC__C                     
0081d4ac  ti_sysbios_gates_GateMutex_Object__DESC__C                   
0081d4cc  ti_sysbios_heaps_HeapMem_Object__DESC__C                     
0081d4ec  ti_sysbios_knl_Queue_Object__DESC__C                         
0081d50c  ti_sysbios_knl_Semaphore_Object__DESC__C                     
0081d52c  ti_sysbios_knl_Task_Object__DESC__C                          
0081d580  ti_sysbios_gates_GateHwi_Object__PARAMS__C                   
0081d598  ti_sysbios_gates_GateMutex_Object__PARAMS__C                 
0081d5b0  ti_sysbios_knl_Queue_Object__PARAMS__C                       
0081d5c8  xdc_runtime_Startup_sfxnRts__A                               
0081d5dc  ti_sysbios_family_c64p_Cache_E_invalidL2CacheSize__C         
0081d5f0  ti_sysbios_family_c64p_EventCombiner_EVTMASK__C              
0081d60c  ti_sysbios_knl_Idle_funcList__C                              
0081d614  ti_sysbios_family_c64p_Cache_MAR0_31__C                      
0081d618  xdc_runtime_Startup_firstFxns__A                             
0081d620  xdc_runtime_Startup_firstFxns__C                             
0081d628  xdc_runtime_Startup_lastFxns__C                              
0081d636  ti_sysbios_family_c64p_Exception_Module__id__C               
0081d638  ti_sysbios_family_c64p_Cache_MAR128_159__C                   
0081d63c  ti_sysbios_family_c64p_Cache_MAR160_191__C                   
0081d640  ti_sysbios_family_c64p_Cache_MAR192_223__C                   
0081d644  ti_sysbios_family_c64p_Cache_MAR224_255__C                   
0081d648  ti_sysbios_family_c64p_Cache_MAR32_63__C                     
0081d64c  ti_sysbios_family_c64p_Cache_MAR64_95__C                     
0081d650  ti_sysbios_family_c64p_Cache_MAR96_127__C                    
0081d654  ti_sysbios_family_c64p_EventCombiner_A_invalidEventId__C     
0081d658  ti_sysbios_family_c64p_EventCombiner_EVTRegs__C              
0081d65c  ti_sysbios_family_c64p_EventCombiner_E_unpluggedEvent__C     
0081d660  ti_sysbios_family_c64p_EventCombiner_Module__diagsEnabled__C 
0081d664  ti_sysbios_family_c64p_EventCombiner_Module__diagsIncluded__C
0081d668  ti_sysbios_family_c64p_EventCombiner_Module__diagsMask__C    
0081d66c  ti_sysbios_family_c64p_Exception_E_exceptionMax__C           
0081d670  ti_sysbios_family_c64p_Exception_exceptionHook__C            
0081d674  ti_sysbios_family_c64p_Exception_externalHook__C             
0081d678  ti_sysbios_family_c64p_Exception_internalHook__C             
0081d67c  ti_sysbios_family_c64p_Exception_nmiHook__C                  
0081d680  ti_sysbios_family_c64p_Hwi_INTRMUX1Address__C                
0081d684  ti_sysbios_family_c64p_Hwi_LD_end__C                         
0081d688  ti_sysbios_family_c64p_Hwi_LM_begin__C                       
0081d68c  ti_sysbios_family_c64p_Hwi_Module__diagsEnabled__C           
0081d690  ti_sysbios_family_c64p_Hwi_Module__diagsIncluded__C          
0081d694  ti_sysbios_family_c64p_Hwi_Module__diagsMask__C              
0081d698  ti_sysbios_family_c64p_Hwi_Module__loggerFxn1__C             
0081d69c  ti_sysbios_family_c64p_Hwi_Module__loggerFxn8__C             
0081d6a0  ti_sysbios_family_c64p_Hwi_Module__loggerObj__C              
0081d6a4  ti_sysbios_gates_GateMutex_A_badContext__C                   
0081d6a8  ti_sysbios_gates_GateMutex_Instance_State_sem__O             
0081d6ac  ti_sysbios_gates_GateMutex_Module__diagsEnabled__C           
0081d6b0  ti_sysbios_gates_GateMutex_Module__diagsIncluded__C          
0081d6b4  ti_sysbios_gates_GateMutex_Module__diagsMask__C              
0081d6b8  ti_sysbios_hal_Hwi_E_stackOverflow__C                        
0081d6bc  ti_sysbios_heaps_HeapMem_A_align__C                          
0081d6c0  ti_sysbios_heaps_HeapMem_A_heapSize__C                       
0081d6c4  ti_sysbios_heaps_HeapMem_A_invalidFree__C                    
0081d6c8  ti_sysbios_heaps_HeapMem_A_zeroBlock__C                      
0081d6cc  ti_sysbios_heaps_HeapMem_E_memory__C                         
0081d6d0  ti_sysbios_heaps_HeapMem_Module__diagsEnabled__C             
0081d6d4  ti_sysbios_heaps_HeapMem_Module__diagsIncluded__C            
0081d6d8  ti_sysbios_heaps_HeapMem_Module__diagsMask__C                
0081d6dc  ti_sysbios_heaps_HeapMem_Module__gateObj__C                  
0081d6e0  ti_sysbios_heaps_HeapMem_Object__count__C                    
0081d6e4  ti_sysbios_heaps_HeapMem_reqAlign__C                         
0081d6e8  ti_sysbios_knl_Clock_LM_begin__C                             
0081d6ec  ti_sysbios_knl_Clock_LM_tick__C                              
0081d6f0  ti_sysbios_knl_Clock_LW_delayed__C                           
0081d6f4  ti_sysbios_knl_Clock_Module_State_clockQ__O                  
0081d6f8  ti_sysbios_knl_Clock_Module__diagsEnabled__C                 
0081d6fc  ti_sysbios_knl_Clock_Module__diagsIncluded__C                
0081d700  ti_sysbios_knl_Clock_Module__diagsMask__C                    
0081d704  ti_sysbios_knl_Clock_Module__loggerFxn1__C                   
0081d708  ti_sysbios_knl_Clock_Module__loggerFxn2__C                   
0081d70c  ti_sysbios_knl_Clock_Module__loggerObj__C                    
0081d710  ti_sysbios_knl_Idle_funcList__A                              
0081d714  ti_sysbios_knl_Semaphore_A_badContext__C                     
0081d718  ti_sysbios_knl_Semaphore_A_noEvents__C                       
0081d71c  ti_sysbios_knl_Semaphore_A_overflow__C                       
0081d720  ti_sysbios_knl_Semaphore_A_pendTaskDisabled__C               
0081d724  ti_sysbios_knl_Semaphore_Instance_State_pendQ__O             
0081d728  ti_sysbios_knl_Semaphore_LM_pend__C                          
0081d72c  ti_sysbios_knl_Semaphore_LM_post__C                          
0081d730  ti_sysbios_knl_Semaphore_Module__diagsEnabled__C             
0081d734  ti_sysbios_knl_Semaphore_Module__diagsIncluded__C            
0081d738  ti_sysbios_knl_Semaphore_Module__diagsMask__C                
0081d73c  ti_sysbios_knl_Semaphore_Module__loggerFxn2__C               
0081d740  ti_sysbios_knl_Semaphore_Module__loggerFxn4__C               
0081d744  ti_sysbios_knl_Semaphore_Module__loggerObj__C                
0081d748  ti_sysbios_knl_Swi_LD_end__C                                 
0081d74c  ti_sysbios_knl_Swi_LM_begin__C                               
0081d750  ti_sysbios_knl_Swi_LM_post__C                                
0081d754  ti_sysbios_knl_Swi_Module__diagsEnabled__C                   
0081d758  ti_sysbios_knl_Swi_Module__diagsIncluded__C                  
0081d75c  ti_sysbios_knl_Swi_Module__diagsMask__C                      
0081d760  ti_sysbios_knl_Swi_Module__loggerFxn1__C                     
0081d764  ti_sysbios_knl_Swi_Module__loggerFxn4__C                     
0081d768  ti_sysbios_knl_Swi_Module__loggerObj__C                      
0081d76c  ti_sysbios_knl_Swi_Object__count__C                          
0081d770  ti_sysbios_knl_Task_A_badPriority__C                         
0081d774  ti_sysbios_knl_Task_A_badTaskState__C                        
0081d778  ti_sysbios_knl_Task_A_badThreadType__C                       
0081d77c  ti_sysbios_knl_Task_A_badTimeout__C                          
0081d780  ti_sysbios_knl_Task_A_noPendElem__C                          
0081d784  ti_sysbios_knl_Task_A_sleepTaskDisabled__C                   
0081d788  ti_sysbios_knl_Task_E_spOutOfBounds__C                       
0081d78c  ti_sysbios_knl_Task_E_stackOverflow__C                       
0081d790  ti_sysbios_knl_Task_LD_block__C                              
0081d794  ti_sysbios_knl_Task_LD_exit__C                               
0081d798  ti_sysbios_knl_Task_LD_ready__C                              
0081d79c  ti_sysbios_knl_Task_LM_sleep__C                              
0081d7a0  ti_sysbios_knl_Task_LM_switch__C                             
0081d7a4  ti_sysbios_knl_Task_Module_State_inactiveQ__O                
0081d7a8  ti_sysbios_knl_Task_Module__diagsEnabled__C                  
0081d7ac  ti_sysbios_knl_Task_Module__diagsIncluded__C                 
0081d7b0  ti_sysbios_knl_Task_Module__diagsMask__C                     
0081d7b4  ti_sysbios_knl_Task_Module__loggerFxn2__C                    
0081d7b8  ti_sysbios_knl_Task_Module__loggerFxn4__C                    
0081d7bc  ti_sysbios_knl_Task_Module__loggerObj__C                     
0081d7c0  ti_sysbios_knl_Task_Object__count__C                         
0081d7c4  ti_sysbios_knl_Task_allBlockedFunc__C                        
0081d7c8  ti_sysbios_knl_Task_defaultStackHeap__C                      
0081d7cc  ti_sysbios_knl_Task_defaultStackSize__C                      
0081d7d0  ti_sysbios_knl_Task_numConstructedTasks__C                   
0081d7d4  ti_sysbios_timers_rti_Timer_E_cannotSupport__C               
0081d7d8  ti_sysbios_timers_rti_Timer_Module__diagsEnabled__C          
0081d7dc  ti_sysbios_timers_rti_Timer_Module__diagsIncluded__C         
0081d7e0  ti_sysbios_timers_rti_Timer_Module__diagsMask__C             
0081d7e4  ti_sysbios_timers_rti_Timer_numTimerDevices__C               
0081d7e8  ti_sysbios_timers_rti_Timer_startupNeeded__C                 
0081d7ec  xdc_runtime_Assert_E_assertFailed__C                         
0081d7f0  xdc_runtime_Core_A_initializedParams__C                      
0081d7f4  xdc_runtime_Core_Module__diagsEnabled__C                     
0081d7f8  xdc_runtime_Core_Module__diagsIncluded__C                    
0081d7fc  xdc_runtime_Core_Module__diagsMask__C                        
0081d800  xdc_runtime_Error_E_memory__C                                
0081d804  xdc_runtime_Error_Module__diagsEnabled__C                    
0081d808  xdc_runtime_Error_Module__diagsIncluded__C                   
0081d80c  xdc_runtime_Error_Module__diagsMask__C                       
0081d810  xdc_runtime_Error_Module__loggerFxn8__C                      
0081d814  xdc_runtime_Error_Module__loggerObj__C                       
0081d818  xdc_runtime_Error_policyFxn__C                               
0081d81c  xdc_runtime_Error_policy__C                                  
0081d820  xdc_runtime_Error_raiseHook__C                               
0081d824  xdc_runtime_IGateProvider_Interface__BASE__C                 
0081d828  xdc_runtime_IHeap_Interface__BASE__C                         
0081d82c  xdc_runtime_IModule_Interface__BASE__C                       
0081d830  xdc_runtime_Log_L_error__C                                   
0081d834  xdc_runtime_Memory_defaultHeapInstance__C                    
0081d838  xdc_runtime_Startup_execImpl__C                              
0081d83c  xdc_runtime_Startup_maxPasses__C                             
0081d840  xdc_runtime_Startup_sfxnRts__C                               
0081d844  xdc_runtime_Startup_sfxnTab__C                               
0081d848  xdc_runtime_System_Module__gateObj__C                        
0081d84c  xdc_runtime_System_abortFxn__C                               
0081d850  xdc_runtime_System_exitFxn__C                                
0081d854  xdc_runtime_System_extendFxn__C                              
0081d858  xdc_runtime_System_maxAtexitHandlers__C                      
0081d85c  xdc_runtime_Text_charTab__C                                  
0081d860  xdc_runtime_Text_nameEmpty__C                                
0081d864  xdc_runtime_Text_nameStatic__C                               
0081d868  xdc_runtime_Text_nameUnknown__C                              
0081d86c  xdc_runtime_Text_nodeTab__C                                  
0081d870  xdc_runtime_Text_visitRopeFxn__C                             
0081d874  ti_sysbios_family_c64p_Exception_useInternalBuffer__C        
0081d876  ti_sysbios_family_c64p_Hwi_Module__id__C                     
0081d878  ti_sysbios_family_c64p_Hwi_Module__loggerDefined__C          
0081d87a  ti_sysbios_gates_GateMutex_Module__id__C                     
0081d87c  ti_sysbios_hal_Hwi_Module__id__C                             
0081d87e  ti_sysbios_heaps_HeapMem_Module__id__C                       
0081d880  ti_sysbios_knl_Clock_Module__id__C                           
0081d882  ti_sysbios_knl_Clock_Module__loggerDefined__C                
0081d884  ti_sysbios_knl_Semaphore_Module__id__C                       
0081d886  ti_sysbios_knl_Semaphore_Module__loggerDefined__C            
0081d888  ti_sysbios_knl_Swi_Module__id__C                             
0081d88a  ti_sysbios_knl_Swi_Module__loggerDefined__C                  
0081d88c  ti_sysbios_knl_Task_Module__id__C                            
0081d88e  ti_sysbios_knl_Task_Module__loggerDefined__C                 
0081d890  ti_sysbios_timers_rti_Timer_Module__id__C                    
0081d892  ti_sysbios_timers_rti_Timer_continueOnSuspend__C             
0081d894  xdc_runtime_Core_Module__id__C                               
0081d896  xdc_runtime_Error_Module__loggerDefined__C                   
0081d898  xdc_runtime_Error_maxDepth__C                                
0081d89a  xdc_runtime_Main_Module__id__C                               
0081d89c  xdc_runtime_Memory_Module__id__C                             
0081d89e  xdc_runtime_Text_charCnt__C                                  
0081d8a0  xdc_runtime_Text_isLoaded__C                                 
0081d8a2  xdc_runtime_Text_registryModsLastId__C                       
0081d8a4  xdc_runtime_Text_unnamedModsLastId__C                        
0081d8a8  MCPI_logMessage                                              
0081fca8  _ftable                                                      
0081fe88  _stream                                                      
0081ff28  ti_sysbios_knl_Swi_Module_State_0_readyQ__A                  
0081ffa8  ti_sysbios_knl_Task_Module__state__V                         
0081fff0  gIntfMitgConfig                                              
00f00000  adcDataInScratch                                             
00f02000  window1DCoef                                                 
00f02800  twiddle16x16_1D                                              
20000000  dataInBuffer                                                 
20018000  radarCube                                                    
20030000  fft1DOut_ref                                                 
20048000  dataWinOut                                                   
ffffffff  __TI_pprof_out_hndl                                          
ffffffff  __TI_prof_data_size                                          
ffffffff  __TI_prof_data_start                                         
ffffffff  __binit__                                                    
ffffffff  __c_args__                                                   
ffffffff  binit                                                        
UNDEFED   __TI_CINIT_Base                                              
UNDEFED   __TI_CINIT_Limit                                             
UNDEFED   __TI_Handler_Table_Base                                      
UNDEFED   __TI_Handler_Table_Limit                                     
UNDEFED   __TI_INITARRAY_Base                                          
UNDEFED   __TI_INITARRAY_Limit                                         
UNDEFED   __TI_TLS_INIT_Base                                           
UNDEFED   __TI_TLS_INIT_Limit                                          

[756 symbols]
