******************************************************************************
               TMS320C6x Linker PC v8.3.3                      
******************************************************************************
>> Linked Tue Dec 29 17:33:53 2020

OUTPUT FILE NAME:   <test/xwr18xx_rangeprochwa_dss.xe674>
ENTRY POINT SYMBOL: "_c_int00"  address: 007f9d20


MEMORY CONFIGURATION

         name            origin    length      used     unused   attr    fill
----------------------  --------  ---------  --------  --------  ----  --------
PAGE 0:
  L2SRAM_UMAP1          007e0000   00020000  0001e160  00001ea0  RWIX
  L2SRAM_UMAP0          00800000   00020000  00017538  00008ac8  RWIX
  L1PSRAM               00e00000   00004000  00000000  00004000  RWIX
  L1DSRAM               00f00000   00004000  00004000  00000000  RWIX
  L3SRAM                20000000   00100000  00060000  000a0000  RWIX
  HWA_RAM               21030000   00010000  00000000  00010000  RWIX
  HSRAM                 21080000   00008000  00000000  00008000  RWIX

PAGE 1:
  L3SRAM                20000000   00100000  00000000  00100000  RWIX


SEGMENT ALLOCATION MAP

run origin  load origin   length   init length attrs members
----------  ----------- ---------- ----------- ----- -------
007e0000    007e0000    0001e160   0001e160    r-x
  007e0000    007e0000    00000200   00000200    r-x .vecs
  007e0200    007e0200    0001df60   0001df60    r-x .text
00800000    00800000    00011880   00000000    rw-
  00800000    00800000    00008000   00000000    rw- systemHeap
  00808000    00808000    00007480   00000000    rw- .dataBufL2
  0080f480    0080f480    00002400   00000000    rw- .MCPILogBuffer
00811880    00811880    00002dc2   00002dc2    r--
  00811880    00811880    00002dc2   00002dc2    r-- .const
00814648    00814648    00001f68   00000000    rw-
  00814648    00814648    00001000   00000000    rw- .stack
  00815648    00815648    00000f68   00000000    rw- .far
008165b0    008165b0    00000ef8   00000dd3    rw-
  008165b0    008165b0    00000dd3   00000dd3    rw- .fardata
  00817388    00817388    00000120   00000000    rw- .cio
008174a8    008174a8    00000070   00000070    r--
  008174a8    008174a8    00000070   00000070    r-- .switch
00817518    00817518    00000017   00000000    rw-
  00817518    00817518    00000017   00000000    rw- .bss
00817530    00817530    00000014   00000014    rw-
  00817530    00817530    00000014   00000014    rw- .neardata
00f00000    00f00000    00004000   00000000    rw-
  00f00000    00f00000    00004000   00000000    rw- .l1data
20000000    20000000    00060000   00000000    rw-
  20000000    20000000    00048000   00000000    rw- .l3data
  20048000    20048000    00018000   00000000    rw- .dataBuf


SECTION ALLOCATION MAP

 output                                  attributes/
section   page    origin      length       input sections
--------  ----  ----------  ----------   ----------------
xdc.meta   0    00000000    00000120     COPY SECTION
                  00000000    00000120     dss_pe674.oe674 (xdc.meta)

.vecs      0    007e0000    00000200     
                  007e0000    00000200     dss_pe674.oe674 (.vecs)

.MCPILogBuffer 
*          0    0080f480    00002400     UNINITIALIZED
                  0080f480    00002400     hwa_main.oe674 (.MCPILogBuffer)

.stack     0    00814648    00001000     UNINITIALIZED
                  00814648    00000008     boot.ae674 : boot.oe674 (.stack)
                  00814650    00000ff8     --HOLE--

.bss       0    00817518    00000017     UNINITIALIZED
                  00817518    00000004     (.common:edmaHandle)
                  0081751c    00000004     (.common:fileId)
                  00817520    00000004     (.common:hwaHandle)
                  00817524    00000004     (.common:rangeProcDpuHandle)
                  00817528    00000004     (.common:socHandle)
                  0081752c    00000001     (.common:checkResultFlag)
                  0081752d    00000001     (.common:finalResults)
                  0081752e    00000001     (.common:testFeatureStatus)

.neardata 
*          0    00817530    00000014     
                  00817530    0000000c     libtestlogger_xwr18xx.ae674 : logger.oe674 (.neardata)
                  0081753c    00000004     hwa_main.oe674 (.neardata)
                  00817540    00000004     libedma_xwr18xx.ae674 : edma_low_level.oe674 (.neardata)

.cinit     0    00800000    00000000     UNINITIALIZED

.far       0    00815648    00000f68     UNINITIALIZED
                  00815648    00000800     dss_pe674.oe674 (.far:taskStackSection)
                  00815e48    000004d8     libedma_xwr18xx.ae674 : edma.oe674 (.far:EDMA_object)
                  00816320    00000140     (.common:__TI_tmpnams)
                  00816460    000000dc     (.common:rangeProcDpuCfg)
                  0081653c    00000052     (.common:EDMA_errorInfo)
                  0081658e    00000002     --HOLE--
                  00816590    00000010     (.common:edmaDbg)
                  008165a0    00000008     (.common:EDMA_transferControllerErrorInfo)
                  008165a8    00000008     (.common:parmbuf)

.l1data    0    00f00000    00004000     UNINITIALIZED
                  00f00000    00004000     hwa_main.oe674 (.l1data)

.l3data    0    20000000    00048000     UNINITIALIZED
                  20000000    00048000     hwa_main.oe674 (.l3data)

.dataBuf   0    20048000    00018000     UNINITIALIZED
                  20048000    00018000     hwa_main.oe674 (.dataBuf)

.text      0    007e0200    0001df60     
                  007e0200    00002040     rts6740_elf.lib : _printfi.c.obj (.text:__TI_printfi)
                  007e2240    00001880     hwa_main.oe674 (.text:rangeProcDpuTest_Task)
                  007e3ac0    00000ca0     rangeprochwa.oe674 (.text:DPU_RangeProcHWA_process)
                  007e4760    00000aa0     libhwa_xwr18xx.ae674 : hwa.oe674 (.text:HWA_configParamSet)
                  007e5200    000008a0     ti.targets.rts6000.ae674 : System.oe674 (.text:xdc_runtime_System_doPrint__I)
                  007e5aa0    000007a0     rangeprochwa.oe674 (.text:DPU_RangeProcHWA_config)
                  007e6240    000007a0     sysbios.ae674 : BIOS.obj (.text:ti_sysbios_knl_Semaphore_pend__E)
                  007e69e0    00000780                   : BIOS.obj (.text:ti_sysbios_family_c64p_Exception_handler__I)
                  007e7160    00000660     rts6740_elf.lib : _printfi.c.obj (.text:_pconv_a)
                  007e77c0    00000620     sysbios.ae674 : BIOS.obj (.text:ti_sysbios_heaps_HeapMem_allocUnprotected__E)
                  007e7de0    000005e0     rts6740_elf.lib : divd.c.obj (.text:__c6xabi_divd)
                  007e83c0    000005c0     rangeproc_interference.oe674 (.text:intfMitgCreateIIBArr)
                  007e8980    000005c0     sysbios.ae674 : BIOS.obj (.text:ti_sysbios_heaps_HeapMem_freeUnprotected__E)
                  007e8f40    00000520                   : BIOS.obj (.text:ti_sysbios_knl_Task_Instance_finalize__E)
                  007e9460    000004c0     rangeprochwa.oe674 (.text:rangeProcHWA_ConfigEDMA_DataOut_nonInterleave)
                  007e9920    00000460     libhwa_xwr18xx.ae674 : hwa.oe674 (.text:HWA_configCommon)
                  007e9d80    00000460     sysbios.ae674 : BIOS.obj (.text:ti_sysbios_knl_Task_sleep__E)
                  007ea1e0    00000420     hwa_main.oe674 (.text:Test_printResults)
                  007ea600    00000400     rts6740_elf.lib : _printfi.c.obj (.text:_pconv_g)
                  007eaa00    000003e0     sysbios.ae674 : BIOS.obj (.text:ti_sysbios_knl_Task_Module_startup__E)
                  007eade0    000003e0                   : BIOS.obj (.text:ti_sysbios_timers_rti_Timer_Module_startup__E)
                  007eb1c0    000003c0                   : BIOS.obj (.text:ti_sysbios_knl_Task_Instance_init__E)
                  007eb580    000003a0     hwa_main.oe674 (.text:Test_setProfile)
                  007eb920    000003a0     rangeprochwa.oe674 (.text:rangeProcHWA_ConfigHWA)
                  007ebcc0    00000360     sysbios.ae674 : BIOS.obj (.text:ti_sysbios_knl_Semaphore_post__E)
                  007ec020    00000320     rts6740_elf.lib : cos.c.obj (.text:cos)
                  007ec340    00000320                     : fputs.c.obj (.text:fputs)
                  007ec660    000002e0                     : sin.c.obj (.text:sin)
                  007ec940    000002e0     sysbios.ae674 : BIOS.obj (.text:ti_sysbios_heaps_HeapMem_Instance_init__E)
                  007ecc20    000002c0     libedma_xwr18xx.ae674 : edma.oe674 (.text:EDMA_configChannel)
                  007ecee0    000002c0                           : edma.oe674 (.text:EDMA_configErrorMonitoring)
                  007ed1a0    000002c0     sysbios.ae674 : BIOS.obj (.text:ti_sysbios_knl_Clock_workFunc__E)
                  007ed460    000002a0     libedma_xwr18xx.ae674 : edma.oe674 (.text:EDMA_open)
                  007ed700    000002a0     libhwa_xwr18xx.ae674 : hwa.oe674 (.text:HWA_open)
                  007ed9a0    000002a0     rts6740_elf.lib : _printfi.c.obj (.text:_pconv_e)
                  007edc40    000002a0                     : _printfi.c.obj (.text:fcvt)
                  007edee0    00000280                     : divf.c.obj (.text:__c6xabi_divf)
                  007ee160    00000280     sysbios.ae674 : BIOS.obj (.text:ti_sysbios_family_c64p_Cache_Module_startup__E)
                  007ee3e0    00000260     libtestlogger_xwr18xx.ae674 : logger.oe674 (.text:MCPI_setFeatureTestResult)
                  007ee640    00000260     rts6740_elf.lib : imath64.c.obj (.text:__c6xabi_divull)
                  007ee8a0    00000260     sysbios.ae674 : BIOS.obj (.text:ti_sysbios_family_c64p_Hwi_dispatchCore__I)
                  007eeb00    00000260     ti.targets.rts6000.ae674 : Startup.oe674 (.text:xdc_runtime_Startup_startMods__I)
                  007eed60    00000240     rangeprochwa.oe674 (.text:DPU_RangeProcHWA_control)
                  007eefa0    00000240     hwa_main.oe674 (.text:Test_fft_ref)
                  007ef1e0    00000240     rts6740_elf.lib : fread.c.obj (.text:fread)
                  007ef420    00000240     rangeproc_interference.oe674 (.text:intfMitgPerformLinearInterp)
                  007ef660    00000240     sysbios.ae674 : BIOS.obj (.text:ti_sysbios_family_c64p_EventCombiner_dispatch__E)
                  007ef8a0    00000240                   : BIOS.obj (.text:ti_sysbios_family_c64p_Exception_internalHandler__I)
                  007efae0    00000240                   : BIOS.obj (.text:ti_sysbios_timers_rti_Timer_getFreq__E)
                  007efd20    00000240     ti.targets.rts6000.ae674 : Core-mem.oe674 (.text:xdc_runtime_Core_createObject__I)
                  007eff60    00000240     dss_pe674.oe674 (.text:xdc_runtime_System_printfExtend__I)
                  007f01a0    00000220     libedma_xwr18xx.ae674 : edma.oe674 (.text:EDMA_transferComplete_isr)
                  007f03c0    00000220     hwa_main.oe674 (.text:Test_1Dfft_refGen)
                  007f05e0    00000220     rts6740_elf.lib : open.c.obj (.text:open)
                  007f0800    00000220     sysbios.ae674 : BIOS.obj (.text:ti_sysbios_knl_Swi_run__I)
                  007f0a20    00000200     rts6740_elf.lib : _printfi.c.obj (.text:_ltostr)
                  007f0c20    00000200     sysbios.ae674 : c64p_Hwi_disp_always.obj (.text:_ti_sysbios_family_c64p_Hwi_dispatchAlways)
                  007f0e20    00000200     ti.targets.rts6000.ae674 : Error.oe674 (.text:xdc_runtime_Error_policyDefault__E)
                  007f1020    000001e0     libedma_xwr18xx.ae674 : edma.oe674 (.text:EDMA_init)
                  007f1200    000001e0     sysbios.ae674 : BIOS.obj (.text:ti_sysbios_family_c64p_EventCombiner_dispatchPlug__E)
                  007f13e0    000001e0                   : BIOS.obj (.text:ti_sysbios_gates_GateMutex_enter__E)
                  007f15c0    000001e0                   : BIOS.obj (.text:ti_sysbios_knl_Task_exit__E)
                  007f17a0    000001e0     ti.targets.rts6000.ae674 : Text.oe674 (.text:xdc_runtime_Text_putSite__E)
                  007f1980    000001c0     dpedma.oe674 (.text:DPEDMA_configSyncAB)
                  007f1b40    000001c0     dpedma.oe674 (.text:DPEDMA_configSyncA_singleFrame)
                  007f1d00    000001c0     rangeprochwa.oe674 (.text:DPU_RangeProcHWA_init)
                  007f1ec0    000001c0     rts6740_elf.lib : imath40.c.obj (.text:__c6xabi_divul)
                  007f2080    000001c0                     : fopen.c.obj (.text:_openfile)
                  007f2240    000001c0                     : fputc.c.obj (.text:fputc)
                  007f2400    000001c0                     : frexp.c.obj (.text:frexp)
                  007f25c0    000001c0     rangeprochwa.oe674 (.text:rangeProcHWA_ConfigEDMADummyThreeLinks)
                  007f2780    000001c0     rts6740_elf.lib : setvbuf.c.obj (.text:setvbuf)
                  007f2940    000001c0     sysbios.ae674 : BIOS.obj (.text:ti_sysbios_knl_Task_checkStacks__E)
                  007f2b00    000001a0     libedma_xwr18xx.ae674 : edma.oe674 (.text:EDMA_paramConfig_assist)
                  007f2ca0    000001a0     rts6740_elf.lib : hostrename.c.obj (.text:HOSTrename)
                  007f2e40    000001a0     hwa_main.oe674 (.text:Test_1DwindowCoef_gen)
                  007f2fe0    000001a0     rangeprochwa.oe674 (.text:rangeProcHWA_ConfigEDMA_DataIn)
                  007f3180    000001a0     sysbios.ae674 : BIOS.obj (.text:ti_sysbios_family_c64p_Cache_getL2InitSize__I)
                  007f3320    000001a0                   : BIOS.obj (.text:ti_sysbios_family_c64p_EventCombiner_disableEvent__E)
                  007f34c0    000001a0                   : BIOS.obj (.text:ti_sysbios_family_c64p_EventCombiner_enableEvent__E)
                  007f3660    000001a0                   : BIOS.obj (.text:ti_sysbios_knl_Task_schedule__I)
                  007f3800    000001a0                   : BIOS.obj (.text:ti_sysbios_timers_rti_Timer_startup__E)
                  007f39a0    000001a0     ti.targets.rts6000.ae674 : Core-smem.oe674 (.text:xdc_runtime_Core_constructObject__I)
                  007f3b40    00000180     libhwa_xwr18xx.ae674 : hwa.oe674 (.text:HWA_enableParamSetInterrupt)
                  007f3cc0    00000180     rts6740_elf.lib : ldexp.c.obj (.text:ldexp)
                  007f3e40    00000180     sysbios.ae674 : c64p_Exception_asm.obj (.text)
                  007f3fc0    00000180                   : BIOS.obj (.text:ti_sysbios_knl_Task_postInit__I)
                  007f4140    00000180                   : BIOS.obj (.text:ti_sysbios_knl_Task_startCore__E)
                  007f42c0    00000160     libedma_xwr18xx.ae674 : edma.oe674 (.text:EDMA_getErrorStatusInfo)
                  007f4420    00000160     libhwa_xwr18xx.ae674 : hwa.oe674 (.text:HWA_paramDoneISR)
                  007f4580    00000160     rts6740_elf.lib : _bufread.c.obj (.text:__TI_buff_read)
                  007f46e0    00000160     hwa_main.oe674 (.text:rangeProcDpuTest_dpuCfg)
                  007f4840    00000160     hwa_main.oe674 (.text:rangeProcDpuTest_edmaInit)
                  007f49a0    00000160     sysbios.ae674 : BIOS.obj (.text:ti_sysbios_family_c64p_Hwi_Module_startup__E)
                  007f4b00    00000160                   : BIOS.obj (.text:ti_sysbios_knl_Swi_post__E)
                  007f4c60    00000160     ti.targets.rts6000.ae674 : Text.oe674 (.text:xdc_runtime_Text_putMod__E)
                  007f4dc0    00000140     dpedmahwa.oe674 (.text:DPEDMAHWA_configTwoHotSignature)
                  007f4f00    00000140     libedma_xwr18xx.ae674 : edma_low_level.oe674 (.text:EDMA3Init)
                  007f5040    00000140                           : edma.oe674 (.text:EDMA_clearErrors)
                  007f5180    00000140                           : edma.oe674 (.text:EDMA_startTransfer)
                  007f52c0    00000140     libhwa_xwr18xx.ae674 : hwa.oe674 (.text:HWA_configRam)
                  007f5400    00000140     libsoc_xwr18xx.ae674 : soc.oe674 (.text:SOC_init)
                  007f5540    00000140     sysbios.ae674 : BIOS.obj (.text:ti_sysbios_family_c64p_Cache_getL1DInitSize__I)
                  007f5680    00000140                   : BIOS.obj (.text:ti_sysbios_family_c64p_Cache_getL1PInitSize__I)
                  007f57c0    00000140                   : BIOS.obj (.text:ti_sysbios_knl_Semaphore_Instance_init__E)
                  007f5900    00000140                   : BIOS.obj (.text:ti_sysbios_knl_Task_blockI__E)
                  007f5a40    00000140                   : BIOS.obj (.text:ti_sysbios_timers_rti_Timer_initDevice__I)
                  007f5b80    00000140     ti.targets.rts6000.ae674 : Core-mem.oe674 (.text:xdc_runtime_Core_deleteObject__I)
                  007f5cc0    00000140                              : Text.oe674 (.text:xdc_runtime_Text_putLab__E)
                  007f5e00    00000120     libedma_xwr18xx.ae674 : edma.oe674 (.text:EDMA_configParamSet)
                  007f5f20    00000120     hwa_main.oe674 (.text:Test_channelInterleave)
                  007f6040    00000120     boot.ae674 : autoinit.oe674 (.text:_auto_init_elf)
                  007f6160    00000120     rts6740_elf.lib : _printfi.c.obj (.text:_pconv_f)
                  007f6280    00000120                     : fopen.c.obj (.text:fopen)
                  007f63a0    00000120                     : getdevice.c.obj (.text:getdevice)
                  007f64c0    00000120     rangeproc_interference.oe674 (.text:intfMitgThresholdComputation)
                  007f65e0    00000120     sysbios.ae674 : BIOS.obj (.text:ti_sysbios_knl_Swi_restoreHwi__E)
                  007f6700    00000120                   : BIOS.obj (.text:ti_sysbios_knl_Task_unblockI__E)
                  007f6820    00000100     libhwa_xwr18xx.ae674 : hwa.oe674 (.text:HWA_disableParamSetInterrupt)
                  007f6920    00000100     libsoc_xwr18xx.ae674 : soc_xwr18xx_dss.oe674 (.text:SOC_deviceInit)
                  007f6a20    00000100                          : soc_xwr18xx.oe674 (.text:SOC_translateAddress)
                  007f6b20    00000100     rts6740_elf.lib : fclose.c.obj (.text:__TI_closefile)
                  007f6c20    00000100                     : _printfi.c.obj (.text:_mcpy)
                  007f6d20    00000100                     : atoi.c.obj (.text:atoi)
                  007f6e20    00000100                     : fflush.c.obj (.text:fflush)
                  007f6f20    00000100                     : fseek.c.obj (.text:fseek)
                  007f7020    00000100     rangeprochwa.oe674 (.text:rangeProcHWA_ConfigEDMA_DataPipe)
                  007f7120    00000100     sysbios.ae674 : BIOS.obj (.text:ti_sysbios_knl_Swi_schedule__I)
                  007f7220    00000100     ti.targets.rts6000.ae674 : Error.oe674 (.text:xdc_runtime_Error_print__E)
                  007f7320    00000100                              : Memory.oe674 (.text:xdc_runtime_Memory_alloc__E)
                  007f7420    00000100                              : Startup.oe674 (.text:xdc_runtime_Startup_exec__E)
                  007f7520    000000e0     libedma_xwr18xx.ae674 : edma.oe674 (.text:EDMA_close)
                  007f7600    000000e0                           : edma.oe674 (.text:EDMA_transferController_error_isr)
                  007f76e0    000000e0     rts6740_elf.lib : hostlseek.c.obj (.text:HOSTlseek)
                  007f77c0    000000e0                     : hostopen.c.obj (.text:HOSTopen)
                  007f78a0    000000e0                     : hostwrite.c.obj (.text:HOSTwrite)
                  007f7980    000000e0                     : _ltoa.c.obj (.text:__TI_ltoa)
                  007f7a60    000000e0                     : _io_perm.c.obj (.text:__TI_wrt_ok)
                  007f7b40    000000e0                     : divi.asm.obj (.text:__divi)
                  007f7c20    000000e0                     : close.c.obj (.text:close)
                  007f7d00    000000e0                     : exit.c.obj (.text:exit)
                  007f7de0    000000e0     hwa_main.oe674 (.text:main)
                  007f7ec0    000000e0     rts6740_elf.lib : memset.c.obj (.text:memset)
                  007f7fa0    000000e0                     : printf.c.obj (.text:printf)
                  007f8080    000000e0     sysbios.ae674 : BIOS.obj (.text:ti_sysbios_heaps_HeapMem_alloc__E)
                  007f8160    000000e0                   : BIOS.obj (.text:ti_sysbios_knl_Swi_runLoop__I)
                  007f8240    000000e0                   : BIOS.obj (.text:ti_sysbios_knl_Swi_startup__E)
                  007f8320    000000e0     ti.targets.rts6000.ae674 : Text.oe674 (.text:xdc_runtime_Text_visitRope2__I)
                  007f8400    000000c0     libedma_xwr18xx.ae674 : edma.oe674 (.text:EDMA_error_isr)
                  007f84c0    000000c0                           : edma.oe674 (.text:EDMA_startDmaTransfer)
                  007f8580    000000c0     rts6740_elf.lib : hostread.c.obj (.text:HOSTread)
                  007f8640    000000c0                     : hostunlink.c.obj (.text:HOSTunlink)
                  007f8700    000000c0     libhwa_xwr18xx.ae674 : hwa.oe674 (.text:HWA_close)
                  007f87c0    000000c0                          : hwa.oe674 (.text:HWA_getDMAChanIndex)
                  007f8880    000000c0                          : hwa.oe674 (.text:HWA_getDMAconfig)
                  007f8940    000000c0                          : hwa.oe674 (.text:HWA_getDriverAccess)
                  007f8a00    000000c0                          : hwa.oe674 (.text:HWA_getHWAMemInfo)
                  007f8ac0    000000c0     rts6740_elf.lib : fflush.c.obj (.text:__TI_doflush)
                  007f8b80    000000c0                     : divu.asm.obj (.text:__divu)
                  007f8c40    000000c0     rangeproc_interference.oe674 (.text:intfMitgCreateLinearInterpCoeffsFromIIB)
                  007f8d00    000000c0     rts6740_elf.lib : modf.c.obj (.text:modf)
                  007f8dc0    000000c0     rangeprochwa.oe674 (.text:rangeProcHWA_ConfigHWACommon)
                  007f8e80    000000c0     sysbios.ae674 : BIOS.obj (.text:ti_sysbios_heaps_HeapMem_getStats__E)
                  007f8f40    000000c0                   : BIOS.obj (.text:ti_sysbios_knl_Clock_logTick__E)
                  007f9000    000000c0                   : BIOS.obj (.text:ti_sysbios_knl_Task_allBlockedFunction__I)
                  007f90c0    000000c0     dss_pe674.oe674 (.text:ti_sysbios_knl_Task_create)
                  007f9180    000000c0     rts6740_elf.lib : tls.c.obj (.text:tls:init:__TI_tls_init)
                  007f9240    000000c0     ti.targets.rts6000.ae674 : Assert.oe674 (.text:xdc_runtime_Assert_raise__I)
                  007f9300    000000c0                              : Error.oe674 (.text:xdc_runtime_Error_setX__E)
                  007f93c0    000000a0     dpedma.oe674 (.text:DPEDMA_setup_shadow_link)
                  007f9460    000000a0     libedma_xwr18xx.ae674 : edma_low_level.oe674 (.text:EDMA3EnableChInShadowReg)
                  007f9500    000000a0                           : edma.oe674 (.text:EDMA_disableChannel)
                  007f95a0    000000a0                           : edma.oe674 (.text:EDMA_enableChannel)
                  007f9640    000000a0     rts6740_elf.lib : hostclose.c.obj (.text:HOSTclose)
                  007f96e0    000000a0     libhwa_xwr18xx.ae674 : hwa.oe674 (.text:HWA_deleteInstance)
                  007f9780    000000a0                          : hwa.oe674 (.text:HWA_disableDoneInterrupt)
                  007f9820    000000a0                          : hwa.oe674 (.text:HWA_enable)
                  007f98c0    000000a0                          : hwa.oe674 (.text:HWA_enableDoneInterrupt)
                  007f9960    000000a0     libsoc_xwr18xx.ae674 : soc.oe674 (.text:SOC_SystemISR)
                  007f9a00    000000a0     rts6740_elf.lib : fopen.c.obj (.text:__TI_cleanup)
                  007f9aa0    000000a0                     : _io_perm.c.obj (.text:__TI_rd_ok)
                  007f9b40    000000a0                     : fixfu.c.obj (.text:__c6xabi_fixfu)
                  007f9be0    000000a0                     : round.c.obj (.text:__c6xabi_nround)
                  007f9c80    000000a0                     : remu.asm.obj (.text:__remu)
                  007f9d20    000000a0     boot.ae674 : boot.oe674 (.text:_c_int00)
                  007f9dc0    000000a0     rts6740_elf.lib : _printfi.c.obj (.text:_ecpy)
                  007f9e60    000000a0                     : getdevice.c.obj (.text:finddevice)
                  007f9f00    000000a0                     : memcpy64.asm.obj (.text:memcpy)
                  007f9fa0    000000a0     sysbios.ae674 : BIOS.obj (.text:ti_sysbios_family_c64p_Exception_Module_startup__E)
                  007fa040    000000a0                   : BIOS.obj (.text:ti_sysbios_family_c64p_Hwi_dispatchC__I)
                  007fa0e0    000000a0                   : BIOS.obj (.text:ti_sysbios_family_c64p_Hwi_getStackInfo__E)
                  007fa180    000000a0     ti.targets.rts6000.ae674 : Core-params.oe674 (.text:xdc_runtime_Core_assignParams__I)
                  007fa220    000000a0                              : System.oe674 (.text:xdc_runtime_System_formatNum__I)
                  007fa2c0    000000a0                              : System.oe674 (.text:xdc_runtime_System_putchar__I)
                  007fa360    000000a0                              : Text.oe674 (.text:xdc_runtime_Text_printVisFxn__I)
                  007fa400    000000a0                              : Text.oe674 (.text:xdc_runtime_Text_xprintf__I)
                  007fa4a0    00000080     rangeprochwa.oe674 (.text:DPU_RangeProcHWA_deinit)
                  007fa520    00000080     libedma_xwr18xx.ae674 : edma_low_level.oe674 (.text:EDMA3MapChToEvtQ)
                  007fa5a0    00000080                           : edma.oe674 (.text:EDMA_getTransferControllerErrorStatusInfo)
                  007fa620    00000080                           : edma.oe674 (.text:EDMA_linkParamSets)
                  007fa6a0    00000080     libhwa_xwr18xx.ae674 : hwa.oe674 (.text:HWA_reset)
                  007fa720    00000080                          : hwa.oe674 (.text:HWA_setDMA2ACCManualTrig)
                  007fa7a0    00000080     libosal_xwr18xx.ae674 : SemaphoreP_tirtos.oe674 (.text:SemaphoreP_create)
                  007fa820    00000080     rts6740_elf.lib : trgmsg.c.obj (.text:__TI_readmsg)
                  007fa8a0    00000080                     : llshift.c.obj (.text:__c6xabi_llshl)
                  007fa920    00000080                     : snprintf.c.obj (.text:_outs)
                  007fa9a0    00000080     sysbios.ae674 : c62_TaskSupport_asm.obj (.text:_ti_sysbios_family_c62_TaskSupport_swap__E)
                  007faa20    00000080     rts6740_elf.lib : fclose.c.obj (.text:fclose)
                  007faaa0    00000080     rangeprochwa.oe674 (.text:rangeProcHWA_ConfigEDMATranspose)
                  007fab20    00000080     rangeprochwa.oe674 (.text:rangeProcHWA_EDMA_transferCompletionCallbackFxn)
                  007faba0    00000080     rts6740_elf.lib : snprintf.c.obj (.text:snprintf)
                  007fac20    00000080     dss_pe674.oe674 (.text:ti_sysbios_BIOS_atExitFunc__I)
                  007faca0    00000080     dss_pe674.oe674 (.text:ti_sysbios_BIOS_registerRTSLock__I)
                  007fad20    00000080     dss_pe674.oe674 (.text:ti_sysbios_gates_GateHwi_Object__create__S)
                  007fada0    00000080     dss_pe674.oe674 (.text:ti_sysbios_gates_GateMutex_Object__create__S)
                  007fae20    00000080     sysbios.ae674 : BIOS.obj (.text:ti_sysbios_hal_Hwi_checkStack)
                  007faea0    00000080     dss_pe674.oe674 (.text:ti_sysbios_heaps_HeapMem_Object__create__S)
                  007faf20    00000080     sysbios.ae674 : BIOS.obj (.text:ti_sysbios_heaps_HeapMem_init__I)
                  007fafa0    00000080     dss_pe674.oe674 (.text:ti_sysbios_knl_Clock_doTick__I)
                  007fb020    00000080     sysbios.ae674 : BIOS.obj (.text:ti_sysbios_knl_Idle_run__E)
                  007fb0a0    00000080     dss_pe674.oe674 (.text:ti_sysbios_knl_Semaphore_create)
                  007fb120    00000080     sysbios.ae674 : BIOS.obj (.text:ti_sysbios_knl_Semaphore_pendTimeout__I)
                  007fb1a0    00000080                   : BIOS.obj (.text:ti_sysbios_knl_Task_processVitalTaskFlag__I)
                  007fb220    00000080                   : BIOS.obj (.text:ti_sysbios_knl_Task_restore__E)
                  007fb2a0    00000080     dss_pe674.oe674 (.text:ti_sysbios_rts_MemAlloc_alloc)
                  007fb320    00000080     sysbios.ae674 : BIOS.obj (.text:ti_sysbios_timers_rti_Timer_stop__E)
                  007fb3a0    00000080     rts6740_elf.lib : unlink.c.obj (.text:unlink)
                  007fb420    00000080     ti.targets.rts6000.ae674 : Core-label.oe674 (.text:xdc_runtime_Core_assignLabel__I)
                  007fb4a0    00000080                              : SysStd.oe674 (.text:xdc_runtime_SysStd_abort__E)
                  007fb520    00000080                              : System.oe674 (.text:xdc_runtime_System_atexit__E)
                  007fb5a0    00000080                              : System.oe674 (.text:xdc_runtime_System_avprintf__E)
                  007fb620    00000080                              : System.oe674 (.text:xdc_runtime_System_processAtExit__E)
                  007fb6a0    00000080                              : System.oe674 (.text:xdc_runtime_System_vprintf__E)
                  007fb720    00000060     libedma_xwr18xx.ae674 : edma_low_level.oe674 (.text:EDMA3ClrEvt)
                  007fb780    00000060                           : edma_low_level.oe674 (.text:EDMA3ClrIntr)
                  007fb7e0    00000060                           : edma_low_level.oe674 (.text:EDMA3ClrMissEvt)
                  007fb840    00000060                           : edma_low_level.oe674 (.text:EDMA3DisableDmaEvt)
                  007fb8a0    00000060                           : edma_low_level.oe674 (.text:EDMA3DisableEvtIntr)
                  007fb900    00000060                           : edma_low_level.oe674 (.text:EDMA3EnableDmaEvt)
                  007fb960    00000060                           : edma_low_level.oe674 (.text:EDMA3EnableEvtIntr)
                  007fb9c0    00000060                           : edma_low_level.oe674 (.text:EDMA3SetEvt)
                  007fba20    00000060                           : edma.oe674 (.text:EDMA_configTransferControllerError)
                  007fba80    00000060                           : edma.oe674 (.text:EDMA_isError)
                  007fbae0    00000060                           : edma.oe674 (.text:EDMA_validate_channelIdchannelType)
                  007fbb40    00000060     libhwa_xwr18xx.ae674 : hwa.oe674 (.text:HWA_allParamDoneISR)
                  007fbba0    00000060     libsoc_xwr18xx.ae674 : soc_xwr18xx.oe674 (.text:SOC_enableHWA)
                  007fbc00    00000060                          : soc.oe674 (.text:SOC_unhaltBSS)
                  007fbc60    00000060     rts6740_elf.lib : trgmsg.c.obj (.text:__TI_writemsg)
                  007fbcc0    00000060                     : llshift.c.obj (.text:__c6xabi_llshru)
                  007fbd20    00000060                     : imath64.c.obj (.text:_subcull)
                  007fbd80    00000060     sysbios.ae674 : c64p_Hwi_asm_switch.obj (.text:_ti_sysbios_family_c64p_Hwi_switchAndDispatch__I)
                  007fbde0    00000060                   : c64p_Hwi_asm_switch.obj (.text:_ti_sysbios_family_xxx_Hwi_switchAndRunFunc)
                  007fbe40    00000060     rangeproc_interference.oe674 (.text:intfMitgApplyIIBArr)
                  007fbea0    00000060     rts6740_elf.lib : lseek.c.obj (.text:lseek)
                  007fbf00    00000060                     : memccpy.c.obj (.text:memccpy)
                  007fbf60    00000060                     : read.c.obj (.text:read)
                  007fbfc0    00000060                     : sprintf.c.obj (.text:sprintf)
                  007fc020    00000060     dss_pe674.oe674 (.text:ti_sysbios_BIOS_errorRaiseHook__I)
                  007fc080    00000060     dss_pe674.oe674 (.text:ti_sysbios_BIOS_removeRTSLock__I)
                  007fc0e0    00000060     dss_pe674.oe674 (.text:ti_sysbios_BIOS_startFunc__I)
                  007fc140    00000060     sysbios.ae674 : BIOS.obj (.text:ti_sysbios_family_c62_TaskSupport_start__E)
                  007fc1a0    00000060                   : BIOS.obj (.text:ti_sysbios_family_c64p_Cache_setMar__E)
                  007fc200    00000060                   : BIOS.obj (.text:ti_sysbios_family_c64p_EventCombiner_Module_startup__E)
                  007fc260    00000060                   : BIOS.obj (.text:ti_sysbios_family_c64p_EventCombiner_unused__E)
                  007fc2c0    00000060     dss_pe674.oe674 (.text:ti_sysbios_gates_GateMutex_Object__delete__S)
                  007fc320    00000060     sysbios.ae674 : BIOS.obj (.text:ti_sysbios_hal_Hwi_initStack)
                  007fc380    00000060                   : BIOS.obj (.text:ti_sysbios_heaps_HeapMem_free__E)
                  007fc3e0    00000060                   : BIOS.obj (.text:ti_sysbios_knl_Clock_Module_startup__E)
                  007fc440    00000060     dss_pe674.oe674 (.text:ti_sysbios_knl_Queue_construct)
                  007fc4a0    00000060     dss_pe674.oe674 (.text:ti_sysbios_knl_Semaphore_Object__delete__S)
                  007fc500    00000060     dss_pe674.oe674 (.text:ti_sysbios_knl_Semaphore_construct)
                  007fc560    00000060     sysbios.ae674 : BIOS.obj (.text:ti_sysbios_knl_Swi_Module_startup__E)
                  007fc5c0    00000060     dss_pe674.oe674 (.text:ti_sysbios_knl_Task_Object__delete__S)
                  007fc620    00000060     sysbios.ae674 : BIOS.obj (.text:ti_sysbios_knl_Task_enter__I)
                  007fc680    00000060     rts6740_elf.lib : write.c.obj (.text:write)
                  007fc6e0    00000060     ti.targets.rts6000.ae674 : Memory.oe674 (.text:xdc_runtime_Memory_valloc__E)
                  007fc740    00000060                              : Text.oe674 (.text:xdc_runtime_Text_cordText__E)
                  007fc7a0    00000040     libhwa_xwr18xx.ae674 : hwa.oe674 (.text:CSL_FEXTR)
                  007fc7e0    00000040     libsoc_xwr18xx.ae674 : soc.oe674 (.text:CSL_FEXTR)
                  007fc820    00000040     libhwa_xwr18xx.ae674 : hwa.oe674 (.text:CSL_FINSR)
                  007fc860    00000040     libsoc_xwr18xx.ae674 : soc.oe674 (.text:CSL_FINSR)
                  007fc8a0    00000040                          : soc_xwr18xx.oe674 (.text:CSL_FINSR)
                  007fc8e0    00000040                          : soc_xwr18xx_dss.oe674 (.text:CSL_FINSR)
                  007fc920    00000040     libedma_xwr18xx.ae674 : edma_low_level.oe674 (.text:EDMA3MapQdmaChToPaRAM)
                  007fc960    00000040                           : edma_low_level.oe674 (.text:EDMA3SetPaRAM)
                  007fc9a0    00000040                           : edma_low_level.oe674 (.text:EDMA3SetQdmaTrigWord)
                  007fc9e0    00000040     libosal_xwr18xx.ae674 : HwiP_tirtos.oe674 (.text:HwiP_create)
                  007fca20    00000040                           : HwiP_tirtos.oe674 (.text:HwiP_delete)
                  007fca60    00000040     libtestlogger_xwr18xx.ae674 : logger.oe674 (.text:MCPI_Initialize)
                  007fcaa0    00000040     libsoc_xwr18xx.ae674 : soc_xwr18xx_dss.oe674 (.text:SOC_getInAddr_LUTType)
                  007fcae0    00000040                          : soc_xwr18xx_dss.oe674 (.text:SOC_getOutAddr_LUTType)
                  007fcb20    00000040     rts6740_elf.lib : frcmpyd_div.c.obj (.text:__TI_frcmpyd_div)
                  007fcb60    00000040                     : isinf.c.obj (.text:__c6xabi_isinf)
                  007fcba0    00000040                     : _printfi.c.obj (.text:__c6xabi_isnan)
                  007fcbe0    00000040                     : args_main.c.obj (.text:_args_main)
                  007fcc20    00000040                     : snprintf.c.obj (.text:_outc)
                  007fcc60    00000040                     : sprintf.c.obj (.text:_outs)
                  007fcca0    00000040     sysbios.ae674 : c62_TaskSupport_asm.obj (.text:_ti_sysbios_family_c62_TaskSupport_buildTaskStack)
                  007fcce0    00000040     dss_pe674.oe674 (.text:free)
                  007fcd20    00000040     libmathutils.ae674 : mathutils.oe674 (.text:mathUtils_floorLog2)
                  007fcd60    00000040     dss_pe674.oe674 (.text:ti_sysbios_BIOS_exitFunc__I)
                  007fcda0    00000040     dss_pe674.oe674 (.text:ti_sysbios_BIOS_rtsLock__I)
                  007fcde0    00000040     dss_pe674.oe674 (.text:ti_sysbios_BIOS_rtsUnlock__I)
                  007fce20    00000040     sysbios.ae674 : BIOS.obj (.text:ti_sysbios_family_c64p_Hwi_disableInterrupt__E)
                  007fce60    00000040                   : BIOS.obj (.text:ti_sysbios_family_c64p_Hwi_enableInterrupt__E)
                  007fcea0    00000040     dss_pe674.oe674 (.text:ti_sysbios_gates_GateHwi_Handle__label__S)
                  007fcee0    00000040     dss_pe674.oe674 (.text:ti_sysbios_gates_GateHwi_Object__delete__S)
                  007fcf20    00000040     dss_pe674.oe674 (.text:ti_sysbios_gates_GateMutex_Handle__label__S)
                  007fcf60    00000040     sysbios.ae674 : BIOS.obj (.text:ti_sysbios_gates_GateMutex_Instance_init__E)
                  007fcfa0    00000040                   : BIOS.obj (.text:ti_sysbios_gates_GateMutex_leave__E)
                  007fcfe0    00000040     dss_pe674.oe674 (.text:ti_sysbios_heaps_HeapMem_Handle__label__S)
                  007fd020    00000040     dss_pe674.oe674 (.text:ti_sysbios_heaps_HeapMem_Object__delete__S)
                  007fd060    00000040     dss_pe674.oe674 (.text:ti_sysbios_heaps_HeapMem_Object__get__S)
                  007fd0a0    00000040     dss_pe674.oe674 (.text:ti_sysbios_knl_Semaphore_destruct)
                  007fd0e0    00000040     dss_pe674.oe674 (.text:ti_sysbios_knl_Swi_Object__get__S)
                  007fd120    00000040     dss_pe674.oe674 (.text:ti_sysbios_knl_Task_Object__get__S)
                  007fd160    00000040     sysbios.ae674 : BIOS.obj (.text:ti_sysbios_knl_Task_sleepTimeout__I)
                  007fd1a0    00000040                   : BIOS.obj (.text:ti_sysbios_timers_rti_Timer_periodicStub__E)
                  007fd1e0    00000040     rts6740_elf.lib : wcslen.c.obj (.text:wcslen)
                  007fd220    00000040     ti.targets.rts6000.ae674 : Error.oe674 (.text:xdc_runtime_Error_check__E)
                  007fd260    00000040                              : Error.oe674 (.text:xdc_runtime_Error_init__E)
                  007fd2a0    00000040                              : Registry.oe674 (.text:xdc_runtime_Registry_findById__E)
                  007fd2e0    00000040                              : System.oe674 (.text:xdc_runtime_System_abort__E)
                  007fd320    00000040     dss_pe674.oe674 (.text:xdc_runtime_System_aprintf__E)
                  007fd360    00000040     ti.targets.rts6000.ae674 : System.oe674 (.text:xdc_runtime_System_exit__E)
                  007fd3a0    00000040     dss_pe674.oe674 (.text:xdc_runtime_System_printf__E)
                  007fd3e0    00000020     libedma_xwr18xx.ae674 : edma_low_level.oe674 (.text:EDMA3ChannelToParamMap)
                  007fd400    00000020                           : edma_low_level.oe674 (.text:EDMA3ClrCCErr)
                  007fd420    00000020                           : edma_low_level.oe674 (.text:EDMA3DisableQdmaEvt)
                  007fd440    00000020                           : edma_low_level.oe674 (.text:EDMA3EnableQdmaEvt)
                  007fd460    00000020                           : edma_low_level.oe674 (.text:EDMA3ErrIntrHighStatusGet)
                  007fd480    00000020                           : edma_low_level.oe674 (.text:EDMA3GetCCErrStatus)
                  007fd4a0    00000020                           : edma_low_level.oe674 (.text:EDMA3GetErrIntrStatus)
                  007fd4c0    00000020                           : edma_low_level.oe674 (.text:EDMA3GetIntrStatus)
                  007fd4e0    00000020                           : edma_low_level.oe674 (.text:EDMA3IntrStatusHighGet)
                  007fd500    00000020                           : edma_low_level.oe674 (.text:EDMA3QdmaClrMissEvt)
                  007fd520    00000020                           : edma_low_level.oe674 (.text:EDMA3QdmaGetErrIntrStatus)
                  007fd540    00000020                           : edma.oe674 (.text:EDMA_getNumInstances)
                  007fd560    00000020                           : edma_low_level.oe674 (.text:EDMAsetRegion)
                  007fd580    00000020     libhwa_xwr18xx.ae674 : hwa.oe674 (.text:HWA_init)
                  007fd5a0    00000020     libosal_xwr18xx.ae674 : HwiP_tirtos.oe674 (.text:HwiP_Params_init)
                  007fd5c0    00000020                           : HwiP_tirtos.oe674 (.text:HwiP_disable)
                  007fd5e0    00000020                           : HwiP_tirtos.oe674 (.text:HwiP_disableInterrupt)
                  007fd600    00000020                           : HwiP_tirtos.oe674 (.text:HwiP_enableInterrupt)
                  007fd620    00000020                           : HwiP_tirtos.oe674 (.text:HwiP_restore)
                  007fd640    00000020     libtestlogger_xwr18xx.ae674 : logger.oe674 (.text:MCPI_setTestResult)
                  007fd660    00000020     libosal_xwr18xx.ae674 : MemoryP_tirtos.oe674 (.text:MemoryP_ctrlAlloc)
                  007fd680    00000020                           : MemoryP_tirtos.oe674 (.text:MemoryP_ctrlFree)
                  007fd6a0    00000020     hwa_main.oe674 (.text:MmwDemo_EDMA_errorCallbackFxn)
                  007fd6c0    00000020     hwa_main.oe674 (.text:MmwDemo_EDMA_transferControllerErrorCallbackFxn)
                  007fd6e0    00000020     libsoc_xwr18xx.ae674 : soc_xwr18xx.oe674 (.text:SOC_ungateClock)
                  007fd700    00000020     libosal_xwr18xx.ae674 : SemaphoreP_tirtos.oe674 (.text:SemaphoreP_Params_init)
                  007fd720    00000020                           : SemaphoreP_tirtos.oe674 (.text:SemaphoreP_delete)
                  007fd740    00000020                           : SemaphoreP_tirtos.oe674 (.text:SemaphoreP_pend)
                  007fd760    00000020                           : SemaphoreP_tirtos.oe674 (.text:SemaphoreP_post)
                  007fd780    00000020                           : DebugP_tirtos.oe674 (.text:_DebugP_assert)
                  007fd7a0    00000020     rts6740_elf.lib : errno.c.obj (.text:__c6xabi_errno_addr)
                  007fd7c0    00000020                     : trunc.c.obj (.text:__c6xabi_trunc)
                  007fd7e0    00000020                     : push.asm.obj (.text:__pop_rts)
                  007fd800    00000020                     : push.asm.obj (.text:__push_rts)
                  007fd820    00000020                     : _lock.c.obj (.text:_nop)
                  007fd840    00000020                     : printf.c.obj (.text:_outc)
                  007fd860    00000020                     : sprintf.c.obj (.text:_outc)
                  007fd880    00000020                     : printf.c.obj (.text:_outs)
                  007fd8a0    00000020                     : _lock.c.obj (.text:_register_lock)
                  007fd8c0    00000020                     : _lock.c.obj (.text:_register_unlock)
                  007fd8e0    00000020                     : signbit.c.obj (.text:_signbit)
                  007fd900    00000020     sysbios.ae674 : c62_TaskSupport_asm.obj (.text:_ti_sysbios_family_c62_TaskSupport_glue)
                  007fd920    00000020     rts6740_elf.lib : exit.c.obj (.text:abort)
                  007fd940    00000020     libmathutils.ae674 : mathutils.oe674 (.text:mathUtils_ceilLog2)
                  007fd960    00000020     hwa_main.oe674 (.text:process_Task)
                  007fd980    00000020     rts6740_elf.lib : fputc.c.obj (.text:putchar)
                  007fd9a0    00000020     rangeprochwa.oe674 (.text:rangeProcHWADoneIsrCallback)
                  007fd9c0    00000020     dss_pe674.oe674 (.text:ti_sysbios_BIOS_RtsGateProxy_enter__E)
                  007fd9e0    00000020     dss_pe674.oe674 (.text:ti_sysbios_BIOS_RtsGateProxy_leave__E)
                  007fda00    00000020     sysbios.ae674 : BIOS.obj (.text:ti_sysbios_BIOS_exit__E)
                  007fda20    00000020                   : BIOS.obj (.text:ti_sysbios_BIOS_linkedWithIncorrectBootLibrary__E)
                  007fda40    00000020     dss_pe674.oe674 (.text:ti_sysbios_BIOS_nullFunc__I)
                  007fda60    00000020     sysbios.ae674 : BIOS.obj (.text:ti_sysbios_BIOS_setThreadType__E)
                  007fda80    00000020                   : BIOS.obj (.text:ti_sysbios_BIOS_start__E)
                  007fdaa0    00000020     dss_pe674.oe674 (.text:ti_sysbios_family_c62_TaskSupport_Module__startupDone__S)
                  007fdac0    00000020     sysbios.ae674 : BIOS.obj (.text:ti_sysbios_family_c62_TaskSupport_checkStack__E)
                  007fdae0    00000020                   : BIOS.obj (.text:ti_sysbios_family_c62_TaskSupport_getStackAlignment__E)
                  007fdb00    00000020     dss_pe674.oe674 (.text:ti_sysbios_family_c64p_Hwi_Module__startupDone__F)
                  007fdb20    00000020     sysbios.ae674 : BIOS.obj (.text:ti_sysbios_family_c64p_Hwi_clearInterrupt__E)
                  007fdb40    00000020                   : BIOS.obj (.text:ti_sysbios_family_c64p_Hwi_startup__E)
                  007fdb60    00000020                   : BIOS.obj (.text:ti_sysbios_family_c64p_Hwi_switchFromBootStack__E)
                  007fdb80    00000020                   : BIOS.obj (.text:ti_sysbios_gates_GateHwi_Instance_init__E)
                  007fdba0    00000020                   : BIOS.obj (.text:ti_sysbios_gates_GateHwi_enter__E)
                  007fdbc0    00000020                   : BIOS.obj (.text:ti_sysbios_gates_GateHwi_leave__E)
                  007fdbe0    00000020                   : BIOS.obj (.text:ti_sysbios_gates_GateHwi_query__E)
                  007fdc00    00000020                   : BIOS.obj (.text:ti_sysbios_gates_GateMutex_Instance_finalize__E)
                  007fdc20    00000020                   : BIOS.obj (.text:ti_sysbios_gates_GateMutex_query__E)
                  007fdc40    00000020                   : BIOS.obj (.text:ti_sysbios_hal_Hwi_Module_startup__E)
                  007fdc60    00000020     dss_pe674.oe674 (.text:ti_sysbios_heaps_HeapMem_Module_GateProxy_enter__E)
                  007fdc80    00000020     dss_pe674.oe674 (.text:ti_sysbios_heaps_HeapMem_Module_GateProxy_leave__E)
                  007fdca0    00000020     sysbios.ae674 : BIOS.obj (.text:ti_sysbios_heaps_HeapMem_isBlocking__E)
                  007fdcc0    00000020     dss_pe674.oe674 (.text:ti_sysbios_knl_Clock_TimerProxy_getMaxTicks__E)
                  007fdce0    00000020     sysbios.ae674 : BIOS.obj (.text:ti_sysbios_knl_Idle_loop__E)
                  007fdd00    00000020                   : BIOS.obj (.text:ti_sysbios_knl_Queue_Instance_init__E)
                  007fdd20    00000020     dss_pe674.oe674 (.text:ti_sysbios_knl_Queue_Object__get__S)
                  007fdd40    00000020     dss_pe674.oe674 (.text:ti_sysbios_knl_Queue_destruct)
                  007fdd60    00000020     sysbios.ae674 : BIOS.obj (.text:ti_sysbios_knl_Queue_empty__E)
                  007fdd80    00000020                   : BIOS.obj (.text:ti_sysbios_knl_Semaphore_Instance_finalize__E)
                  007fdda0    00000020     dss_pe674.oe674 (.text:ti_sysbios_knl_Semaphore_Params__init__S)
                  007fddc0    00000020     dss_pe674.oe674 (.text:ti_sysbios_knl_Semaphore_delete)
                  007fdde0    00000020     sysbios.ae674 : BIOS.obj (.text:ti_sysbios_knl_Swi_disable__E)
                  007fde00    00000020     dss_pe674.oe674 (.text:ti_sysbios_knl_Task_Params__init__S)
                  007fde20    00000020     dss_pe674.oe674 (.text:ti_sysbios_knl_Task_delete)
                  007fde40    00000020     sysbios.ae674 : BIOS.obj (.text:ti_sysbios_knl_Task_disable__E)
                  007fde60    00000020                   : BIOS.obj (.text:ti_sysbios_knl_Task_startup__E)
                  007fde80    00000020     dss_pe674.oe674 (.text:ti_sysbios_timers_rti_Timer_Module__startupDone__F)
                  007fdea0    00000020     sysbios.ae674 : BIOS.obj (.text:ti_sysbios_timers_rti_Timer_getMaxTicks__E)
                  007fdec0    00000020     ti.targets.rts6000.ae674 : Error.oe674 (.text:xdc_runtime_Error_getSite__E)
                  007fdee0    00000020                              : Error.oe674 (.text:xdc_runtime_Error_raiseX__E)
                  007fdf00    00000020                              : Gate.oe674 (.text:xdc_runtime_Gate_enterSystem__E)
                  007fdf20    00000020                              : Gate.oe674 (.text:xdc_runtime_Gate_leaveSystem__E)
                  007fdf40    00000020     dss_pe674.oe674 (.text:xdc_runtime_IHeap_alloc)
                  007fdf60    00000020     dss_pe674.oe674 (.text:xdc_runtime_IHeap_free)
                  007fdf80    00000020     ti.targets.rts6000.ae674 : Memory.oe674 (.text:xdc_runtime_Memory_calloc__E)
                  007fdfa0    00000020                              : Memory.oe674 (.text:xdc_runtime_Memory_free__E)
                  007fdfc0    00000020                              : Memory.oe674 (.text:xdc_runtime_Memory_getMaxDefaultTypeAlign__E)
                  007fdfe0    00000020     dss_pe674.oe674 (.text:xdc_runtime_Startup_exec__I)
                  007fe000    00000020     dss_pe674.oe674 (.text:xdc_runtime_Startup_reset__I)
                  007fe020    00000020     ti.targets.rts6000.ae674 : Startup.oe674 (.text:xdc_runtime_Startup_rtsDone__E)
                  007fe040    00000020                              : SysStd.oe674 (.text:xdc_runtime_SysStd_exit__E)
                  007fe060    00000020                              : SysStd.oe674 (.text:xdc_runtime_SysStd_putch__E)
                  007fe080    00000020                              : SysStd.oe674 (.text:xdc_runtime_SysStd_ready__E)
                  007fe0a0    00000020     dss_pe674.oe674 (.text:xdc_runtime_System_Module_GateProxy_enter__E)
                  007fe0c0    00000020     dss_pe674.oe674 (.text:xdc_runtime_System_Module_GateProxy_leave__E)
                  007fe0e0    00000020     ti.targets.rts6000.ae674 : System.oe674 (.text:xdc_runtime_System_Module_startup__E)
                  007fe100    00000020                              : System.oe674 (.text:xdc_runtime_System_vsnprintf__E)
                  007fe120    00000020                              : Text.oe674 (.text:xdc_runtime_Text_ropeText__E)
                  007fe140    00000020     dss_pe674.oe674 (.text:xdc_runtime_Text_visitRope__I)

systemHeap 
*          0    00800000    00008000     UNINITIALIZED
                  00800000    00008000     dss_pe674.oe674 (systemHeap)

.dataBufL2 
*          0    00808000    00007480     UNINITIALIZED
                  00808000    00007480     hwa_main.oe674 (.dataBufL2)

.const     0    00811880    00002dc2     
                  00811880    000019be     dss_pe674.oe674 (.const:xdc_runtime_Text_charTab__A)
                  0081323e    00000002     dss_pe674.oe674 (.const:ti_sysbios_family_c64p_Cache_Module__id__C)
                  00813240    00000518     sysbios.ae674 : BIOS.obj (.const:.string)
                  00813758    00000484     hwa_main.oe674 (.const:.string)
                  00813bdc    00000004     ti.targets.rts6000.ae674 : Assert.oe674 (.const:.string)
                  00813be0    00000101     rts6740_elf.lib : ctype.c.obj (.const:.string:_ctypes_)
                  00813ce1    00000001     --HOLE-- [fill = 0]
                  00813ce2    00000002     dss_pe674.oe674 (.const:ti_sysbios_family_c64p_EventCombiner_Module__id__C)
                  00813ce4    00000004     dss_pe674.oe674 (.const:ti_sysbios_family_c62_TaskSupport_stackAlignment__C)
                  00813ce8    000000c8     dss_pe674.oe674 (.const:xdc_runtime_Text_nodeTab__A)
                  00813db0    00000094     libtestlogger_xwr18xx.ae674 : logger.oe674 (.const:.string)
                  00813e44    00000074     dss_pe674.oe674 (.const:.string)
                  00813eb8    00000058     libedma_xwr18xx.ae674 : edma.oe674 (.const:.string)
                  00813f10    00000058     ti.targets.rts6000.ae674 : Error.oe674 (.const:.string)
                  00813f68    00000044     dss_pe674.oe674 (.const:ti_sysbios_knl_Task_Object__PARAMS__C)
                  00813fac    00000040     ti.targets.rts6000.ae674 : Text.oe674 (.const:.string)
                  00813fec    00000004     dss_pe674.oe674 (.const:ti_sysbios_family_c64p_Cache_E_invalidL1CacheSize__C)
                  00813ff0    00000040     libhwa_xwr18xx.ae674 : hwa.oe674 (.const:gHwaTrigSignatures)
                  00814030    0000003c     libsoc_xwr18xx.ae674 : soc_xwr18xx_dss.oe674 (.const:.string)
                  0081406c    00000004     dss_pe674.oe674 (.const:ti_sysbios_family_c64p_Cache_E_invalidL2CacheSize__C)
                  00814070    00000038     libedma_xwr18xx.ae674 : edma_xwr1xxx.oe674 (.const:gEdmaHwAttrs)
                  008140a8    0000002c     ti.targets.rts6000.ae674 : Startup.oe674 (.const:.string)
                  008140d4    00000028     dss_pe674.oe674 (.const:ti_sysbios_heaps_HeapMem_Module__FXNS__C)
                  008140fc    00000004     dss_pe674.oe674 (.const:ti_sysbios_family_c64p_Cache_MAR0_31__C)
                  00814100    00000028     dss_pe674.oe674 (.const:xdc_runtime_Startup_sfxnTab__A)
                  00814128    00000024     rts6740_elf.lib : _printfi.c.obj (.const:.string)
                  0081414c    00000024     dss_pe674.oe674 (.const:ti_sysbios_gates_GateHwi_Module__FXNS__C)
                  00814170    00000024     dss_pe674.oe674 (.const:ti_sysbios_gates_GateMutex_Module__FXNS__C)
                  00814194    00000024     dss_pe674.oe674 (.const:ti_sysbios_heaps_HeapMem_Object__PARAMS__C)
                  008141b8    00000024     dss_pe674.oe674 (.const:ti_sysbios_knl_Semaphore_Object__PARAMS__C)
                  008141dc    00000020     libhwa_xwr18xx.ae674 : hwa.oe674 (.const:$P$T0$1)
                  008141fc    00000020                          : hwa.oe674 (.const:.string)
                  0081421c    00000020     libosal_xwr18xx.ae674 : SemaphoreP_tirtos.oe674 (.const:.string)
                  0081423c    00000020     dss_pe674.oe674 (.const:ti_sysbios_gates_GateHwi_Object__DESC__C)
                  0081425c    00000020     dss_pe674.oe674 (.const:ti_sysbios_gates_GateMutex_Object__DESC__C)
                  0081427c    00000020     dss_pe674.oe674 (.const:ti_sysbios_heaps_HeapMem_Object__DESC__C)
                  0081429c    00000020     dss_pe674.oe674 (.const:ti_sysbios_knl_Queue_Object__DESC__C)
                  008142bc    00000020     dss_pe674.oe674 (.const:ti_sysbios_knl_Semaphore_Object__DESC__C)
                  008142dc    00000020     dss_pe674.oe674 (.const:ti_sysbios_knl_Task_Object__DESC__C)
                  008142fc    0000001c     libosal_xwr18xx.ae674 : HwiP_tirtos.oe674 (.const:.string)
                  00814318    00000018     ti.targets.rts6000.ae674 : System.oe674 (.const:.string)
                  00814330    00000018     dss_pe674.oe674 (.const:ti_sysbios_gates_GateHwi_Object__PARAMS__C)
                  00814348    00000018     dss_pe674.oe674 (.const:ti_sysbios_gates_GateMutex_Object__PARAMS__C)
                  00814360    00000018     dss_pe674.oe674 (.const:ti_sysbios_knl_Queue_Object__PARAMS__C)
                  00814378    00000014     dss_pe674.oe674 (.const:xdc_runtime_Startup_sfxnRts__A)
                  0081438c    00000004     dss_pe674.oe674 (.const:ti_sysbios_family_c64p_Cache_MAR128_159__C)
                  00814390    00000010     libedma_xwr18xx.ae674 : edma.oe674 (.const:EDMA_config$1)
                  008143a0    00000010     dss_pe674.oe674 (.const:ti_sysbios_family_c64p_EventCombiner_EVTMASK__C)
                  008143b0    00000008     dss_pe674.oe674 (.const:ti_sysbios_knl_Idle_funcList__C)
                  008143b8    00000008     dss_pe674.oe674 (.const:xdc_runtime_Startup_firstFxns__A)
                  008143c0    00000008     dss_pe674.oe674 (.const:xdc_runtime_Startup_firstFxns__C)
                  008143c8    00000008     dss_pe674.oe674 (.const:xdc_runtime_Startup_lastFxns__C)
                  008143d0    00000006     hwa_main.oe674 (.const:$P$T0$1)
                  008143d6    00000002     dss_pe674.oe674 (.const:ti_sysbios_family_c64p_Exception_Module__id__C)
                  008143d8    00000004     dss_pe674.oe674 (.const:ti_sysbios_family_c64p_Cache_MAR160_191__C)
                  008143dc    00000004     dss_pe674.oe674 (.const:ti_sysbios_family_c64p_Cache_MAR192_223__C)
                  008143e0    00000004     dss_pe674.oe674 (.const:ti_sysbios_family_c64p_Cache_MAR224_255__C)
                  008143e4    00000004     dss_pe674.oe674 (.const:ti_sysbios_family_c64p_Cache_MAR32_63__C)
                  008143e8    00000004     dss_pe674.oe674 (.const:ti_sysbios_family_c64p_Cache_MAR64_95__C)
                  008143ec    00000004     dss_pe674.oe674 (.const:ti_sysbios_family_c64p_Cache_MAR96_127__C)
                  008143f0    00000004     dss_pe674.oe674 (.const:ti_sysbios_family_c64p_EventCombiner_A_invalidEventId__C)
                  008143f4    00000004     dss_pe674.oe674 (.const:ti_sysbios_family_c64p_EventCombiner_EVTRegs__C)
                  008143f8    00000004     dss_pe674.oe674 (.const:ti_sysbios_family_c64p_EventCombiner_E_unpluggedEvent__C)
                  008143fc    00000004     dss_pe674.oe674 (.const:ti_sysbios_family_c64p_EventCombiner_Module__diagsEnabled__C)
                  00814400    00000004     dss_pe674.oe674 (.const:ti_sysbios_family_c64p_EventCombiner_Module__diagsIncluded__C)
                  00814404    00000004     dss_pe674.oe674 (.const:ti_sysbios_family_c64p_EventCombiner_Module__diagsMask__C)
                  00814408    00000004     dss_pe674.oe674 (.const:ti_sysbios_family_c64p_Exception_E_exceptionMax__C)
                  0081440c    00000004     dss_pe674.oe674 (.const:ti_sysbios_family_c64p_Exception_exceptionHook__C)
                  00814410    00000004     dss_pe674.oe674 (.const:ti_sysbios_family_c64p_Exception_externalHook__C)
                  00814414    00000004     dss_pe674.oe674 (.const:ti_sysbios_family_c64p_Exception_internalHook__C)
                  00814418    00000004     dss_pe674.oe674 (.const:ti_sysbios_family_c64p_Exception_nmiHook__C)
                  0081441c    00000004     dss_pe674.oe674 (.const:ti_sysbios_family_c64p_Hwi_INTRMUX1Address__C)
                  00814420    00000004     dss_pe674.oe674 (.const:ti_sysbios_family_c64p_Hwi_LD_end__C)
                  00814424    00000004     dss_pe674.oe674 (.const:ti_sysbios_family_c64p_Hwi_LM_begin__C)
                  00814428    00000004     dss_pe674.oe674 (.const:ti_sysbios_family_c64p_Hwi_Module__diagsEnabled__C)
                  0081442c    00000004     dss_pe674.oe674 (.const:ti_sysbios_family_c64p_Hwi_Module__diagsIncluded__C)
                  00814430    00000004     dss_pe674.oe674 (.const:ti_sysbios_family_c64p_Hwi_Module__diagsMask__C)
                  00814434    00000004     dss_pe674.oe674 (.const:ti_sysbios_family_c64p_Hwi_Module__loggerFxn1__C)
                  00814438    00000004     dss_pe674.oe674 (.const:ti_sysbios_family_c64p_Hwi_Module__loggerFxn8__C)
                  0081443c    00000004     dss_pe674.oe674 (.const:ti_sysbios_family_c64p_Hwi_Module__loggerObj__C)
                  00814440    00000004     dss_pe674.oe674 (.const:ti_sysbios_gates_GateMutex_A_badContext__C)
                  00814444    00000004     dss_pe674.oe674 (.const:ti_sysbios_gates_GateMutex_Instance_State_sem__O)
                  00814448    00000004     dss_pe674.oe674 (.const:ti_sysbios_gates_GateMutex_Module__diagsEnabled__C)
                  0081444c    00000004     dss_pe674.oe674 (.const:ti_sysbios_gates_GateMutex_Module__diagsIncluded__C)
                  00814450    00000004     dss_pe674.oe674 (.const:ti_sysbios_gates_GateMutex_Module__diagsMask__C)
                  00814454    00000004     dss_pe674.oe674 (.const:ti_sysbios_hal_Hwi_E_stackOverflow__C)
                  00814458    00000004     dss_pe674.oe674 (.const:ti_sysbios_heaps_HeapMem_A_align__C)
                  0081445c    00000004     dss_pe674.oe674 (.const:ti_sysbios_heaps_HeapMem_A_heapSize__C)
                  00814460    00000004     dss_pe674.oe674 (.const:ti_sysbios_heaps_HeapMem_A_invalidFree__C)
                  00814464    00000004     dss_pe674.oe674 (.const:ti_sysbios_heaps_HeapMem_A_zeroBlock__C)
                  00814468    00000004     dss_pe674.oe674 (.const:ti_sysbios_heaps_HeapMem_E_memory__C)
                  0081446c    00000004     dss_pe674.oe674 (.const:ti_sysbios_heaps_HeapMem_Module__diagsEnabled__C)
                  00814470    00000004     dss_pe674.oe674 (.const:ti_sysbios_heaps_HeapMem_Module__diagsIncluded__C)
                  00814474    00000004     dss_pe674.oe674 (.const:ti_sysbios_heaps_HeapMem_Module__diagsMask__C)
                  00814478    00000004     dss_pe674.oe674 (.const:ti_sysbios_heaps_HeapMem_Module__gateObj__C)
                  0081447c    00000004     dss_pe674.oe674 (.const:ti_sysbios_heaps_HeapMem_Object__count__C)
                  00814480    00000004     dss_pe674.oe674 (.const:ti_sysbios_heaps_HeapMem_reqAlign__C)
                  00814484    00000004     dss_pe674.oe674 (.const:ti_sysbios_knl_Clock_LM_begin__C)
                  00814488    00000004     dss_pe674.oe674 (.const:ti_sysbios_knl_Clock_LM_tick__C)
                  0081448c    00000004     dss_pe674.oe674 (.const:ti_sysbios_knl_Clock_LW_delayed__C)
                  00814490    00000004     dss_pe674.oe674 (.const:ti_sysbios_knl_Clock_Module_State_clockQ__O)
                  00814494    00000004     dss_pe674.oe674 (.const:ti_sysbios_knl_Clock_Module__diagsEnabled__C)
                  00814498    00000004     dss_pe674.oe674 (.const:ti_sysbios_knl_Clock_Module__diagsIncluded__C)
                  0081449c    00000004     dss_pe674.oe674 (.const:ti_sysbios_knl_Clock_Module__diagsMask__C)
                  008144a0    00000004     dss_pe674.oe674 (.const:ti_sysbios_knl_Clock_Module__loggerFxn1__C)
                  008144a4    00000004     dss_pe674.oe674 (.const:ti_sysbios_knl_Clock_Module__loggerFxn2__C)
                  008144a8    00000004     dss_pe674.oe674 (.const:ti_sysbios_knl_Clock_Module__loggerObj__C)
                  008144ac    00000004     dss_pe674.oe674 (.const:ti_sysbios_knl_Semaphore_A_badContext__C)
                  008144b0    00000004     dss_pe674.oe674 (.const:ti_sysbios_knl_Idle_funcList__A)
                  008144b4    00000004     dss_pe674.oe674 (.const:ti_sysbios_knl_Semaphore_A_noEvents__C)
                  008144b8    00000004     dss_pe674.oe674 (.const:ti_sysbios_knl_Semaphore_A_overflow__C)
                  008144bc    00000004     dss_pe674.oe674 (.const:ti_sysbios_knl_Semaphore_A_pendTaskDisabled__C)
                  008144c0    00000004     dss_pe674.oe674 (.const:ti_sysbios_knl_Semaphore_Instance_State_pendQ__O)
                  008144c4    00000004     dss_pe674.oe674 (.const:ti_sysbios_knl_Semaphore_LM_pend__C)
                  008144c8    00000004     dss_pe674.oe674 (.const:ti_sysbios_knl_Semaphore_LM_post__C)
                  008144cc    00000004     dss_pe674.oe674 (.const:ti_sysbios_knl_Semaphore_Module__diagsEnabled__C)
                  008144d0    00000004     dss_pe674.oe674 (.const:ti_sysbios_knl_Semaphore_Module__diagsIncluded__C)
                  008144d4    00000004     dss_pe674.oe674 (.const:ti_sysbios_knl_Semaphore_Module__diagsMask__C)
                  008144d8    00000004     dss_pe674.oe674 (.const:ti_sysbios_knl_Semaphore_Module__loggerFxn2__C)
                  008144dc    00000004     dss_pe674.oe674 (.const:ti_sysbios_knl_Semaphore_Module__loggerFxn4__C)
                  008144e0    00000004     dss_pe674.oe674 (.const:ti_sysbios_knl_Semaphore_Module__loggerObj__C)
                  008144e4    00000004     dss_pe674.oe674 (.const:ti_sysbios_knl_Swi_LD_end__C)
                  008144e8    00000004     dss_pe674.oe674 (.const:ti_sysbios_knl_Swi_LM_begin__C)
                  008144ec    00000004     dss_pe674.oe674 (.const:ti_sysbios_knl_Swi_LM_post__C)
                  008144f0    00000004     dss_pe674.oe674 (.const:ti_sysbios_knl_Swi_Module__diagsEnabled__C)
                  008144f4    00000004     dss_pe674.oe674 (.const:ti_sysbios_knl_Swi_Module__diagsIncluded__C)
                  008144f8    00000004     dss_pe674.oe674 (.const:ti_sysbios_knl_Swi_Module__diagsMask__C)
                  008144fc    00000004     dss_pe674.oe674 (.const:ti_sysbios_knl_Swi_Module__loggerFxn1__C)
                  00814500    00000004     dss_pe674.oe674 (.const:ti_sysbios_knl_Swi_Module__loggerFxn4__C)
                  00814504    00000004     dss_pe674.oe674 (.const:ti_sysbios_knl_Swi_Module__loggerObj__C)
                  00814508    00000004     dss_pe674.oe674 (.const:ti_sysbios_knl_Swi_Object__count__C)
                  0081450c    00000004     dss_pe674.oe674 (.const:ti_sysbios_knl_Task_A_badPriority__C)
                  00814510    00000004     dss_pe674.oe674 (.const:ti_sysbios_knl_Task_A_badTaskState__C)
                  00814514    00000004     dss_pe674.oe674 (.const:ti_sysbios_knl_Task_A_badThreadType__C)
                  00814518    00000004     dss_pe674.oe674 (.const:ti_sysbios_knl_Task_A_badTimeout__C)
                  0081451c    00000004     dss_pe674.oe674 (.const:ti_sysbios_knl_Task_A_noPendElem__C)
                  00814520    00000004     dss_pe674.oe674 (.const:ti_sysbios_knl_Task_A_sleepTaskDisabled__C)
                  00814524    00000004     dss_pe674.oe674 (.const:ti_sysbios_knl_Task_E_spOutOfBounds__C)
                  00814528    00000004     dss_pe674.oe674 (.const:ti_sysbios_knl_Task_E_stackOverflow__C)
                  0081452c    00000004     dss_pe674.oe674 (.const:ti_sysbios_knl_Task_LD_block__C)
                  00814530    00000004     dss_pe674.oe674 (.const:ti_sysbios_knl_Task_LD_exit__C)
                  00814534    00000004     dss_pe674.oe674 (.const:ti_sysbios_knl_Task_LD_ready__C)
                  00814538    00000004     dss_pe674.oe674 (.const:ti_sysbios_knl_Task_LM_sleep__C)
                  0081453c    00000004     dss_pe674.oe674 (.const:ti_sysbios_knl_Task_LM_switch__C)
                  00814540    00000004     dss_pe674.oe674 (.const:ti_sysbios_knl_Task_Module_State_inactiveQ__O)
                  00814544    00000004     dss_pe674.oe674 (.const:ti_sysbios_knl_Task_Module__diagsEnabled__C)
                  00814548    00000004     dss_pe674.oe674 (.const:ti_sysbios_knl_Task_Module__diagsIncluded__C)
                  0081454c    00000004     dss_pe674.oe674 (.const:ti_sysbios_knl_Task_Module__diagsMask__C)
                  00814550    00000004     dss_pe674.oe674 (.const:ti_sysbios_knl_Task_Module__loggerFxn2__C)
                  00814554    00000004     dss_pe674.oe674 (.const:ti_sysbios_knl_Task_Module__loggerFxn4__C)
                  00814558    00000004     dss_pe674.oe674 (.const:ti_sysbios_knl_Task_Module__loggerObj__C)
                  0081455c    00000004     dss_pe674.oe674 (.const:ti_sysbios_knl_Task_Object__count__C)
                  00814560    00000004     dss_pe674.oe674 (.const:ti_sysbios_knl_Task_allBlockedFunc__C)
                  00814564    00000004     dss_pe674.oe674 (.const:ti_sysbios_knl_Task_defaultStackHeap__C)
                  00814568    00000004     dss_pe674.oe674 (.const:ti_sysbios_knl_Task_defaultStackSize__C)
                  0081456c    00000004     dss_pe674.oe674 (.const:ti_sysbios_knl_Task_numConstructedTasks__C)
                  00814570    00000004     dss_pe674.oe674 (.const:ti_sysbios_timers_rti_Timer_E_cannotSupport__C)
                  00814574    00000004     dss_pe674.oe674 (.const:ti_sysbios_timers_rti_Timer_Module__diagsEnabled__C)
                  00814578    00000004     dss_pe674.oe674 (.const:ti_sysbios_timers_rti_Timer_Module__diagsIncluded__C)
                  0081457c    00000004     dss_pe674.oe674 (.const:ti_sysbios_timers_rti_Timer_Module__diagsMask__C)
                  00814580    00000004     dss_pe674.oe674 (.const:ti_sysbios_timers_rti_Timer_numTimerDevices__C)
                  00814584    00000004     dss_pe674.oe674 (.const:ti_sysbios_timers_rti_Timer_startupNeeded__C)
                  00814588    00000004     dss_pe674.oe674 (.const:xdc_runtime_Assert_E_assertFailed__C)
                  0081458c    00000004     dss_pe674.oe674 (.const:xdc_runtime_Core_A_initializedParams__C)
                  00814590    00000004     dss_pe674.oe674 (.const:xdc_runtime_Core_Module__diagsEnabled__C)
                  00814594    00000004     dss_pe674.oe674 (.const:xdc_runtime_Core_Module__diagsIncluded__C)
                  00814598    00000004     dss_pe674.oe674 (.const:xdc_runtime_Core_Module__diagsMask__C)
                  0081459c    00000004     dss_pe674.oe674 (.const:xdc_runtime_Error_E_memory__C)
                  008145a0    00000004     dss_pe674.oe674 (.const:xdc_runtime_Error_Module__diagsEnabled__C)
                  008145a4    00000004     dss_pe674.oe674 (.const:xdc_runtime_Error_Module__diagsIncluded__C)
                  008145a8    00000004     dss_pe674.oe674 (.const:xdc_runtime_Error_Module__diagsMask__C)
                  008145ac    00000004     dss_pe674.oe674 (.const:xdc_runtime_Error_Module__loggerFxn8__C)
                  008145b0    00000004     dss_pe674.oe674 (.const:xdc_runtime_Error_Module__loggerObj__C)
                  008145b4    00000004     dss_pe674.oe674 (.const:xdc_runtime_Error_policyFxn__C)
                  008145b8    00000004     dss_pe674.oe674 (.const:xdc_runtime_Error_policy__C)
                  008145bc    00000004     dss_pe674.oe674 (.const:xdc_runtime_Error_raiseHook__C)
                  008145c0    00000004     dss_pe674.oe674 (.const:xdc_runtime_IGateProvider_Interface__BASE__C)
                  008145c4    00000004     dss_pe674.oe674 (.const:xdc_runtime_IHeap_Interface__BASE__C)
                  008145c8    00000004     dss_pe674.oe674 (.const:xdc_runtime_IModule_Interface__BASE__C)
                  008145cc    00000004     dss_pe674.oe674 (.const:xdc_runtime_Log_L_error__C)
                  008145d0    00000004     dss_pe674.oe674 (.const:xdc_runtime_Memory_defaultHeapInstance__C)
                  008145d4    00000004     dss_pe674.oe674 (.const:xdc_runtime_Startup_execImpl__C)
                  008145d8    00000004     dss_pe674.oe674 (.const:xdc_runtime_Startup_maxPasses__C)
                  008145dc    00000004     dss_pe674.oe674 (.const:xdc_runtime_Startup_sfxnRts__C)
                  008145e0    00000004     dss_pe674.oe674 (.const:xdc_runtime_Startup_sfxnTab__C)
                  008145e4    00000004     dss_pe674.oe674 (.const:xdc_runtime_System_Module__gateObj__C)
                  008145e8    00000004     dss_pe674.oe674 (.const:xdc_runtime_System_abortFxn__C)
                  008145ec    00000004     dss_pe674.oe674 (.const:xdc_runtime_System_exitFxn__C)
                  008145f0    00000004     dss_pe674.oe674 (.const:xdc_runtime_System_extendFxn__C)
                  008145f4    00000004     dss_pe674.oe674 (.const:xdc_runtime_System_maxAtexitHandlers__C)
                  008145f8    00000004     dss_pe674.oe674 (.const:xdc_runtime_Text_charTab__C)
                  008145fc    00000004     dss_pe674.oe674 (.const:xdc_runtime_Text_nameEmpty__C)
                  00814600    00000004     dss_pe674.oe674 (.const:xdc_runtime_Text_nameStatic__C)
                  00814604    00000004     dss_pe674.oe674 (.const:xdc_runtime_Text_nameUnknown__C)
                  00814608    00000004     dss_pe674.oe674 (.const:xdc_runtime_Text_nodeTab__C)
                  0081460c    00000004     dss_pe674.oe674 (.const:xdc_runtime_Text_visitRopeFxn__C)
                  00814610    00000002     dss_pe674.oe674 (.const:ti_sysbios_family_c64p_Exception_useInternalBuffer__C)
                  00814612    00000002     dss_pe674.oe674 (.const:ti_sysbios_family_c64p_Hwi_Module__id__C)
                  00814614    00000002     dss_pe674.oe674 (.const:ti_sysbios_family_c64p_Hwi_Module__loggerDefined__C)
                  00814616    00000002     dss_pe674.oe674 (.const:ti_sysbios_gates_GateMutex_Module__id__C)
                  00814618    00000002     dss_pe674.oe674 (.const:ti_sysbios_hal_Hwi_Module__id__C)
                  0081461a    00000002     dss_pe674.oe674 (.const:ti_sysbios_heaps_HeapMem_Module__id__C)
                  0081461c    00000002     dss_pe674.oe674 (.const:ti_sysbios_knl_Clock_Module__id__C)
                  0081461e    00000002     dss_pe674.oe674 (.const:ti_sysbios_knl_Clock_Module__loggerDefined__C)
                  00814620    00000002     dss_pe674.oe674 (.const:ti_sysbios_knl_Semaphore_Module__id__C)
                  00814622    00000002     dss_pe674.oe674 (.const:ti_sysbios_knl_Semaphore_Module__loggerDefined__C)
                  00814624    00000002     dss_pe674.oe674 (.const:ti_sysbios_knl_Swi_Module__id__C)
                  00814626    00000002     dss_pe674.oe674 (.const:ti_sysbios_knl_Swi_Module__loggerDefined__C)
                  00814628    00000002     dss_pe674.oe674 (.const:ti_sysbios_knl_Task_Module__id__C)
                  0081462a    00000002     dss_pe674.oe674 (.const:ti_sysbios_knl_Task_Module__loggerDefined__C)
                  0081462c    00000002     dss_pe674.oe674 (.const:ti_sysbios_timers_rti_Timer_Module__id__C)
                  0081462e    00000002     dss_pe674.oe674 (.const:ti_sysbios_timers_rti_Timer_continueOnSuspend__C)
                  00814630    00000002     dss_pe674.oe674 (.const:xdc_runtime_Core_Module__id__C)
                  00814632    00000002     dss_pe674.oe674 (.const:xdc_runtime_Error_Module__loggerDefined__C)
                  00814634    00000002     dss_pe674.oe674 (.const:xdc_runtime_Error_maxDepth__C)
                  00814636    00000002     dss_pe674.oe674 (.const:xdc_runtime_Main_Module__id__C)
                  00814638    00000002     dss_pe674.oe674 (.const:xdc_runtime_Memory_Module__id__C)
                  0081463a    00000002     dss_pe674.oe674 (.const:xdc_runtime_Text_charCnt__C)
                  0081463c    00000002     dss_pe674.oe674 (.const:xdc_runtime_Text_isLoaded__C)
                  0081463e    00000002     dss_pe674.oe674 (.const:xdc_runtime_Text_registryModsLastId__C)
                  00814640    00000002     dss_pe674.oe674 (.const:xdc_runtime_Text_unnamedModsLastId__C)

.fardata   0    008165b0    00000dd3     
                  008165b0    00000400     dss_pe674.oe674 (.fardata:ti_sysbios_family_c64p_EventCombiner_Module__state__V)
                  008169b0    000001e0     rts6740_elf.lib : defs.c.obj (.fardata:_ftable)
                  00816b90    000000a0                     : write.c.obj (.fardata:_stream)
                  00816c30    00000080     dss_pe674.oe674 (.fardata:ti_sysbios_knl_Swi_Module_State_0_readyQ__A)
                  00816cb0    00000080     dss_pe674.oe674 (.fardata:ti_sysbios_knl_Task_Module_State_0_readyQ__A)
                  00816d30    00000078     rts6740_elf.lib : write.c.obj (.fardata:_device)
                  00816da8    00000078     dss_pe674.oe674 (.fardata:ti_sysbios_family_c64p_Hwi_Object__table__V)
                  00816e20    0000006c     dss_pe674.oe674 (.fardata:ti_sysbios_family_c64p_Hwi_Module__state__V)
                  00816e8c    00000004     rts6740_elf.lib : _lock.c.obj (.fardata:_lock)
                  00816e90    0000005c     dss_pe674.oe674 (.fardata:ti_sysbios_knl_Task_Object__table__V)
                  00816eec    00000048     dss_pe674.oe674 (.fardata:ti_sysbios_knl_Task_Module__state__V)
                  00816f34    00000004     rts6740_elf.lib : _lock.c.obj (.fardata:_unlock)
                  00816f38    00000040                     : cos.c.obj (.fardata:R$1)
                  00816f78    00000040                     : sin.c.obj (.fardata:R$1)
                  00816fb8    00000040     libsoc_xwr18xx.ae674 : soc_xwr18xx.oe674 (.fardata:SOC_TranslateAddr_LUT)
                  00816ff8    00000040     rangeproc_interference.oe674 (.fardata:inverseLenArr)
                  00817038    00000040     rangeproc_interference.oe674 (.fardata:rightShiftArr)
                  00817078    00000040     dss_pe674.oe674 (.fardata:ti_sysbios_gates_GateMutex_Object__table__V)
                  008170b8    0000003c     dss_pe674.oe674 (.fardata:ti_sysbios_timers_rti_Timer_Object__table__V)
                  008170f4    00000004     rts6740_elf.lib : defs.c.obj (.fardata)
                  008170f8    00000030     libhwa_xwr18xx.ae674 : hwa_xwr18xx.oe674 (.fardata:gHWAHwCfg)
                  00817128    00000030     dss_pe674.oe674 (.fardata:ti_sysbios_family_c64p_Exception_Module__state__V)
                  00817158    00000030     dss_pe674.oe674 (.fardata:ti_sysbios_knl_Swi_Object__table__V)
                  00817188    0000002c     dss_pe674.oe674 (.fardata:ti_sysbios_knl_Clock_Module__state__V)
                  008171b4    00000024     dss_pe674.oe674 (.fardata:ti_sysbios_BIOS_Module__state__V)
                  008171d8    00000020     libsoc_xwr18xx.ae674 : soc_xwr18xx_dss.oe674 (.fardata:gSOCHwAttrib)
                  008171f8    00000020     dss_pe674.oe674 (.fardata:xdc_runtime_Error_IgnoreBlock)
                  00817218    00000020     dss_pe674.oe674 (.fardata:xdc_runtime_System_Module_State_0_atexitHandlers__A)
                  00817238    0000001c     dss_pe674.oe674 (.fardata:ti_sysbios_knl_Swi_Module__state__V)
                  00817254    00000004     rts6740_elf.lib : errno.c.obj (.fardata)
                  00817258    00000018     dss_pe674.oe674 (.fardata:ti_sysbios_heaps_HeapMem_Object__table__V)
                  00817270    00000018     dss_pe674.oe674 (.fardata:ti_sysbios_timers_rti_Timer_Module_State_0_device__A)
                  00817288    00000010     libhwa_xwr18xx.ae674 : hwa.oe674 (.fardata:gHwaEDMAChanMapping)
                  00817298    00000010     hwa_main.oe674 (.fardata:gIntfMitgConfig)
                  008172a8    00000010     dss_pe674.oe674 (.fardata:ti_sysbios_timers_rti_Timer_Module_State_0_intFreqs__A)
                  008172b8    00000010     dss_pe674.oe674 (.fardata:ti_sysbios_timers_rti_Timer_Module__state__V)
                  008172c8    0000000c     rts6740_elf.lib : exit.c.obj (.fardata)
                  008172d4    00000008     hwa_main.oe674 (.fardata:gCalibDcConfig)
                  008172dc    00000008     dss_pe674.oe674 (.fardata:ti_sysbios_gates_GateHwi_Module__root__V)
[...]
00814360  ti_sysbios_knl_Queue_Object__PARAMS__C                       
00814378  xdc_runtime_Startup_sfxnRts__A                               
0081438c  ti_sysbios_family_c64p_Cache_MAR128_159__C                   
008143a0  ti_sysbios_family_c64p_EventCombiner_EVTMASK__C              
008143b0  ti_sysbios_knl_Idle_funcList__C                              
008143b8  xdc_runtime_Startup_firstFxns__A                             
008143c0  xdc_runtime_Startup_firstFxns__C                             
008143c8  xdc_runtime_Startup_lastFxns__C                              
008143d6  ti_sysbios_family_c64p_Exception_Module__id__C               
008143d8  ti_sysbios_family_c64p_Cache_MAR160_191__C                   
008143dc  ti_sysbios_family_c64p_Cache_MAR192_223__C                   
008143e0  ti_sysbios_family_c64p_Cache_MAR224_255__C                   
008143e4  ti_sysbios_family_c64p_Cache_MAR32_63__C                     
008143e8  ti_sysbios_family_c64p_Cache_MAR64_95__C                     
008143ec  ti_sysbios_family_c64p_Cache_MAR96_127__C                    
008143f0  ti_sysbios_family_c64p_EventCombiner_A_invalidEventId__C     
008143f4  ti_sysbios_family_c64p_EventCombiner_EVTRegs__C              
008143f8  ti_sysbios_family_c64p_EventCombiner_E_unpluggedEvent__C     
008143fc  ti_sysbios_family_c64p_EventCombiner_Module__diagsEnabled__C 
00814400  ti_sysbios_family_c64p_EventCombiner_Module__diagsIncluded__C
00814404  ti_sysbios_family_c64p_EventCombiner_Module__diagsMask__C    
00814408  ti_sysbios_family_c64p_Exception_E_exceptionMax__C           
0081440c  ti_sysbios_family_c64p_Exception_exceptionHook__C            
00814410  ti_sysbios_family_c64p_Exception_externalHook__C             
00814414  ti_sysbios_family_c64p_Exception_internalHook__C             
00814418  ti_sysbios_family_c64p_Exception_nmiHook__C                  
0081441c  ti_sysbios_family_c64p_Hwi_INTRMUX1Address__C                
00814420  ti_sysbios_family_c64p_Hwi_LD_end__C                         
00814424  ti_sysbios_family_c64p_Hwi_LM_begin__C                       
00814428  ti_sysbios_family_c64p_Hwi_Module__diagsEnabled__C           
0081442c  ti_sysbios_family_c64p_Hwi_Module__diagsIncluded__C          
00814430  ti_sysbios_family_c64p_Hwi_Module__diagsMask__C              
00814434  ti_sysbios_family_c64p_Hwi_Module__loggerFxn1__C             
00814438  ti_sysbios_family_c64p_Hwi_Module__loggerFxn8__C             
0081443c  ti_sysbios_family_c64p_Hwi_Module__loggerObj__C              
00814440  ti_sysbios_gates_GateMutex_A_badContext__C                   
00814444  ti_sysbios_gates_GateMutex_Instance_State_sem__O             
00814448  ti_sysbios_gates_GateMutex_Module__diagsEnabled__C           
0081444c  ti_sysbios_gates_GateMutex_Module__diagsIncluded__C          
00814450  ti_sysbios_gates_GateMutex_Module__diagsMask__C              
00814454  ti_sysbios_hal_Hwi_E_stackOverflow__C                        
00814458  ti_sysbios_heaps_HeapMem_A_align__C                          
0081445c  ti_sysbios_heaps_HeapMem_A_heapSize__C                       
00814460  ti_sysbios_heaps_HeapMem_A_invalidFree__C                    
00814464  ti_sysbios_heaps_HeapMem_A_zeroBlock__C                      
00814468  ti_sysbios_heaps_HeapMem_E_memory__C                         
0081446c  ti_sysbios_heaps_HeapMem_Module__diagsEnabled__C             
00814470  ti_sysbios_heaps_HeapMem_Module__diagsIncluded__C            
00814474  ti_sysbios_heaps_HeapMem_Module__diagsMask__C                
00814478  ti_sysbios_heaps_HeapMem_Module__gateObj__C                  
0081447c  ti_sysbios_heaps_HeapMem_Object__count__C                    
00814480  ti_sysbios_heaps_HeapMem_reqAlign__C                         
00814484  ti_sysbios_knl_Clock_LM_begin__C                             
00814488  ti_sysbios_knl_Clock_LM_tick__C                              
0081448c  ti_sysbios_knl_Clock_LW_delayed__C                           
00814490  ti_sysbios_knl_Clock_Module_State_clockQ__O                  
00814494  ti_sysbios_knl_Clock_Module__diagsEnabled__C                 
00814498  ti_sysbios_knl_Clock_Module__diagsIncluded__C                
0081449c  ti_sysbios_knl_Clock_Module__diagsMask__C                    
008144a0  ti_sysbios_knl_Clock_Module__loggerFxn1__C                   
008144a4  ti_sysbios_knl_Clock_Module__loggerFxn2__C                   
008144a8  ti_sysbios_knl_Clock_Module__loggerObj__C                    
008144ac  ti_sysbios_knl_Semaphore_A_badContext__C                     
008144b0  ti_sysbios_knl_Idle_funcList__A                              
008144b4  ti_sysbios_knl_Semaphore_A_noEvents__C                       
008144b8  ti_sysbios_knl_Semaphore_A_overflow__C                       
008144bc  ti_sysbios_knl_Semaphore_A_pendTaskDisabled__C               
008144c0  ti_sysbios_knl_Semaphore_Instance_State_pendQ__O             
008144c4  ti_sysbios_knl_Semaphore_LM_pend__C                          
008144c8  ti_sysbios_knl_Semaphore_LM_post__C                          
008144cc  ti_sysbios_knl_Semaphore_Module__diagsEnabled__C             
008144d0  ti_sysbios_knl_Semaphore_Module__diagsIncluded__C            
008144d4  ti_sysbios_knl_Semaphore_Module__diagsMask__C                
008144d8  ti_sysbios_knl_Semaphore_Module__loggerFxn2__C               
008144dc  ti_sysbios_knl_Semaphore_Module__loggerFxn4__C               
008144e0  ti_sysbios_knl_Semaphore_Module__loggerObj__C                
008144e4  ti_sysbios_knl_Swi_LD_end__C                                 
008144e8  ti_sysbios_knl_Swi_LM_begin__C                               
008144ec  ti_sysbios_knl_Swi_LM_post__C                                
008144f0  ti_sysbios_knl_Swi_Module__diagsEnabled__C                   
008144f4  ti_sysbios_knl_Swi_Module__diagsIncluded__C                  
008144f8  ti_sysbios_knl_Swi_Module__diagsMask__C                      
008144fc  ti_sysbios_knl_Swi_Module__loggerFxn1__C                     
00814500  ti_sysbios_knl_Swi_Module__loggerFxn4__C                     
00814504  ti_sysbios_knl_Swi_Module__loggerObj__C                      
00814508  ti_sysbios_knl_Swi_Object__count__C                          
0081450c  ti_sysbios_knl_Task_A_badPriority__C                         
00814510  ti_sysbios_knl_Task_A_badTaskState__C                        
00814514  ti_sysbios_knl_Task_A_badThreadType__C                       
00814518  ti_sysbios_knl_Task_A_badTimeout__C                          
0081451c  ti_sysbios_knl_Task_A_noPendElem__C                          
00814520  ti_sysbios_knl_Task_A_sleepTaskDisabled__C                   
00814524  ti_sysbios_knl_Task_E_spOutOfBounds__C                       
00814528  ti_sysbios_knl_Task_E_stackOverflow__C                       
0081452c  ti_sysbios_knl_Task_LD_block__C                              
00814530  ti_sysbios_knl_Task_LD_exit__C                               
00814534  ti_sysbios_knl_Task_LD_ready__C                              
00814538  ti_sysbios_knl_Task_LM_sleep__C                              
0081453c  ti_sysbios_knl_Task_LM_switch__C                             
00814540  ti_sysbios_knl_Task_Module_State_inactiveQ__O                
00814544  ti_sysbios_knl_Task_Module__diagsEnabled__C                  
00814548  ti_sysbios_knl_Task_Module__diagsIncluded__C                 
0081454c  ti_sysbios_knl_Task_Module__diagsMask__C                     
00814550  ti_sysbios_knl_Task_Module__loggerFxn2__C                    
00814554  ti_sysbios_knl_Task_Module__loggerFxn4__C                    
00814558  ti_sysbios_knl_Task_Module__loggerObj__C                     
0081455c  ti_sysbios_knl_Task_Object__count__C                         
00814560  ti_sysbios_knl_Task_allBlockedFunc__C                        
00814564  ti_sysbios_knl_Task_defaultStackHeap__C                      
00814568  ti_sysbios_knl_Task_defaultStackSize__C                      
0081456c  ti_sysbios_knl_Task_numConstructedTasks__C                   
00814570  ti_sysbios_timers_rti_Timer_E_cannotSupport__C               
00814574  ti_sysbios_timers_rti_Timer_Module__diagsEnabled__C          
00814578  ti_sysbios_timers_rti_Timer_Module__diagsIncluded__C         
0081457c  ti_sysbios_timers_rti_Timer_Module__diagsMask__C             
00814580  ti_sysbios_timers_rti_Timer_numTimerDevices__C               
00814584  ti_sysbios_timers_rti_Timer_startupNeeded__C                 
00814588  xdc_runtime_Assert_E_assertFailed__C                         
0081458c  xdc_runtime_Core_A_initializedParams__C                      
00814590  xdc_runtime_Core_Module__diagsEnabled__C                     
00814594  xdc_runtime_Core_Module__diagsIncluded__C                    
00814598  xdc_runtime_Core_Module__diagsMask__C                        
0081459c  xdc_runtime_Error_E_memory__C                                
008145a0  xdc_runtime_Error_Module__diagsEnabled__C                    
008145a4  xdc_runtime_Error_Module__diagsIncluded__C                   
008145a8  xdc_runtime_Error_Module__diagsMask__C                       
008145ac  xdc_runtime_Error_Module__loggerFxn8__C                      
008145b0  xdc_runtime_Error_Module__loggerObj__C                       
008145b4  xdc_runtime_Error_policyFxn__C                               
008145b8  xdc_runtime_Error_policy__C                                  
008145bc  xdc_runtime_Error_raiseHook__C                               
008145c0  xdc_runtime_IGateProvider_Interface__BASE__C                 
008145c4  xdc_runtime_IHeap_Interface__BASE__C                         
008145c8  xdc_runtime_IModule_Interface__BASE__C                       
008145cc  xdc_runtime_Log_L_error__C                                   
008145d0  xdc_runtime_Memory_defaultHeapInstance__C                    
008145d4  xdc_runtime_Startup_execImpl__C                              
008145d8  xdc_runtime_Startup_maxPasses__C                             
008145dc  xdc_runtime_Startup_sfxnRts__C                               
008145e0  xdc_runtime_Startup_sfxnTab__C                               
008145e4  xdc_runtime_System_Module__gateObj__C                        
008145e8  xdc_runtime_System_abortFxn__C                               
008145ec  xdc_runtime_System_exitFxn__C                                
008145f0  xdc_runtime_System_extendFxn__C                              
008145f4  xdc_runtime_System_maxAtexitHandlers__C                      
008145f8  xdc_runtime_Text_charTab__C                                  
008145fc  xdc_runtime_Text_nameEmpty__C                                
00814600  xdc_runtime_Text_nameStatic__C                               
00814604  xdc_runtime_Text_nameUnknown__C                              
00814608  xdc_runtime_Text_nodeTab__C                                  
0081460c  xdc_runtime_Text_visitRopeFxn__C                             
00814610  ti_sysbios_family_c64p_Exception_useInternalBuffer__C        
00814612  ti_sysbios_family_c64p_Hwi_Module__id__C                     
00814614  ti_sysbios_family_c64p_Hwi_Module__loggerDefined__C          
00814616  ti_sysbios_gates_GateMutex_Module__id__C                     
00814618  ti_sysbios_hal_Hwi_Module__id__C                             
0081461a  ti_sysbios_heaps_HeapMem_Module__id__C                       
0081461c  ti_sysbios_knl_Clock_Module__id__C                           
0081461e  ti_sysbios_knl_Clock_Module__loggerDefined__C                
00814620  ti_sysbios_knl_Semaphore_Module__id__C                       
00814622  ti_sysbios_knl_Semaphore_Module__loggerDefined__C            
00814624  ti_sysbios_knl_Swi_Module__id__C                             
00814626  ti_sysbios_knl_Swi_Module__loggerDefined__C                  
00814628  ti_sysbios_knl_Task_Module__id__C                            
0081462a  ti_sysbios_knl_Task_Module__loggerDefined__C                 
0081462c  ti_sysbios_timers_rti_Timer_Module__id__C                    
0081462e  ti_sysbios_timers_rti_Timer_continueOnSuspend__C             
00814630  xdc_runtime_Core_Module__id__C                               
00814632  xdc_runtime_Error_Module__loggerDefined__C                   
00814634  xdc_runtime_Error_maxDepth__C                                
00814636  xdc_runtime_Main_Module__id__C                               
00814638  xdc_runtime_Memory_Module__id__C                             
0081463a  xdc_runtime_Text_charCnt__C                                  
0081463c  xdc_runtime_Text_isLoaded__C                                 
0081463e  xdc_runtime_Text_registryModsLastId__C                       
00814640  xdc_runtime_Text_unnamedModsLastId__C                        
00814648  _stack                                                       
00815648  __TI_STACK_END                                               
00815648  ti_sysbios_knl_Task_Instance_State_0_stack__A                
00816320  __TI_tmpnams                                                 
00816460  rangeProcDpuCfg                                              
0081653c  EDMA_errorInfo                                               
00816590  edmaDbg                                                      
008165a0  EDMA_transferControllerErrorInfo                             
008165a8  parmbuf                                                      
008165b0  ti_sysbios_family_c64p_EventCombiner_Module__state__V        
008169b0  _ftable                                                      
00816b90  _stream                                                      
00816c30  ti_sysbios_knl_Swi_Module_State_0_readyQ__A                  
00816cb0  ti_sysbios_knl_Task_Module_State_0_readyQ__A                 
00816d30  _device                                                      
00816da8  ti_sysbios_family_c64p_Hwi_Object__table__V                  
00816e20  ti_sysbios_family_c64p_Hwi_Module__state__V                  
00816e8c  _lock                                                        
00816e90  ti_sysbios_knl_Task_Object__table__V                         
00816eec  ti_sysbios_knl_Task_Module__state__V                         
00816f34  _unlock                                                      
00816fb8  SOC_TranslateAddr_LUT                                        
00817078  ti_sysbios_gates_GateMutex_Object__table__V                  
008170b8  ti_sysbios_timers_rti_Timer_Object__table__V                 
008170f4  __TI_ft_end                                                  
008170f8  gHWAHwCfg                                                    
00817128  ti_sysbios_family_c64p_Exception_Module__state__V            
00817158  ti_sysbios_knl_Swi_Object__table__V                          
00817188  ti_sysbios_knl_Clock_Module__state__V                        
008171b4  ti_sysbios_BIOS_Module__state__V                             
008171d8  gSOCHwAttrib                                                 
008171f8  xdc_runtime_Error_IgnoreBlock                                
00817218  xdc_runtime_System_Module_State_0_atexitHandlers__A          
00817238  ti_sysbios_knl_Swi_Module__state__V                          
00817254  __errno                                                      
00817254  errno                                                        
00817258  ti_sysbios_heaps_HeapMem_Object__table__V                    
00817270  ti_sysbios_timers_rti_Timer_Module_State_0_device__A         
00817288  gHwaEDMAChanMapping                                          
00817298  gIntfMitgConfig                                              
008172a8  ti_sysbios_timers_rti_Timer_Module_State_0_intFreqs__A       
008172b8  ti_sysbios_timers_rti_Timer_Module__state__V                 
008172c8  __TI_cleanup_ptr                                             
008172cc  __TI_dtors_ptr                                               
008172d0  __TI_enable_exit_profile_output                              
008172d4  gCalibDcConfig                                               
008172dc  ti_sysbios_gates_GateHwi_Module__root__V                     
008172e4  ti_sysbios_gates_GateMutex_Module__root__V                   
008172f0  ti_sysbios_hal_Hwi_Object__table__V                          
008172f8  ti_sysbios_heaps_HeapMem_Module__root__V                     
00817300  ti_sysbios_knl_Queue_Module__root__V                         
00817308  ti_sysbios_knl_Semaphore_Module__root__V                     
00817310  ti_sysbios_knl_Task_Module__root__V                          
00817318  ti_sysbios_timers_rti_Timer_Module_State_0_handles__A        
00817320  xdc_runtime_Registry_Module__state__V                        
00817328  xdc_runtime_Startup_Module__state__V                         
00817330  xdc_runtime_System_Module__state__V                          
00817338  gHWADriverPtr                                                
00817340  ti_sysbios_family_c64p_Cache_Module__state__V                
00817344  xdc_runtime_Memory_Module__state__V                          
00817348  ti_sysbios_gates_GateHwi_Object__table__V                    
0081734c  xdc_runtime_Error_Module__state__V                           
00817350  ti_sysbios_knl_Task_Module_State_0_idleTask__A               
00817358  pingChan                                                     
00817360  pingChanShadow                                               
00817368  pingDummyChanShadow                                          
00817370  pongChan                                                     
00817378  pongChanShadow                                               
00817380  pongDummyChanShadow                                          
00817388  __CIOBUF_                                                    
00817518  __TI_STATIC_BASE                                             
00817518  edmaHandle                                                   
0081751c  fileId                                                       
00817520  hwaHandle                                                    
00817524  rangeProcDpuHandle                                           
00817528  socHandle                                                    
0081752c  checkResultFlag                                              
0081752d  finalResults                                                 
0081752e  testFeatureStatus                                            
00817530  MCPI_Result                                                  
00817534  MCPI_FailSignature                                           
0081753c  gMCPILogMessageSize                                          
00817540  regionId                                                     
00f00000  adcDataInScratch                                             
20000000  radarCube                                                    
20030000  fft1DOut_ref                                                 
20048000  dataInBuffer                                                 
ffffffff  __TI_pprof_out_hndl                                          
ffffffff  __TI_prof_data_size                                          
ffffffff  __TI_prof_data_start                                         
ffffffff  __binit__                                                    
ffffffff  __c_args__                                                   
ffffffff  binit                                                        
UNDEFED   __TI_CINIT_Base                                              
UNDEFED   __TI_CINIT_Limit                                             
UNDEFED   __TI_Handler_Table_Base                                      
UNDEFED   __TI_Handler_Table_Limit                                     
UNDEFED   __TI_INITARRAY_Base                                          
UNDEFED   __TI_INITARRAY_Limit                                         
UNDEFED   __TI_TLS_INIT_Base                                           
UNDEFED   __TI_TLS_INIT_Limit                                          

[791 symbols]
