******************************************************************************
               TMS320C6x Linker PC v8.3.3                      
******************************************************************************
>> Linked Tue Dec 29 17:18:44 2020

OUTPUT FILE NAME:   <test/xwr16xx_objectdetection_test_dss.xe674>
ENTRY POINT SYMBOL: "_c_int00"  address: 007fd1e0


MEMORY CONFIGURATION

         name            origin    length      used     unused   attr    fill
----------------------  --------  ---------  --------  --------  ----  --------
PAGE 0:
  L2SRAM_UMAP1          007e0000   00020000  00020000  00000000  RWIX
  L2SRAM_UMAP0          00800000   00020000  0001b4ea  00004b16  RWIX
  L1PSRAM               00e00000   00004000  00000000  00004000  RWIX
  L1DSRAM               00f00000   00004000  00004000  00000000  RWIX
  L3SRAM                20000000   000c0000  000ba000  00006000  RWIX
  HSRAM                 21080000   00008000  00006580  00001a80  RWIX

PAGE 1:
  L3SRAM                20000000   000c0000  00000000  000c0000  RWIX


SEGMENT ALLOCATION MAP

run origin  load origin   length   init length attrs members
----------  ----------- ---------- ----------- ----- -------
007e0000    007e0000    00023000   00023000    r-x
  007e0000    007e0000    00000200   00000200    r-x .vecs
  007e0200    007e0200    0001fe00   0001fe00    r-x .text.1
  00800000    00800000    00002220   00002220    r-x .text.2
  00802220    00802220    00000de0   00000de0    r-- .const.1
00803000    00803000    00012400   00000000    rw-
  00803000    00803000    0000a000   00000000    rw- .l2Heap
  0080d000    0080d000    00008400   00000000    rw- systemHeap
00815400    00815400    00002ec4   00002ec4    r--
  00815400    00815400    00002ec4   00002ec4    r-- .const.2
008182c8    008182c8    00001734   00000000    rw-
  008182c8    008182c8    00001734   00000000    rw- .far
00819a00    00819a00    000019c0   0000109c    rw-
  00819a00    00819a00    0000109c   0000109c    rw- .fardata
  0081aaa0    0081aaa0    00000800   00000000    rw- .stack
  0081b2a0    0081b2a0    00000120   00000000    rw- .cio
0081b3c0    0081b3c0    000000f0   000000f0    r--
  0081b3c0    0081b3c0    000000f0   000000f0    r-- .switch
0081b4b0    0081b4b0    00000046   0000003c    rw-
  0081b4b0    0081b4b0    0000003c   0000003c    rw- .neardata
  0081b4ec    0081b4ec    0000000a   00000000    rw- .bss
00f00000    00f00000    00004000   00000000    rw-
  00f00000    00f00000    00004000   00000000    rw- .l1Heap
20000000    20000000    000ba000   000ba000    rwx
  20000000    20000000    000ba000   000ba000    rwx .l3ram
21080000    21080000    00006580   00000000    rw-
  21080000    21080000    00004000   00000000    rw- .hsram
  21084000    21084000    00002580   00000000    rw- .MCPILogBuffer


SECTION ALLOCATION MAP

 output                                  attributes/
section   page    origin      length       input sections
--------  ----  ----------  ----------   ----------------
xdc.meta   0    00000000    00000130     COPY SECTION
                  00000000    00000130     dss_pe674.oe674 (xdc.meta)

.vecs      0    007e0000    00000200     
                  007e0000    00000200     dss_pe674.oe674 (.vecs)

.stack     0    0081aaa0    00000800     UNINITIALIZED
                  0081aaa0    00000008     boot.ae674 : boot.oe674 (.stack)
                  0081aaa8    000007f8     --HOLE--

.neardata 
*          0    0081b4b0    0000003c     
                  0081b4b0    0000001e     main.oe674 (.neardata)
                  0081b4ce    00000002     --HOLE-- [fill = 0]
                  0081b4d0    0000000c     libtestlogger_xwr16xx.ae674 : logger.oe674 (.neardata)
                  0081b4dc    00000004     libdpm_xwr16xx.ae674 : dpm_mailbox.oe674 (.neardata)
                  0081b4e0    00000008     gen_frame_data.oe674 (.neardata)
                  0081b4e8    00000004     libedma_xwr16xx.ae674 : edma_low_level.oe674 (.neardata)

.bss       0    0081b4ec    0000000a     UNINITIALIZED
                  0081b4ec    00000004     (.common:gObjDetObj)
                  0081b4f0    00000004     (.common:socHandle)
                  0081b4f4    00000002     (.common:gCurrTestId)

.cinit     0    00800000    00000000     UNINITIALIZED

.text.1    0    007e0200    0001fe00     
                  007e0200    00000ba0     sysbios.ae674 : BIOS.obj (.text:xdc_runtime_System_doPrint__I)
                  007e0da0    00000b00     libmmwavealg_xwr16xx.ae674 : mmwavelib_ffttwiddle_gen.oe674 (.text:mmwavelib_gen_twiddle_largefft_16x16_imre_sa)
                  007e18a0    00000960     libaoaproc_dsp_xwr16xx.ae674 : aoaprocdsp.oe674 (.text:AoAProcDSP_processMultipleVirtualAntennas)
                  007e2200    00000940     objectdetection.oe674 (.text:DPC_ObjectDetection_ioctl)
                  007e2b40    00000780     sysbios.ae674 : BIOS.obj (.text:ti_sysbios_family_c64p_Exception_handler__I)
                  007e32c0    00000720     objectdetection.oe674 (.text:DPC_ObjDetDSP_rangeBiasRxChPhaseMeasure)
                  007e39e0    000006a0     librangeproc_dsp_xwr16xx.ae674 : rangeprocdsp.oe674 (.text:DPU_RangeProcDSP_process)
                  007e4080    000006a0     libmmwavealg_xwr16xx.ae674 : mmwavelib_cfarca_sogo.oe674 (.text:mmwavelib_cfarCadB_SOGO_wNoise)
                  007e4720    000006a0     sysbios.ae674 : BIOS.obj (.text:ti_sysbios_knl_Semaphore_pend__E)
                  007e4dc0    00000680     objectdetection.oe674 (.text:DPC_ObjDetDSP_preStartConfig)
                  007e5440    00000680     sysbios.ae674 : BIOS.obj (.text:ti_sysbios_heaps_HeapMem_allocUnprotected__E)
                  007e5ac0    00000660                   : BIOS.obj (.text:ti_sysbios_heaps_HeapMem_freeUnprotected__E)
                  007e6120    000005c0     libdopplerproc_dsp_xwr16xx.ae674 : dopplerprocdsp.oe674 (.text:DPU_DopplerProcDSP_process)
                  007e66e0    000005c0     librangeproc_dsp_xwr16xx.ae674 : rangeproc_interference.oe674 (.text:intfMitgCreateIIBArr)
                  007e6ca0    000005a0     sysbios.ae674 : BIOS.obj (.text:ti_sysbios_knl_Task_Instance_finalize__E)
                  007e7240    00000580     libaoaproc_dsp_xwr16xx.ae674 : aoaprocdsp.oe674 (.text:DPU_AoAProcDSP_config)
                  007e77c0    00000580     libmmwavealg_xwr16xx.ae674 : mmwavelib_peakpruning.oe674 (.text:mmwavelib_cfarPeakQualifiedInOrderPruning)
                  007e7d40    00000560     librangeproc_dsp_xwr16xx.ae674 : rangeprocdsp.oe674 (.text:DPU_RangeProcDSP_config)
                  007e82a0    000004e0     libmmwavealg_xwr16xx.ae674 : mmwavelib_windowcoef_gen.oe674 (.text:mmwavelib_windowCoef_gen)
                  007e8780    000004c0     objectdetection.oe674 (.text:DPC_ObjDetDSP_AoAconfig)
                  007e8c40    000004a0     libdopplerproc_dsp_xwr16xx.ae674 : dopplerprocdsp.oe674 (.text:DPU_DopplerProcDSP_config)
                  007e90e0    00000460     libmmwavealg_xwr16xx.ae674 : mmwavelib_cfarca.oe674 (.text:mmwavelib_cfarCadBwrap_wNoise)
                  007e9540    00000440     libcfarcaproc_dsp_xwr16xx.ae674 : cfarcaprocdsp.oe674 (.text:CFARCADSP_processRangeDomain)
                  007e9980    00000440     sysbios.ae674 : BIOS.obj (.text:ti_sysbios_knl_Task_Instance_init__E)
                  007e9dc0    00000420     libmailbox_xwr16xx.ae674 : mailbox.oe674 (.text:Mailbox_open)
                  007ea1e0    00000400     libaoaproc_dsp_xwr16xx.ae674 : aoaprocdsp.oe674 (.text:AoAProcDSP_RangeAzimuthHeatmap)
                  007ea5e0    000003e0     libmmwavealg_xwr16xx.ae674 : mmwavelib_peakpruning.oe674 (.text:mmwavelib_cfarPeakPruning)
                  007ea9c0    000003e0     sysbios.ae674 : BIOS.obj (.text:ti_sysbios_knl_Task_sleep__E)
                  007eada0    000003e0                   : BIOS.obj (.text:ti_sysbios_utils_Load_updateThreadContexts__E)
                  007eb180    000003a0     libcfarcaproc_dsp_xwr16xx.ae674 : cfarcaprocdsp.oe674 (.text:DPU_CFARCAProcDSP_process)
                  007eb520    00000380     dsplib.ae64P : DSP_fft32x32_sa.oe64P (.text:psa)
                  007eb8a0    00000360     libdpm_xwr16xx.ae674 : dpm_core.oe674 (.text:DPM_init)
                  007ebc00    00000360                          : dpm_msg.oe674 (.text:DPM_msgRecv)
                  007ebf60    00000340     libcfarcaproc_dsp_xwr16xx.ae674 : cfarcaprocdsp.oe674 (.text:CFARCADSP_processDopplerDomain)
                  007ec2a0    00000340     librangeproc_dsp_xwr16xx.ae674 : rangeprocdsp.oe674 (.text:rangeProcDSP_dcRangeSignatureCompensation)
                  007ec5e0    00000320     rts6740_elf.lib : cos.c.obj (.text:cos)
                  007ec900    00000320                     : fputs.c.obj (.text:fputs)
                  007ecc20    00000300     objectdetection.oe674 (.text:DPC_ObjDetDSP_rangeConfig)
                  007ecf20    00000300     dsplib.ae64P : DSP_fft16x16_imre_sa.oe64P (.text:psa)
                  007ed220    000002e0     objectdetection.oe674 (.text:DPC_ObjectDetection_execute)
                  007ed500    000002e0     rts6740_elf.lib : sin.c.obj (.text:sin)
                  007ed7e0    000002e0     sysbios.ae674 : BIOS.obj (.text:ti_sysbios_heaps_HeapMem_Instance_init__E)
                  007edac0    000002e0                   : BIOS.obj (.text:xdc_runtime_Core_createObject__I)
                  007edda0    000002c0     libaoaproc_dsp_xwr16xx.ae674 : aoaprocdsp.oe674 (.text:AoAProcDSP_dopplerCompensation)
                  007ee060    000002c0     objectdetection.oe674 (.text:DPC_ObjDetDSP_dopplerConfig)
                  007ee320    000002c0     libedma_xwr16xx.ae674 : edma.oe674 (.text:EDMA_configChannel)
                  007ee5e0    000002c0                           : edma.oe674 (.text:EDMA_configErrorMonitoring)
                  007ee8a0    000002c0     sysbios.ae674 : BIOS.obj (.text:ti_sysbios_knl_Task_postInit__I)
                  007eeb60    000002c0                   : BIOS.obj (.text:ti_sysbios_timers_rti_Timer_Module_startup__E)
                  007eee20    000002a0     libaoaproc_dsp_xwr16xx.ae674 : aoaprocdsp.oe674 (.text:AoAProcDSP_XYZestimation)
                  007ef0c0    000002a0                                  : aoaprocdsp.oe674 (.text:DPU_AoAProcDSP_control)
                  007ef360    000002a0     libedma_xwr16xx.ae674 : edma.oe674 (.text:EDMA_open)
                  007ef600    000002a0     sysbios.ae674 : BIOS.obj (.text:ti_sysbios_family_c64p_EventCombiner_dispatch__E)
                  007ef8a0    000002a0                   : BIOS.obj (.text:ti_sysbios_timers_rti_Timer_getFreq__E)
                  007efb40    00000280     libcfarcaproc_dsp_xwr16xx.ae674 : cfarcaprocdsp.oe674 (.text:DPU_CFARCAProcDSP_config)
                  007efdc0    00000280     rts6740_elf.lib : divf.c.obj (.text:__c6xabi_divf)
                  007f0040    00000280     sysbios.ae674 : BIOS.obj (.text:ti_sysbios_family_c64p_Cache_Module_startup__E)
                  007f02c0    00000280                   : BIOS.obj (.text:xdc_runtime_Startup_startMods__I)
                  007f0540    00000260                   : BIOS.obj (.text:ti_sysbios_gates_GateMutex_enter__E)
                  007f07a0    00000240     libcfarcaproc_dsp_xwr16xx.ae674 : cfarcaprocdsp.oe674 (.text:DPU_CFARCAProcDSP_control)
                  007f09e0    00000240     librangeproc_dsp_xwr16xx.ae674 : rangeproc_interference.oe674 (.text:intfMitgPerformLinearInterp)
                  007f0c20    00000240     libmmwavealg_xwr16xx.ae674 : mmwavelib_ffttwiddle_gen.oe674 (.text:mmwavelib_gen_twiddle_fft16x16_imre_sa)
                  007f0e60    00000240     sysbios.ae674 : BIOS.obj (.text:ti_sysbios_family_c64p_Exception_internalHandler__I)
                  007f10a0    00000240                   : BIOS.obj (.text:xdc_runtime_Error_policyDefault__E)
                  007f12e0    00000240     dss_pe674.oe674 (.text:xdc_runtime_System_printfExtend__I)
                  007f1520    00000220     objectdetection.oe674 (.text:DPC_ObjDetDSP_CFARCAconfig)
                  007f1740    00000220     libedma_xwr16xx.ae674 : edma.oe674 (.text:EDMA_transferComplete_isr)
                  007f1960    00000220     libmailbox_xwr16xx.ae674 : mailbox.oe674 (.text:Mailbox_write)
                  007f1b80    00000220     rts6740_elf.lib : open.c.obj (.text:open)
                  007f1da0    00000220     sysbios.ae674 : BIOS.obj (.text:ti_sysbios_family_c64p_EventCombiner_dispatchPlug__E)
                  007f1fc0    00000220                   : BIOS.obj (.text:ti_sysbios_family_c64p_EventCombiner_enableEvent__E)
                  007f21e0    00000200     libdpm_xwr16xx.ae674 : dpm_msg.oe674 (.text:DPM_msgResultHandler)
                  007f23e0    00000200     libaoaproc_dsp_xwr16xx.ae674 : aoaprocdsp.oe674 (.text:DPU_AoAProcDSP_process)
                  007f25e0    00000200     sysbios.ae674 : c64p_Hwi_disp_always.obj (.text:_ti_sysbios_family_c64p_Hwi_dispatchAlways)
                  007f27e0    00000200     libmmwavealg_xwr16xx.ae674 : mmwavelib_log2abs.oe674 (.text:mmwavelib_log2Abs32)
                  007f29e0    00000200     sysbios.ae674 : BIOS.obj (.text:ti_sysbios_family_c64p_EventCombiner_disableEvent__E)
                  007f2be0    00000200                   : BIOS.obj (.text:ti_sysbios_utils_Load_idleFxn__E)
                  007f2de0    00000200                   : BIOS.obj (.text:xdc_runtime_Core_constructObject__I)
                  007f2fe0    000001e0     objectdetection.oe674 (.text:DPC_ObjectDetection_init)
                  007f31c0    000001e0     librangeproc_dsp_xwr16xx.ae674 : rangeprocdsp.oe674 (.text:DPU_RangeProcDSP_control)
                  007f33a0    000001e0     libedma_xwr16xx.ae674 : edma.oe674 (.text:EDMA_init)
                  007f3580    000001e0     rts6740_elf.lib : log.c.obj (.text:log)
                  007f3760    000001e0     libmmwavealg_xwr16xx.ae674 : mmwavelib_ffttwiddle_gen.oe674 (.text:mmwavelib_gen_twiddle_smallfft_32x32)
                  007f3940    000001e0                                : mmwavelib_windowing.oe674 (.text:mmwavelib_windowing16x16_evenlen)
                  007f3b20    000001e0     sysbios.ae674 : BIOS.obj (.text:ti_sysbios_knl_Semaphore_post__E)
                  007f3d00    000001c0     libdpedma_base_xwr16xx.ae674 : dpedma.oe674 (.text:DPEDMA_configSyncAB)
                  007f3ec0    000001c0                                  : dpedma.oe674 (.text:DPEDMA_configSyncA_singleFrame)
                  007f4080    000001c0     libmailbox_xwr16xx.ae674 : mailbox.oe674 (.text:Mailbox_read)
                  007f4240    000001c0     libsoc_xwr16xx.ae674 : soc.oe674 (.text:SOC_deregisterSysIntListener)
                  007f4400    000001c0     rts6740_elf.lib : imath40.c.obj (.text:__c6xabi_divul)
                  007f45c0    000001c0                     : atan2.c.obj (.text:atan2)
                  007f4780    000001c0                     : fputc.c.obj (.text:fputc)
                  007f4940    000001c0                     : frexp.c.obj (.text:frexp)
                  007f4b00    000001c0     libmmwavealg_xwr16xx.ae674 : mmwavelib_secondpeak.oe674 (.text:mmwavelib_secondPeakSearch)
                  007f4cc0    000001c0     rts6740_elf.lib : setvbuf.c.obj (.text:setvbuf)
                  007f4e80    000001c0     sysbios.ae674 : BIOS.obj (.text:ti_sysbios_knl_Swi_restoreHwi__E)
                  007f5040    000001c0                   : BIOS.obj (.text:ti_sysbios_knl_Task_checkStacks__E)
                  007f5200    000001c0                   : BIOS.obj (.text:xdc_runtime_Text_putSite__E)
                  007f53c0    000001a0     libedma_xwr16xx.ae674 : edma.oe674 (.text:EDMA_paramConfig_assist)
                  007f5560    000001a0     rts6740_elf.lib : hostrename.c.obj (.text:HOSTrename)
                  007f5700    000001a0     sysbios.ae674 : BIOS.obj (.text:ti_sysbios_family_c64p_Cache_getL2InitSize__I)
                  007f58a0    000001a0                   : BIOS.obj (.text:ti_sysbios_heaps_HeapBuf_Module_startup__E)
                  007f5a40    000001a0                   : BIOS.obj (.text:ti_sysbios_knl_Swi_runLoop__I)
                  007f5be0    000001a0                   : BIOS.obj (.text:ti_sysbios_knl_Task_exit__E)
                  007f5d80    000001a0                   : BIOS.obj (.text:ti_sysbios_timers_rti_Timer_startup__E)
                  007f5f20    00000180     libdpm_xwr16xx.ae674 : dpm_core.oe674 (.text:DPM_deinit)
                  007f60a0    00000180                          : dpm_core.oe674 (.text:DPM_ioctl)
                  007f6220    00000180     rts6740_elf.lib : ldexp.c.obj (.text:ldexp)
                  007f63a0    00000180     sysbios.ae674 : c64p_Exception_asm.obj (.text)
                  007f6520    00000180                   : BIOS.obj (.text:ti_sysbios_knl_Task_schedule__I)
                  007f66a0    00000180                   : BIOS.obj (.text:ti_sysbios_utils_Load_startup__E)
                  007f6820    00000160     libdpm_xwr16xx.ae674 : dpm_msg.oe674 (.text:DPM_msgResponseHandler)
                  007f6980    00000160     libedma_xwr16xx.ae674 : edma.oe674 (.text:EDMA_getErrorStatusInfo)
                  007f6ae0    00000160     libmailbox_xwr16xx.ae674 : mailbox.oe674 (.text:Mailbox_close)
                  007f6c40    00000160     libsoc_xwr16xx.ae674 : soc.oe674 (.text:SOC_registerSysIntListener)
                  007f6da0    00000160     rts6740_elf.lib : _bufread.c.obj (.text:__TI_buff_read)
                  007f6f00    00000160                     : sqrt.c.obj (.text:sqrt)
                  007f7060    00000160     sysbios.ae674 : BIOS.obj (.text:ti_sysbios_family_c64p_Cache_getL1DInitSize__I)
                  007f71c0    00000160                   : BIOS.obj (.text:ti_sysbios_family_c64p_Cache_getL1PInitSize__I)
                  007f7320    00000160                   : BIOS.obj (.text:ti_sysbios_family_c64p_Hwi_Module_startup__E)
                  007f7480    00000160                   : BIOS.obj (.text:xdc_runtime_Core_deleteObject__I)
                  007f75e0    00000140     libaoaproc_dsp_xwr16xx.ae674 : aoaprocdsp.oe674 (.text:AoAProcDSP_ConvertFov)
                  007f7720    00000140     libedma_xwr16xx.ae674 : edma_low_level.oe674 (.text:EDMA3Init)
                  007f7860    00000140                           : edma.oe674 (.text:EDMA_clearErrors)
                  007f79a0    00000140     libsoc_xwr16xx.ae674 : soc.oe674 (.text:SOC_init)
                  007f7ae0    00000140     librangeproc_dsp_xwr16xx.ae674 : rangeprocdsp.oe674 (.text:rangeProcDSP_ConfigDataOutEDMA)
                  007f7c20    00000140     sysbios.ae674 : BIOS.obj (.text:ti_sysbios_knl_Semaphore_Instance_init__E)
                  007f7d60    00000140                   : BIOS.obj (.text:ti_sysbios_knl_Task_Module_startup__E)
                  007f7ea0    00000140                   : BIOS.obj (.text:ti_sysbios_knl_Task_startCore__E)
                  007f7fe0    00000140                   : BIOS.obj (.text:ti_sysbios_timers_rti_Timer_initDevice__I)
                  007f8120    00000140                   : BIOS.obj (.text:ti_sysbios_utils_Load_addTask__E)
                  007f8260    00000140                   : BIOS.obj (.text:ti_sysbios_utils_Load_updateLoads__E)
                  007f83a0    00000140                   : BIOS.obj (.text:xdc_runtime_Memory_alloc__E)
                  007f84e0    00000140                   : BIOS.obj (.text:xdc_runtime_Text_putLab__E)
                  007f8620    00000140                   : BIOS.obj (.text:xdc_runtime_Text_putMod__E)
                  007f8760    00000140                   : BIOS.obj (.text:xdc_runtime_Text_visitRope2__I)
                  007f88a0    00000120     objectdetection.oe674 (.text:DPC_ObjDetDSP_GetRxChPhaseComp)
                  007f89c0    00000120     objectdetection.oe674 (.text:DPC_ObjDetDSP_reconfigSubFrame)
                  007f8ae0    00000120     libdpm_xwr16xx.ae674 : dpm_msg.oe674 (.text:DPM_msgDPCCfgHandler)
                  007f8c00    00000120     libedma_xwr16xx.ae674 : edma.oe674 (.text:EDMA_configParamSet)
                  007f8d20    00000120     boot.ae674 : autoinit.oe674 (.text:_auto_init_elf)
                  007f8e40    00000120     rts6740_elf.lib : getdevice.c.obj (.text:getdevice)
                  007f8f60    00000120     librangeproc_dsp_xwr16xx.ae674 : rangeproc_interference.oe674 (.text:intfMitgThresholdComputation)
                  007f9080    00000120     mathlib.ae674 : cossp.oe674 (.text:optasm)
                  007f91a0    00000120                   : sinsp.oe674 (.text:optasm)
                  007f92c0    00000120     sysbios.ae674 : BIOS.obj (.text:ti_sysbios_knl_Clock_workFunc__E)
                  007f93e0    00000120                   : BIOS.obj (.text:ti_sysbios_timers_rti_Timer_setPeriodMicroSecs__E)
                  007f9500    00000120                   : BIOS.obj (.text:ti_sysbios_utils_Load_taskCreateHook__E)
                  007f9620    00000120                   : BIOS.obj (.text:ti_sysbios_utils_Load_taskDeleteHook__E)
                  007f9740    00000100     libmailbox_xwr16xx.ae674 : mailbox.oe674 (.text:Mailbox_readFlush)
                  007f9840    00000100     libsoc_xwr16xx.ae674 : soc_xwr16xx_dss.oe674 (.text:SOC_deviceInit)
                  007f9940    00000100                          : soc_xwr16xx.oe674 (.text:SOC_translateAddress)
                  007f9a40    00000100     rts6740_elf.lib : atoi.c.obj (.text:atoi)
                  007f9b40    00000100                     : fflush.c.obj (.text:fflush)
                  007f9c40    00000100                     : fseek.c.obj (.text:fseek)
                  007f9d40    00000100     libmmwavealg_xwr16xx.ae674 : mmwavelib_dftsinglebin.oe674 (.text:mmwavelib_dftSinCosTabelGen)
                  007f9e40    00000100     sysbios.ae674 : BIOS.obj (.text:xdc_runtime_Error_print__E)
                  007f9f40    00000100                   : BIOS.obj (.text:xdc_runtime_Startup_exec__E)
                  007fa040    000000e0     objectdetection.oe674 (.text:DPC_ObjectDetection_deinit)
                  007fa120    000000e0     libdpm_xwr16xx.ae674 : dpm_core.oe674 (.text:DPM_execute)
                  007fa200    000000e0                          : dpm_pipe.oe674 (.text:DPM_pipeSend)
                  007fa2e0    000000e0     libedma_xwr16xx.ae674 : edma.oe674 (.text:EDMA_close)
                  007fa3c0    000000e0                           : edma.oe674 (.text:EDMA_isTransferComplete)
                  007fa4a0    000000e0                           : edma.oe674 (.text:EDMA_transferController_error_isr)
                  007fa580    000000e0     rts6740_elf.lib : hostlseek.c.obj (.text:HOSTlseek)
                  007fa660    000000e0                     : hostopen.c.obj (.text:HOSTopen)
                  007fa740    000000e0                     : hostwrite.c.obj (.text:HOSTwrite)
                  007fa820    000000e0     libmailbox_xwr16xx.ae674 : mailbox.oe674 (.text:Mailbox_boxFullISRMssDss)
                  007fa900    000000e0     rts6740_elf.lib : _ltoa.c.obj (.text:__TI_ltoa)
                  007fa9e0    000000e0                     : _io_perm.c.obj (.text:__TI_wrt_ok)
                  007faac0    000000e0                     : divi.asm.obj (.text:__divi)
                  007faba0    000000e0                     : close.c.obj (.text:close)
                  007fac80    000000e0                     : exit.c.obj (.text:exit)
                  007fad60    000000e0                     : memset.c.obj (.text:memset)
                  007fae40    000000e0                     : printf.c.obj (.text:printf)
                  007faf20    000000e0     sysbios.ae674 : BIOS.obj (.text:ti_sysbios_utils_Load_updateCurrentThreadTime__E)
                  007fb000    000000c0     libaoaproc_dsp_xwr16xx.ae674 : aoaprocdsp.oe674 (.text:AoAProcDSP_computeHeatMapVal)
                  007fb0c0    000000c0     libcfarcaproc_dsp_xwr16xx.ae674 : cfarcaprocdsp.oe674 (.text:CFARCADSP_saveConfiguration)
                  007fb180    000000c0     libdpm_xwr16xx.ae674 : dpm_mailbox.oe674 (.text:DPM_mboxRemoteMailboxCallbackFxn)
                  007fb240    000000c0     libdopplerproc_dsp_xwr16xx.ae674 : dopplerprocdsp.oe674 (.text:DPU_DopplerProcDSP_log2AbsAccum)
                  007fb300    000000c0     libedma_xwr16xx.ae674 : edma.oe674 (.text:EDMA_error_isr)
                  007fb3c0    000000c0                           : edma.oe674 (.text:EDMA_startDmaTransfer)
                  007fb480    000000c0     rts6740_elf.lib : hostread.c.obj (.text:HOSTread)
                  007fb540    000000c0                     : hostunlink.c.obj (.text:HOSTunlink)
                  007fb600    000000c0     libmailbox_xwr16xx.ae674 : mailbox.oe674 (.text:Mailbox_boxFullISRProcessing)
                  007fb6c0    000000c0     objectdetection.oe674 (.text:_DPC_Objdet_Assert)
                  007fb780    000000c0     rts6740_elf.lib : fflush.c.obj (.text:__TI_doflush)
                  007fb840    000000c0                     : divu.asm.obj (.text:__divu)
                  007fb900    000000c0                     : remi.asm.obj (.text:__remi)
                  007fb9c0    000000c0     librangeproc_dsp_xwr16xx.ae674 : rangeproc_interference.oe674 (.text:intfMitgCreateLinearInterpCoeffsFromIIB)
                  007fba80    000000c0     libmmwavealg_xwr16xx.ae674 : mmwavelib_maxpow.oe674 (.text:mmwavelib_maxpow)
                  007fbb40    000000c0                                : mmwavelib_maxpow.oe674 (.text:mmwavelib_powerAndMax)
                  007fbc00    000000c0     rts6740_elf.lib : modf.c.obj (.text:modf)
                  007fbcc0    000000c0     sysbios.ae674 : BIOS.obj (.text:ti_sysbios_family_c64p_Hwi_dispatchCore__I)
                  007fbd80    000000c0                   : BIOS.obj (.text:ti_sysbios_heaps_HeapMem_alloc__E)
                  007fbe40    000000c0                   : BIOS.obj (.text:ti_sysbios_heaps_HeapMem_getStats__E)
                  007fbf00    000000c0                   : BIOS.obj (.text:ti_sysbios_knl_Swi_schedule__I)
                  007fbfc0    000000c0                   : BIOS.obj (.text:ti_sysbios_knl_Task_allBlockedFunction__I)
                  007fc080    000000c0     dss_pe674.oe674 (.text:ti_sysbios_knl_Task_create)
                  007fc140    000000c0     sysbios.ae674 : BIOS.obj (.text:ti_sysbios_utils_Load_taskSwitchHook__E)
                  007fc200    000000c0     rts6740_elf.lib : tls.c.obj (.text:tls:init:__TI_tls_init)
                  007fc2c0    000000c0     sysbios.ae674 : BIOS.obj (.text:xdc_runtime_Assert_raise__I)
                  007fc380    000000a0     libcfarcaproc_dsp_xwr16xx.ae674 : cfarcaprocdsp.oe674 (.text:CFARCADSP_configEDMARangeDomain)
                  007fc420    000000a0                                     : cfarcaprocdsp.oe674 (.text:CFARCADSP_fovConvertDoppler)
                  007fc4c0    000000a0     objectdetection.oe674 (.text:DPC_ObjDetDSP_GenDopplerWindow)
                  007fc560    000000a0     objectdetection.oe674 (.text:DPC_ObjDetDSP_GenRangeWindow)
                  007fc600    000000a0     objectdetection.oe674 (.text:DPC_ObjectDetection_frameStart)
                  007fc6a0    000000a0     objectdetection.oe674 (.text:DPC_ObjectDetection_start)
                  007fc740    000000a0     libdpedma_base_xwr16xx.ae674 : dpedma.oe674 (.text:DPEDMA_setup_shadow_link)
                  007fc7e0    000000a0     libdpm_xwr16xx.ae674 : dpm_mailbox.oe674 (.text:DPM_mboxInit)
                  007fc880    000000a0                          : dpm_msg.oe674 (.text:DPM_msgStartHandler)
                  007fc920    000000a0                          : dpm_msg.oe674 (.text:DPM_msgStopHandler)
                  007fc9c0    000000a0                          : dpm_core.oe674 (.text:DPM_notifyExecute)
                  007fca60    000000a0                          : dpm_pipe.oe674 (.text:DPM_pipeRecv)
                  007fcb00    000000a0                          : dpm_core.oe674 (.text:DPM_start)
                  007fcba0    000000a0                          : dpm_core.oe674 (.text:DPM_stop)
                  007fcc40    000000a0     libedma_xwr16xx.ae674 : edma_low_level.oe674 (.text:EDMA3EnableChInShadowReg)
                  007fcce0    000000a0                           : edma.oe674 (.text:EDMA_disableChannel)
                  007fcd80    000000a0                           : edma.oe674 (.text:EDMA_enableChannel)
                  007fce20    000000a0     rts6740_elf.lib : hostclose.c.obj (.text:HOSTclose)
                  007fcec0    000000a0     libmailbox_xwr16xx.ae674 : mailbox.oe674 (.text:Mailbox_boxEmptyISRProcessing)
                  007fcf60    000000a0     libsoc_xwr16xx.ae674 : soc.oe674 (.text:SOC_SystemISR)
                  007fd000    000000a0     rts6740_elf.lib : _io_perm.c.obj (.text:__TI_rd_ok)
                  007fd0a0    000000a0                     : round.c.obj (.text:__c6xabi_nround)
                  007fd140    000000a0                     : remu.asm.obj (.text:__remu)
                  007fd1e0    000000a0     boot.ae674 : boot.oe674 (.text:_c_int00)
                  007fd280    000000a0     rts6740_elf.lib : getdevice.c.obj (.text:finddevice)
                  007fd320    000000a0                     : memcpy64.asm.obj (.text:memcpy)
                  007fd3c0    000000a0     libmmwavealg_xwr16xx.ae674 : mmwavelib_vecsum.oe674 (.text:mmwavelib_vecsum)
                  007fd460    000000a0                                : mmwavelib_windowing.oe674 (.text:mmwavelib_windowing16x32_IQswap)
                  007fd500    000000a0     mathlib.ae674 : sqrtsp.oe674 (.text:optasm)
                  007fd5a0    000000a0     sysbios.ae674 : BIOS.obj (.text:ti_sysbios_family_c64p_Exception_Module_startup__E)
                  007fd640    000000a0                   : BIOS.obj (.text:ti_sysbios_family_c64p_Hwi_dispatchC__I)
                  007fd6e0    000000a0                   : BIOS.obj (.text:ti_sysbios_family_c64p_Hwi_getStackInfo__E)
                  007fd780    000000a0                   : BIOS.obj (.text:ti_sysbios_hal_Hwi_checkStack)
                  007fd820    000000a0                   : BIOS.obj (.text:ti_sysbios_knl_Semaphore_pendTimeout__I)
                  007fd8c0    000000a0                   : BIOS.obj (.text:xdc_runtime_Core_assignLabel__I)
                  007fd960    000000a0                   : BIOS.obj (.text:xdc_runtime_Core_assignParams__I)
                  007fda00    000000a0                   : BIOS.obj (.text:xdc_runtime_System_atexit__E)
                  007fdaa0    000000a0                   : BIOS.obj (.text:xdc_runtime_System_exit__E)
                  007fdb40    000000a0                   : BIOS.obj (.text:xdc_runtime_Text_printVisFxn__I)
                  007fdbe0    000000a0                   : BIOS.obj (.text:xdc_runtime_Text_xprintf__I)
                  007fdc80    00000080     libaoaproc_dsp_xwr16xx.ae674 : aoaprocdsp.oe674 (.text:AoAProcDSP_waitInData)
                  007fdd00    00000080     libcfarcaproc_dsp_xwr16xx.ae674 : cfarcaprocdsp.oe674 (.text:CFARCADSP_fovConvertRange)
                  007fdd80    00000080     objectdetection.oe674 (.text:DPC_ObjectDetection_chirpEvent)
                  007fde00    00000080     objectdetection.oe674 (.text:DPC_ObjectDetection_stop)
                  007fde80    00000080     libdpm_xwr16xx.ae674 : dpm_mailbox.oe674 (.text:DPM_mboxSendResult)
                  007fdf00    00000080                          : dpm_pipe.oe674 (.text:DPM_pipeDeinit)
                  007fdf80    00000080                          : dpm_pipe.oe674 (.text:DPM_pipeInit)
                  007fe000    00000080     libcfarcaproc_dsp_xwr16xx.ae674 : cfarcaprocdsp.oe674 (.text:DPU_CFARCAProcDSP_init)
                  007fe080    00000080     libdopplerproc_dsp_xwr16xx.ae674 : dopplerprocdsp.oe674 (.text:DPU_DopplerProcDSP_control)
                  007fe100    00000080                                      : dopplerprocdsp.oe674 (.text:DPU_DopplerProcDSP_init)
                  007fe180    00000080     libedma_xwr16xx.ae674 : edma_low_level.oe674 (.text:EDMA3MapChToEvtQ)
                  007fe200    00000080                           : edma.oe674 (.text:EDMA_getTransferControllerErrorStatusInfo)
                  007fe280    00000080                           : edma.oe674 (.text:EDMA_linkParamSets)
                  007fe300    00000080     libosal_xwr16xx.ae674 : SemaphoreP_tirtos.oe674 (.text:SemaphoreP_create)
                  007fe380    00000080     rts6740_elf.lib : trgmsg.c.obj (.text:__TI_readmsg)
                  007fe400    00000080                     : llshift.c.obj (.text:__c6xabi_llshl)
                  007fe480    00000080                     : snprintf.c.obj (.text:_outs)
                  007fe500    00000080     sysbios.ae674 : c62_TaskSupport_asm.obj (.text:_ti_sysbios_family_c62_TaskSupport_swap__E)
                  007fe580    00000080     rts6740_elf.lib : snprintf.c.obj (.text:snprintf)
                  007fe600    00000080     dss_pe674.oe674 (.text:ti_sysbios_BIOS_atExitFunc__I)
                  007fe680    00000080     dss_pe674.oe674 (.text:ti_sysbios_BIOS_registerRTSLock__I)
                  007fe700    00000080     dss_pe674.oe674 (.text:ti_sysbios_gates_GateHwi_Object__create__S)
                  007fe780    00000080     dss_pe674.oe674 (.text:ti_sysbios_gates_GateMutex_Object__create__S)
                  007fe800    00000080     dss_pe674.oe674 (.text:ti_sysbios_heaps_HeapMem_Object__create__S)
                  007fe880    00000080     sysbios.ae674 : BIOS.obj (.text:ti_sysbios_heaps_HeapMem_init__I)
                  007fe900    00000080     dss_pe674.oe674 (.text:ti_sysbios_knl_Clock_doTick__I)
                  007fe980    00000080     sysbios.ae674 : BIOS.obj (.text:ti_sysbios_knl_Idle_run__E)
                  007fea00    00000080     dss_pe674.oe674 (.text:ti_sysbios_knl_Semaphore_create)
                  007fea80    00000080     sysbios.ae674 : BIOS.obj (.text:ti_sysbios_knl_Swi_post__E)
                  007feb00    00000080                   : BIOS.obj (.text:ti_sysbios_knl_Swi_startup__E)
                  007feb80    00000080                   : BIOS.obj (.text:ti_sysbios_knl_Task_processVitalTaskFlag__I)
                  007fec00    00000080                   : BIOS.obj (.text:ti_sysbios_knl_Task_restore__E)
                  007fec80    00000080                   : BIOS.obj (.text:ti_sysbios_knl_Task_sleepTimeout__I)
                  007fed00    00000080     dss_pe674.oe674 (.text:ti_sysbios_rts_MemAlloc_alloc)
                  007fed80    00000080     sysbios.ae674 : BIOS.obj (.text:ti_sysbios_timers_rti_Timer_setPeriod__E)
                  007fee00    00000080                   : BIOS.obj (.text:ti_sysbios_timers_rti_Timer_stop__E)
                  007fee80    00000080     rts6740_elf.lib : unlink.c.obj (.text:unlink)
                  007fef00    00000080     sysbios.ae674 : BIOS.obj (.text:xdc_runtime_System_avprintf__E)
                  007fef80    00000080                   : BIOS.obj (.text:xdc_runtime_System_vprintf__E)
                  007ff000    00000060     libcfarcaproc_dsp_xwr16xx.ae674 : cfarcaprocdsp.oe674 (.text:CFARCADSP_waitEDMATransComplete)
                  007ff060    00000060     objectdetection.oe674 (.text:DPC_ObjDetDSP_MemPoolAlloc)
                  007ff0c0    00000060     libdpm_xwr16xx.ae674 : dpm_listlib.oe674 (.text:DPM_listCat)
                  007ff120    00000060                          : dpm_mailbox.oe674 (.text:DPM_mboxDeinit)
                  007ff180    00000060                          : dpm_msg.oe674 (.text:DPM_msgInitHeader)
                  007ff1e0    00000060     libaoaproc_dsp_xwr16xx.ae674 : aoaprocdsp.oe674 (.text:DPU_AoAProcDSP_deinit)
                  007ff240    00000060                                  : aoaprocdsp.oe674 (.text:DPU_AoAProcDSP_init)
                  007ff2a0    00000060     libcfarcaproc_dsp_xwr16xx.ae674 : cfarcaprocdsp.oe674 (.text:DPU_CFARCAProcDSP_deinit)
                  007ff300    00000060     libdopplerproc_dsp_xwr16xx.ae674 : dopplerprocdsp.oe674 (.text:DPU_DopplerProcDSP_deinit)
                  007ff360    00000060                                      : dopplerprocdsp.oe674 (.text:DPU_DopplerProcDSP_waitInData)
                  007ff3c0    00000060                                      : dopplerprocdsp.oe674 (.text:DPU_DopplerProcDSP_waitTransDetMatrix)
                  007ff420    00000060     librangeproc_dsp_xwr16xx.ae674 : rangeprocdsp.oe674 (.text:DPU_RangeProcDSP_deinit)
                  007ff480    00000060                                    : rangeprocdsp.oe674 (.text:DPU_RangeProcDSP_init)
                  007ff4e0    00000060     libedma_xwr16xx.ae674 : edma_low_level.oe674 (.text:EDMA3ClrEvt)
                  007ff540    00000060                           : edma_low_level.oe674 (.text:EDMA3ClrIntr)
                  007ff5a0    00000060                           : edma_low_level.oe674 (.text:EDMA3ClrMissEvt)
                  007ff600    00000060                           : edma_low_level.oe674 (.text:EDMA3DisableDmaEvt)
                  007ff660    00000060                           : edma_low_level.oe674 (.text:EDMA3DisableEvtIntr)
                  007ff6c0    00000060                           : edma_low_level.oe674 (.text:EDMA3EnableDmaEvt)
                  007ff720    00000060                           : edma_low_level.oe674 (.text:EDMA3EnableEvtIntr)
                  007ff780    00000060                           : edma_low_level.oe674 (.text:EDMA3SetEvt)
                  007ff7e0    00000060                           : edma.oe674 (.text:EDMA_configTransferControllerError)
                  007ff840    00000060                           : edma.oe674 (.text:EDMA_isError)
                  007ff8a0    00000060                           : edma.oe674 (.text:EDMA_setDestinationAddress)
                  007ff900    00000060                           : edma.oe674 (.text:EDMA_setSourceAddress)
                  007ff960    00000060                           : edma.oe674 (.text:EDMA_validate_channelIdchannelType)
                  007ff9c0    00000060     libmailbox_xwr16xx.ae674 : mailbox.oe674 (.text:Mailbox_Config_init)
                  007ffa20    00000060     libsoc_xwr16xx.ae674 : soc_xwr16xx.oe674 (.text:SOC_setDSSLinkState)
                  007ffa80    00000060                          : soc.oe674 (.text:SOC_unhaltBSS)
                  007ffae0    00000060     rts6740_elf.lib : trgmsg.c.obj (.text:__TI_writemsg)
                  007ffb40    00000060                     : llshift.c.obj (.text:__c6xabi_llshru)
                  007ffba0    00000060     sysbios.ae674 : c64p_Hwi_asm_switch.obj (.text:_ti_sysbios_family_c64p_Hwi_switchAndDispatch__I)
                  007ffc00    00000060                   : c64p_Hwi_asm_switch.obj (.text:_ti_sysbios_family_xxx_Hwi_switchAndRunFunc)
                  007ffc60    00000060     librangeproc_dsp_xwr16xx.ae674 : rangeproc_interference.oe674 (.text:intfMitgApplyIIBArr)
                  007ffcc0    00000060     rts6740_elf.lib : lseek.c.obj (.text:lseek)
                  007ffd20    00000060                     : memccpy.c.obj (.text:memccpy)
                  007ffd80    00000060     libmmwavealg_xwr16xx.ae674 : mmwavelib_accum.oe674 (.text:mmwavelib_accum16shift)
                  007ffde0    00000060                                : mmwavelib_vecsubc.oe674 (.text:mmwavelib_vecsubc)
                  007ffe40    00000060     librangeproc_dsp_xwr16xx.ae674 : rangeprocdsp.oe674 (.text:rangeProcDSP_WaitEDMAComplete)
                  007ffea0    00000060     rts6740_elf.lib : read.c.obj (.text:read)
                  007fff00    00000060                     : sprintf.c.obj (.text:sprintf)
                  007fff60    00000060     dss_pe674.oe674 (.text:ti_sysbios_BIOS_errorRaiseHook__I)
                  007fffc0    00000010     rts6740_elf.lib : _printfi.c.obj ($Tramp$S$$__TI_printfi)
                  007fffd0    00000010                     : imath64.c.obj ($Tramp$S$$__c6xabi_divull)
                  007fffe0    00000010                     : atan.c.obj ($Tramp$S$$atan)
                  007ffff0    00000010                     : divd.c.obj ($Tramp$S$$__c6xabi_divd)

.text.2    0    00800000    00002220     
                  00800000    00000060     dss_pe674.oe674 (.text:ti_sysbios_BIOS_removeRTSLock__I)
                  00800060    00000060     dss_pe674.oe674 (.text:ti_sysbios_BIOS_startFunc__I)
                  008000c0    00000060     sysbios.ae674 : BIOS.obj (.text:ti_sysbios_family_c62_TaskSupport_start__E)
                  00800120    00000060                   : BIOS.obj (.text:ti_sysbios_family_c64p_Cache_setMar__E)
                  00800180    00000060                   : BIOS.obj (.text:ti_sysbios_family_c64p_EventCombiner_Module_startup__E)
                  008001e0    00000060                   : BIOS.obj (.text:ti_sysbios_family_c64p_EventCombiner_unused__E)
                  00800240    00000060     dss_pe674.oe674 (.text:ti_sysbios_gates_GateMutex_Object__delete__S)
                  008002a0    00000060     sysbios.ae674 : BIOS.obj (.text:ti_sysbios_hal_Hwi_initStack)
                  00800300    00000060                   : BIOS.obj (.text:ti_sysbios_heaps_HeapMem_free__E)
                  00800360    00000060                   : BIOS.obj (.text:ti_sysbios_knl_Clock_Module_startup__E)
                  008003c0    00000060     dss_pe674.oe674 (.text:ti_sysbios_knl_Queue_construct)
                  00800420    00000060     dss_pe674.oe674 (.text:ti_sysbios_knl_Semaphore_Object__delete__S)
                  00800480    00000060     dss_pe674.oe674 (.text:ti_sysbios_knl_Semaphore_construct)
                  008004e0    00000060     sysbios.ae674 : BIOS.obj (.text:ti_sysbios_knl_Swi_Module_startup__E)
                  00800540    00000060                   : BIOS.obj (.text:ti_sysbios_knl_Task_enter__I)
                  008005a0    00000060     rts6740_elf.lib : write.c.obj (.text:write)
                  00800600    00000060     sysbios.ae674 : BIOS.obj (.text:xdc_runtime_SysStd_abort__E)
                  00800660    00000040     libsoc_xwr16xx.ae674 : soc.oe674 (.text:CSL_FEXTR)
                  008006a0    00000040                          : soc_xwr16xx.oe674 (.text:CSL_FEXTR)
                  008006e0    00000040     libmailbox_xwr16xx.ae674 : mailbox.oe674 (.text:CSL_FINSR)
                  00800720    00000040     libsoc_xwr16xx.ae674 : soc.oe674 (.text:CSL_FINSR)
                  00800760    00000040                          : soc_xwr16xx.oe674 (.text:CSL_FINSR)
                  008007a0    00000040                          : soc_xwr16xx_dss.oe674 (.text:CSL_FINSR)
                  008007e0    00000040     libdpm_xwr16xx.ae674 : dpm_listlib.oe674 (.text:DPM_listAdd)
                  00800820    00000040                          : dpm_listlib.oe674 (.text:DPM_listRemove)
                  00800860    00000040                          : dpm_mailbox.oe674 (.text:DPM_mboxMsgSend)
                  008008a0    00000040                          : dpm_msg.oe674 (.text:DPM_msgAssertHandler)
                  008008e0    00000040                          : dpm_msg.oe674 (.text:DPM_msgBSSFaultHandler)
                  00800920    00000040                          : dpm_msg.oe674 (.text:DPM_msgDPCInfoHandler)
                  00800960    00000040                          : dpm_pipe.oe674 (.text:DPM_pipeDequeue)
                  008009a0    00000040     libedma_xwr16xx.ae674 : edma_low_level.oe674 (.text:EDMA3MapQdmaChToPaRAM)
                  008009e0    00000040                           : edma_low_level.oe674 (.text:EDMA3SetPaRAM)
                  00800a20    00000040                           : edma_low_level.oe674 (.text:EDMA3SetQdmaTrigWord)
                  00800a60    00000040     libosal_xwr16xx.ae674 : HwiP_tirtos.oe674 (.text:HwiP_create)
                  00800aa0    00000040                           : HwiP_tirtos.oe674 (.text:HwiP_delete)
                  00800ae0    00000040     libmailbox_xwr16xx.ae674 : mailbox.oe674 (.text:Mailbox_boxEmptyISRBss)
                  00800b20    00000040                              : mailbox.oe674 (.text:Mailbox_boxEmptyISRMssDss)
                  00800b60    00000040                              : mailbox.oe674 (.text:Mailbox_boxFullISRBss)
                  00800ba0    00000040     libsoc_xwr16xx.ae674 : soc_xwr16xx_dss.oe674 (.text:SOC_getInAddr_LUTType)
                  00800be0    00000040                          : soc_xwr16xx_dss.oe674 (.text:SOC_getOutAddr_LUTType)
                  00800c20    00000040                          : soc_xwr16xx.oe674 (.text:SOC_isMSSOperational)
                  00800c60    00000040     rts6740_elf.lib : frcmpyd_div.c.obj (.text:__TI_frcmpyd_div)
                  00800ca0    00000040                     : isinf.c.obj (.text:__c6xabi_isinf)
                  00800ce0    00000040                     : strasg.asm.obj (.text:__strasgi_64plus)
                  00800d20    00000040                     : args_main.c.obj (.text:_args_main)
                  00800d60    00000040                     : snprintf.c.obj (.text:_outc)
                  00800da0    00000040                     : sprintf.c.obj (.text:_outs)
                  00800de0    00000040     sysbios.ae674 : c62_TaskSupport_asm.obj (.text:_ti_sysbios_family_c62_TaskSupport_buildTaskStack)
                  00800e20    00000040     dss_pe674.oe674 (.text:free)
                  00800e60    00000040     libmathutils.ae674 : mathutils.oe674 (.text:mathUtils_floorLog2)
                  00800ea0    00000040                        : mathutils.oe674 (.text:mathUtils_pow2roundup)
                  00800ee0    00000040     libmmwavealg_xwr16xx.ae674 : mmwavelib_vecmul.oe674 (.text:mmwavelib_vecmul16x32_anylen)
                  00800f20    00000040     dss_pe674.oe674 (.text:ti_sysbios_BIOS_exitFunc__I)
                  00800f60    00000040     dss_pe674.oe674 (.text:ti_sysbios_BIOS_rtsLock__I)
                  00800fa0    00000040     dss_pe674.oe674 (.text:ti_sysbios_BIOS_rtsUnlock__I)
                  00800fe0    00000040     sysbios.ae674 : BIOS.obj (.text:ti_sysbios_family_c64p_Hwi_disableInterrupt__E)
                  00801020    00000040                   : BIOS.obj (.text:ti_sysbios_family_c64p_Hwi_enableInterrupt__E)
                  00801060    00000040     dss_pe674.oe674 (.text:ti_sysbios_gates_GateHwi_Handle__label__S)
                  008010a0    00000040     dss_pe674.oe674 (.text:ti_sysbios_gates_GateHwi_Object__delete__S)
                  008010e0    00000040     dss_pe674.oe674 (.text:ti_sysbios_gates_GateMutex_Handle__label__S)
                  00801120    00000040     sysbios.ae674 : BIOS.obj (.text:ti_sysbios_gates_GateMutex_Instance_init__E)
                  00801160    00000040                   : BIOS.obj (.text:ti_sysbios_gates_GateMutex_leave__E)
                  008011a0    00000040     dss_pe674.oe674 (.text:ti_sysbios_heaps_HeapMem_Handle__label__S)
                  008011e0    00000040     dss_pe674.oe674 (.text:ti_sysbios_heaps_HeapMem_Object__delete__S)
                  00801220    00000040     dss_pe674.oe674 (.text:ti_sysbios_heaps_HeapMem_Object__get__S)
                  00801260    00000040     dss_pe674.oe674 (.text:ti_sysbios_knl_Semaphore_destruct)
                  008012a0    00000040     dss_pe674.oe674 (.text:ti_sysbios_knl_Swi_Object__get__S)
                  008012e0    00000040     dss_pe674.oe674 (.text:ti_sysbios_knl_Task_Object__get__S)
                  00801320    00000040     sysbios.ae674 : BIOS.obj (.text:ti_sysbios_timers_rti_Timer_periodicStub__E)
                  00801360    00000040     rts6740_elf.lib : wcslen.c.obj (.text:wcslen)
                  008013a0    00000040     sysbios.ae674 : BIOS.obj (.text:xdc_runtime_Error_init__E)
                  008013e0    00000040     dss_pe674.oe674 (.text:xdc_runtime_System_aprintf__E)
                  00801420    00000040     dss_pe674.oe674 (.text:xdc_runtime_System_printf__E)
                  00801460    00000020     libcfarcaproc_dsp_xwr16xx.ae674 : cfarcaprocdsp.oe674 (.text:CFARCADSP_adjustCfarCfg)
                  00801480    00000020     objectdetection.oe674 (.text:DPC_ObjDetDSP_GetDopplerWinGenLen)
                  008014a0    00000020     objectdetection.oe674 (.text:DPC_ObjDetDSP_GetRangeWinGenLen)
                  008014c0    00000020     objectdetection.oe674 (.text:DPC_ObjDetDSP_MemPoolGet)
                  008014e0    00000020     libdpm_xwr16xx.ae674 : dpm_core.oe674 (.text:DPM_chirpISR)
                  00801500    00000020                          : dpm_core.oe674 (.text:DPM_frameStartISR)
                  00801520    00000020                          : dpm_mailbox.oe674 (.text:DPM_mboxSynch)
                  00801540    00000020     libedma_xwr16xx.ae674 : edma_low_level.oe674 (.text:EDMA3ChannelToParamMap)
                  00801560    00000020                           : edma_low_level.oe674 (.text:EDMA3ClrCCErr)
                  00801580    00000020                           : edma_low_level.oe674 (.text:EDMA3DisableQdmaEvt)
                  008015a0    00000020                           : edma_low_level.oe674 (.text:EDMA3EnableQdmaEvt)
                  008015c0    00000020                           : edma_low_level.oe674 (.text:EDMA3ErrIntrHighStatusGet)
                  008015e0    00000020                           : edma_low_level.oe674 (.text:EDMA3GetCCErrStatus)
                  00801600    00000020                           : edma_low_level.oe674 (.text:EDMA3GetErrIntrStatus)
                  00801620    00000020                           : edma_low_level.oe674 (.text:EDMA3GetIntrStatus)
                  00801640    00000020                           : edma_low_level.oe674 (.text:EDMA3IntrStatusHighGet)
                  00801660    00000020                           : edma_low_level.oe674 (.text:EDMA3QdmaClrMissEvt)
                  00801680    00000020                           : edma_low_level.oe674 (.text:EDMA3QdmaGetErrIntrStatus)
                  008016a0    00000020                           : edma.oe674 (.text:EDMA_getNumInstances)
                  008016c0    00000020                           : edma_low_level.oe674 (.text:EDMAsetRegion)
                  008016e0    00000020     libosal_xwr16xx.ae674 : HwiP_tirtos.oe674 (.text:HwiP_Params_init)
                  00801700    00000020                           : HwiP_tirtos.oe674 (.text:HwiP_disable)
                  00801720    00000020                           : HwiP_tirtos.oe674 (.text:HwiP_disableInterrupt)
                  00801740    00000020                           : HwiP_tirtos.oe674 (.text:HwiP_enableInterrupt)
                  00801760    00000020                           : HwiP_tirtos.oe674 (.text:HwiP_restore)
                  00801780    00000020                           : MemoryP_tirtos.oe674 (.text:MemoryP_ctrlAlloc)
                  008017a0    00000020                           : MemoryP_tirtos.oe674 (.text:MemoryP_ctrlFree)
                  008017c0    00000020                           : MemoryP_tirtos.oe674 (.text:MemoryP_getStats)
                  008017e0    00000020     libsoc_xwr16xx.ae674 : soc_xwr16xx.oe674 (.text:SOC_ungateClock)
                  00801800    00000020     libosal_xwr16xx.ae674 : SemaphoreP_tirtos.oe674 (.text:SemaphoreP_Params_init)
                  00801820    00000020                           : SemaphoreP_tirtos.oe674 (.text:SemaphoreP_delete)
                  00801840    00000020                           : SemaphoreP_tirtos.oe674 (.text:SemaphoreP_pend)
                  00801860    00000020                           : SemaphoreP_tirtos.oe674 (.text:SemaphoreP_post)
                  00801880    00000020                           : DebugP_tirtos.oe674 (.text:_DebugP_assert)
                  008018a0    00000020     rts6740_elf.lib : errno.c.obj (.text:__c6xabi_errno_addr)
                  008018c0    00000020                     : trunc.c.obj (.text:__c6xabi_trunc)
                  008018e0    00000020                     : push.asm.obj (.text:__pop_rts)
                  00801900    00000020                     : push.asm.obj (.text:__push_rts)
                  00801920    00000020                     : _lock.c.obj (.text:_nop)
                  00801940    00000020                     : printf.c.obj (.text:_outc)
                  00801960    00000020                     : sprintf.c.obj (.text:_outc)
                  00801980    00000020                     : printf.c.obj (.text:_outs)
                  008019a0    00000020                     : _lock.c.obj (.text:_register_lock)
                  008019c0    00000020                     : _lock.c.obj (.text:_register_unlock)
                  008019e0    00000020                     : signbit.c.obj (.text:_signbit)
                  00801a00    00000020     sysbios.ae674 : c62_TaskSupport_asm.obj (.text:_ti_sysbios_family_c62_TaskSupport_glue)
                  00801a20    00000020     rts6740_elf.lib : exit.c.obj (.text:abort)
                  00801a40    00000020                     : llabs.c.obj (.text:llabs)
                  00801a60    00000020     libmathutils.ae674 : mathutils.oe674 (.text:mathUtils_ceilLog2)
                  00801a80    00000020     rts6740_elf.lib : fputc.c.obj (.text:putchar)
                  00801aa0    00000020     dss_pe674.oe674 (.text:ti_sysbios_BIOS_RtsGateProxy_enter__E)
                  00801ac0    00000020     dss_pe674.oe674 (.text:ti_sysbios_BIOS_RtsGateProxy_leave__E)
                  00801ae0    00000020     sysbios.ae674 : BIOS.obj (.text:ti_sysbios_BIOS_exit__E)
                  00801b00    00000020                   : BIOS.obj (.text:ti_sysbios_BIOS_getCpuFreq__E)
                  00801b20    00000020                   : BIOS.obj (.text:ti_sysbios_BIOS_linkedWithIncorrectBootLibrary__E)
                  00801b40    00000020     dss_pe674.oe674 (.text:ti_sysbios_BIOS_nullFunc__I)
                  00801b60    00000020     sysbios.ae674 : BIOS.obj (.text:ti_sysbios_BIOS_setThreadType__E)
                  00801b80    00000020                   : BIOS.obj (.text:ti_sysbios_BIOS_start__E)
                  00801ba0    00000020     dss_pe674.oe674 (.text:ti_sysbios_family_c62_TaskSupport_Module__startupDone__S)
                  00801bc0    00000020     sysbios.ae674 : BIOS.obj (.text:ti_sysbios_family_c62_TaskSupport_checkStack__E)
                  00801be0    00000020                   : BIOS.obj (.text:ti_sysbios_family_c62_TaskSupport_getStackAlignment__E)
                  00801c00    00000020     dss_pe674.oe674 (.text:ti_sysbios_family_c64p_Hwi_Module__startupDone__F)
                  00801c20    00000020     sysbios.ae674 : BIOS.obj (.text:ti_sysbios_family_c64p_Hwi_clearInterrupt__E)
                  00801c40    00000020                   : BIOS.obj (.text:ti_sysbios_family_c64p_Hwi_startup__E)
                  00801c60    00000020                   : BIOS.obj (.text:ti_sysbios_family_c64p_Hwi_switchFromBootStack__E)
                  00801c80    00000020                   : BIOS.obj (.text:ti_sysbios_family_c64p_TimestampProvider_Module_startup__E)
                  00801ca0    00000020                   : BIOS.obj (.text:ti_sysbios_family_c64p_TimestampProvider_get32__E)
                  00801cc0    00000020                   : BIOS.obj (.text:ti_sysbios_gates_GateHwi_Instance_init__E)
                  00801ce0    00000020                   : BIOS.obj (.text:ti_sysbios_gates_GateHwi_enter__E)
                  00801d00    00000020                   : BIOS.obj (.text:ti_sysbios_gates_GateHwi_leave__E)
                  00801d20    00000020                   : BIOS.obj (.text:ti_sysbios_gates_GateHwi_query__E)
                  00801d40    00000020                   : BIOS.obj (.text:ti_sysbios_gates_GateMutex_Instance_finalize__E)
                  00801d60    00000020                   : BIOS.obj (.text:ti_sysbios_gates_GateMutex_query__E)
                  00801d80    00000020                   : BIOS.obj (.text:ti_sysbios_hal_Hwi_Module_startup__E)
                  00801da0    00000020     dss_pe674.oe674 (.text:ti_sysbios_heaps_HeapBuf_Object__get__S)
                  00801dc0    00000020     dss_pe674.oe674 (.text:ti_sysbios_heaps_HeapMem_Module_GateProxy_enter__E)
                  00801de0    00000020     dss_pe674.oe674 (.text:ti_sysbios_heaps_HeapMem_Module_GateProxy_leave__E)
                  00801e00    00000020     sysbios.ae674 : BIOS.obj (.text:ti_sysbios_heaps_HeapMem_isBlocking__E)
                  00801e20    00000020     dss_pe674.oe674 (.text:ti_sysbios_knl_Clock_TimerProxy_getMaxTicks__E)
                  00801e40    00000020     sysbios.ae674 : BIOS.obj (.text:ti_sysbios_knl_Clock_logTick__E)
                  00801e60    00000020                   : BIOS.obj (.text:ti_sysbios_knl_Idle_loop__E)
                  00801e80    00000020                   : BIOS.obj (.text:ti_sysbios_knl_Queue_Instance_init__E)
                  00801ea0    00000020     dss_pe674.oe674 (.text:ti_sysbios_knl_Queue_Object__get__S)
                  00801ec0    00000020     dss_pe674.oe674 (.text:ti_sysbios_knl_Queue_destruct)
                  00801ee0    00000020     sysbios.ae674 : BIOS.obj (.text:ti_sysbios_knl_Queue_empty__E)
                  00801f00    00000020                   : BIOS.obj (.text:ti_sysbios_knl_Semaphore_Instance_finalize__E)
                  00801f20    00000020     dss_pe674.oe674 (.text:ti_sysbios_knl_Semaphore_Params__init__S)
                  00801f40    00000020     dss_pe674.oe674 (.text:ti_sysbios_knl_Semaphore_delete)
                  00801f60    00000020     sysbios.ae674 : BIOS.obj (.text:ti_sysbios_knl_Swi_disable__E)
                  00801f80    00000020     dss_pe674.oe674 (.text:ti_sysbios_knl_Task_Params__init__S)
                  00801fa0    00000020     sysbios.ae674 : BIOS.obj (.text:ti_sysbios_knl_Task_disable__E)
                  00801fc0    00000020                   : BIOS.obj (.text:ti_sysbios_knl_Task_startup__E)
                  00801fe0    00000020     dss_pe674.oe674 (.text:ti_sysbios_timers_rti_Timer_Module__startupDone__F)
                  00802000    00000020     sysbios.ae674 : BIOS.obj (.text:ti_sysbios_timers_rti_Timer_getMaxTicks__E)
                  00802020    00000020                   : BIOS.obj (.text:ti_sysbios_utils_Load_taskRegHook__E)
                  00802040    00000020     dss_pe674.oe674 (.text:xdc_runtime_IHeap_alloc)
                  00802060    00000020     dss_pe674.oe674 (.text:xdc_runtime_IHeap_free)
                  00802080    00000020     dss_pe674.oe674 (.text:xdc_runtime_IHeap_getStats)
                  008020a0    00000020     sysbios.ae674 : BIOS.obj (.text:xdc_runtime_Memory_free__E)
                  008020c0    00000020                   : BIOS.obj (.text:xdc_runtime_Memory_getStats__E)
                  008020e0    00000020     dss_pe674.oe674 (.text:xdc_runtime_Startup_exec__I)
                  00802100    00000020     dss_pe674.oe674 (.text:xdc_runtime_Startup_reset__I)
                  00802120    00000020     sysbios.ae674 : BIOS.obj (.text:xdc_runtime_Startup_rtsDone__E)
                  00802140    00000020                   : BIOS.obj (.text:xdc_runtime_SysStd_exit__E)
                  00802160    00000020                   : BIOS.obj (.text:xdc_runtime_SysStd_putch__E)
                  00802180    00000020                   : BIOS.obj (.text:xdc_runtime_SysStd_ready__E)
                  008021a0    00000020     dss_pe674.oe674 (.text:xdc_runtime_System_Module_GateProxy_enter__E)
                  008021c0    00000020     dss_pe674.oe674 (.text:xdc_runtime_System_Module_GateProxy_leave__E)
                  008021e0    00000020     sysbios.ae674 : BIOS.obj (.text:xdc_runtime_System_Module_startup__E)
                  00802200    00000020     dss_pe674.oe674 (.text:xdc_runtime_Text_visitRope__I)

.const.1   0    00802220    00000de0     
                  00802220    00000980     main.oe674 (.const:.string)
                  00802ba0    00000101     rts6740_elf.lib : ctype.c.obj (.const:.string:_ctypes_)
                  00802ca1    00000001     --HOLE-- [fill = 0]
                  00802ca2    00000002     dss_pe674.oe674 (.const:ti_sysbios_family_c64p_Cache_Module__id__C)
                  00802ca4    00000004     dss_pe674.oe674 (.const:ti_sysbios_family_c62_TaskSupport_stackAlignment__C)
                  00802ca8    000000dc     dss_pe674.oe674 (.const:xdc_runtime_Text_nodeTab__A)
                  00802d84    00000094     libtestlogger_xwr16xx.ae674 : logger.oe674 (.const:.string)
                  00802e18    00000074     dss_pe674.oe674 (.const:.string)
                  00802e8c    00000004     dss_pe674.oe674 (.const:ti_sysbios_family_c64p_Cache_E_invalidL1CacheSize__C)
                  00802e90    00000070     libmmwavealg_xwr16xx.ae674 : mmwavelib_ffttwiddle_gen.oe674 (.const:mmwavelib_twiddleTableLargeFFTSize)
                  00802f00    00000058     libedma_xwr16xx.ae674 : edma.oe674 (.const:.string)
                  00802f58    0000004c     libmailbox_xwr16xx.ae674 : mailbox.oe674 (.const:.string)
                  00802fa4    00000044     dss_pe674.oe674 (.const:ti_sysbios_knl_Task_Object__PARAMS__C)
                  00802fe8    00000018     objectdetection.oe674 (.const:.string)

.l2Heap    0    00803000    0000a000     UNINITIALIZED
                  00803000    0000a000     main.oe674 (.l2Heap)

systemHeap 
*          0    0080d000    00008400     UNINITIALIZED
                  0080d000    00008400     dss_pe674.oe674 (systemHeap)

.const.2   0    00815400    00002ec4     
                  00815400    00001a46     dss_pe674.oe674 (.const:xdc_runtime_Text_charTab__A)
                  00816e46    00000002     dss_pe674.oe674 (.const:ti_sysbios_family_c64p_EventCombiner_Module__id__C)
                  00816e48    00000800     libmmwavealg_xwr16xx.ae674 : mmwavelib_ffttwiddle_gen.oe674 (.const:mmwavelib_twiddleTableCommon)
                  00817648    00000630     sysbios.ae674 : BIOS.obj (.const:.string)
                  00817c78    00000040     libmmwavealg_xwr16xx.ae674 : mmwavelib_log2abs.oe674 (.const:.string:c_Log2LookUp)
                  00817cb8    0000003c     libsoc_xwr16xx.ae674 : soc_xwr16xx_dss.oe674 (.const:.string)
                  00817cf4    00000004     dss_pe674.oe674 (.const:ti_sysbios_family_c64p_Cache_E_invalidL2CacheSize__C)
                  00817cf8    00000038     libedma_xwr16xx.ae674 : edma_xwr1xxx.oe674 (.const:gEdmaHwAttrs)
                  00817d30    00000030     dss_pe674.oe674 (.const:xdc_runtime_Startup_sfxnTab__A)
                  00817d60    0000002c     gen_frame_data.oe674 (.const:.string)
                  00817d8c    00000004     dss_pe674.oe674 (.const:ti_sysbios_family_c64p_Cache_MAR0_31__C)
                  00817d90    00000028     libdpm_xwr16xx.ae674 : dpm_msg.oe674 (.const:gDPMMessageFxnTable)
                  00817db8    00000028     dss_pe674.oe674 (.const:ti_sysbios_heaps_HeapMem_Module__FXNS__C)
                  00817de0    00000024     rts6740_elf.lib : _printfi.c.obj (.const:.string)
                  00817e04    00000024     libmailbox_xwr16xx.ae674 : mailbox.oe674 (.const:Mailbox_defaultCfg)
                  00817e28    00000024     libmmwavealg_xwr16xx.ae674 : mmwavelib_dftsinglebin.oe674 (.const:mmwavelib_dftHalfBinExpValue)
                  00817e4c    00000024     dss_pe674.oe674 (.const:ti_sysbios_gates_GateHwi_Module__FXNS__C)
                  00817e70    00000024     dss_pe674.oe674 (.const:ti_sysbios_gates_GateMutex_Module__FXNS__C)
                  00817e94    00000024     dss_pe674.oe674 (.const:ti_sysbios_heaps_HeapMem_Object__PARAMS__C)
                  00817eb8    00000024     dss_pe674.oe674 (.const:ti_sysbios_knl_Semaphore_Object__PARAMS__C)
                  00817edc    00000020     libosal_xwr16xx.ae674 : SemaphoreP_tirtos.oe674 (.const:.string)
                  00817efc    00000020     dss_pe674.oe674 (.const:ti_sysbios_gates_GateHwi_Object__DESC__C)
                  00817f1c    00000020     dss_pe674.oe674 (.const:ti_sysbios_gates_GateMutex_Object__DESC__C)
                  00817f3c    00000020     dss_pe674.oe674 (.const:ti_sysbios_heaps_HeapMem_Object__DESC__C)
                  00817f5c    00000020     dss_pe674.oe674 (.const:ti_sysbios_knl_Queue_Object__DESC__C)
                  00817f7c    00000020     dss_pe674.oe674 (.const:ti_sysbios_knl_Semaphore_Object__DESC__C)
                  00817f9c    00000020     dss_pe674.oe674 (.const:ti_sysbios_knl_Task_Object__DESC__C)
                  00817fbc    0000001c     libosal_xwr16xx.ae674 : HwiP_tirtos.oe674 (.const:.string)
                  00817fd8    00000018     dss_pe674.oe674 (.const:ti_sysbios_gates_GateHwi_Object__PARAMS__C)
                  00817ff0    00000018     dss_pe674.oe674 (.const:ti_sysbios_gates_GateMutex_Object__PARAMS__C)
                  00818008    00000018     dss_pe674.oe674 (.const:ti_sysbios_knl_Queue_Object__PARAMS__C)
                  00818020    00000018     dss_pe674.oe674 (.const:ti_sysbios_knl_Task_hooks__A)
                  00818038    00000018     dss_pe674.oe674 (.const:xdc_runtime_Startup_sfxnRts__A)
                  00818050    00000014     libdpm_xwr16xx.ae674 : dpm_mailbox.oe674 (.const:.string)
                  00818064    00000010                          : dpm_core.oe674 (.const:.string)
                  00818074    00000010                          : dpm_msg.oe674 (.const:.string)
                  00818084    00000010                          : dpm_pipe.oe674 (.const:.string)
                  00818094    00000004     dss_pe674.oe674 (.const:ti_sysbios_family_c64p_Cache_MAR128_159__C)
                  00818098    00000010     libedma_xwr16xx.ae674 : edma.oe674 (.const:EDMA_config$1)
                  008180a8    00000010     dss_pe674.oe674 (.const:ti_sysbios_family_c64p_EventCombiner_EVTMASK__C)
                  008180b8    0000000c     libmmwavealg_xwr16xx.ae674 : mmwavelib_ffttwiddle_gen.oe674 (.const:$P$T1$2)
                  008180c4    00000004     dss_pe674.oe674 (.const:ti_sysbios_family_c64p_Cache_MAR160_191__C)
                  008180c8    00000008     dss_pe674.oe674 (.const:ti_sysbios_knl_Idle_funcList__A)
                  008180d0    00000008     dss_pe674.oe674 (.const:ti_sysbios_knl_Idle_funcList__C)
                  008180d8    00000008     dss_pe674.oe674 (.const:ti_sysbios_knl_Task_hooks__C)
                  008180e0    00000008     dss_pe674.oe674 (.const:xdc_runtime_Startup_firstFxns__A)
                  008180e8    00000008     dss_pe674.oe674 (.const:xdc_runtime_Startup_firstFxns__C)
                  008180f0    00000008     dss_pe674.oe674 (.const:xdc_runtime_Startup_lastFxns__C)
                  008180f8    00000004     dss_pe674.oe674 (.const:ti_sysbios_family_c64p_Cache_MAR192_223__C)
                  008180fc    00000004     dss_pe674.oe674 (.const:ti_sysbios_family_c64p_Cache_MAR224_255__C)
                  00818100    00000004     dss_pe674.oe674 (.const:ti_sysbios_family_c64p_Cache_MAR32_63__C)
                  00818104    00000004     dss_pe674.oe674 (.const:ti_sysbios_family_c64p_Cache_MAR64_95__C)
                  00818108    00000004     dss_pe674.oe674 (.const:ti_sysbios_family_c64p_Cache_MAR96_127__C)
                  0081810c    00000004     dss_pe674.oe674 (.const:ti_sysbios_family_c64p_EventCombiner_A_invalidEventId__C)
                  00818110    00000004     dss_pe674.oe674 (.const:ti_sysbios_family_c64p_EventCombiner_EVTRegs__C)
                  00818114    00000004     dss_pe674.oe674 (.const:ti_sysbios_family_c64p_EventCombiner_E_unpluggedEvent__C)
                  00818118    00000004     dss_pe674.oe674 (.const:ti_sysbios_family_c64p_EventCombiner_Module__diagsEnabled__C)
                  0081811c    00000004     dss_pe674.oe674 (.const:ti_sysbios_family_c64p_EventCombiner_Module__diagsIncluded__C)
                  00818120    00000004     dss_pe674.oe674 (.const:ti_sysbios_family_c64p_EventCombiner_Module__diagsMask__C)
                  00818124    00000004     dss_pe674.oe674 (.const:ti_sysbios_family_c64p_Exception_E_exceptionMax__C)
                  00818128    00000004     dss_pe674.oe674 (.const:ti_sysbios_family_c64p_Exception_exceptionHook__C)
                  0081812c    00000004     dss_pe674.oe674 (.const:ti_sysbios_family_c64p_Exception_externalHook__C)
                  00818130    00000004     dss_pe674.oe674 (.const:ti_sysbios_family_c64p_Exception_internalHook__C)
                  00818134    00000004     dss_pe674.oe674 (.const:ti_sysbios_family_c64p_Exception_nmiHook__C)
                  00818138    00000004     dss_pe674.oe674 (.const:ti_sysbios_family_c64p_Hwi_INTRMUX1Address__C)
                  0081813c    00000004     dss_pe674.oe674 (.const:ti_sysbios_gates_GateMutex_A_badContext__C)
                  00818140    00000004     dss_pe674.oe674 (.const:ti_sysbios_gates_GateMutex_Instance_State_sem__O)
                  00818144    00000004     dss_pe674.oe674 (.const:ti_sysbios_gates_GateMutex_Module__diagsEnabled__C)
                  00818148    00000004     dss_pe674.oe674 (.const:ti_sysbios_gates_GateMutex_Module__diagsIncluded__C)
                  0081814c    00000004     dss_pe674.oe674 (.const:ti_sysbios_gates_GateMutex_Module__diagsMask__C)
                  00818150    00000004     dss_pe674.oe674 (.const:ti_sysbios_hal_Hwi_E_stackOverflow__C)
                  00818154    00000004     dss_pe674.oe674 (.const:ti_sysbios_heaps_HeapBuf_Instance_State_freeList__O)
                  00818158    00000004     dss_pe674.oe674 (.const:ti_sysbios_heaps_HeapBuf_Object__count__C)
                  0081815c    00000004     dss_pe674.oe674 (.const:ti_sysbios_heaps_HeapBuf_numConstructedHeaps__C)
                  00818160    00000004     dss_pe674.oe674 (.const:ti_sysbios_heaps_HeapMem_A_align__C)
                  00818164    00000004     dss_pe674.oe674 (.const:ti_sysbios_heaps_HeapMem_A_heapSize__C)
                  00818168    00000004     dss_pe674.oe674 (.const:ti_sysbios_heaps_HeapMem_A_invalidFree__C)
                  0081816c    00000004     dss_pe674.oe674 (.const:ti_sysbios_heaps_HeapMem_A_zeroBlock__C)
                  00818170    00000004     dss_pe674.oe674 (.const:ti_sysbios_heaps_HeapMem_E_memory__C)
                  00818174    00000004     dss_pe674.oe674 (.const:ti_sysbios_heaps_HeapMem_Module__diagsEnabled__C)
                  00818178    00000004     dss_pe674.oe674 (.const:ti_sysbios_heaps_HeapMem_Module__diagsIncluded__C)
                  0081817c    00000004     dss_pe674.oe674 (.const:ti_sysbios_heaps_HeapMem_Module__diagsMask__C)
                  00818180    00000004     dss_pe674.oe674 (.const:ti_sysbios_heaps_HeapMem_Module__gateObj__C)
                  00818184    00000004     dss_pe674.oe674 (.const:ti_sysbios_heaps_HeapMem_Object__count__C)
                  00818188    00000004     dss_pe674.oe674 (.const:ti_sysbios_heaps_HeapMem_reqAlign__C)
                  0081818c    00000004     dss_pe674.oe674 (.const:ti_sysbios_knl_Clock_Module_State_clockQ__O)
                  00818190    00000004     dss_pe674.oe674 (.const:ti_sysbios_knl_Semaphore_A_badContext__C)
                  00818194    00000004     dss_pe674.oe674 (.const:ti_sysbios_knl_Semaphore_A_noEvents__C)
                  00818198    00000004     dss_pe674.oe674 (.const:ti_sysbios_knl_Semaphore_A_overflow__C)
                  0081819c    00000004     dss_pe674.oe674 (.const:ti_sysbios_knl_Semaphore_A_pendTaskDisabled__C)
                  008181a0    00000004     dss_pe674.oe674 (.const:ti_sysbios_knl_Semaphore_Instance_State_pendQ__O)
                  008181a4    00000004     dss_pe674.oe674 (.const:ti_sysbios_knl_Semaphore_Module__diagsEnabled__C)
                  008181a8    00000004     dss_pe674.oe674 (.const:ti_sysbios_knl_Semaphore_Module__diagsIncluded__C)
                  008181ac    00000004     dss_pe674.oe674 (.const:ti_sysbios_knl_Semaphore_Module__diagsMask__C)
                  008181b0    00000004     dss_pe674.oe674 (.const:ti_sysbios_knl_Swi_Object__count__C)
                  008181b4    00000004     dss_pe674.oe674 (.const:ti_sysbios_knl_Task_A_badPriority__C)
                  008181b8    00000004     dss_pe674.oe674 (.const:ti_sysbios_knl_Task_A_badTaskState__C)
                  008181bc    00000004     dss_pe674.oe674 (.const:ti_sysbios_knl_Task_A_badThreadType__C)
                  008181c0    00000004     dss_pe674.oe674 (.const:ti_sysbios_knl_Task_A_badTimeout__C)
                  008181c4    00000004     dss_pe674.oe674 (.const:ti_sysbios_knl_Task_A_noPendElem__C)
                  008181c8    00000004     dss_pe674.oe674 (.const:ti_sysbios_knl_Task_A_sleepTaskDisabled__C)
                  008181cc    00000004     dss_pe674.oe674 (.const:ti_sysbios_knl_Task_E_spOutOfBounds__C)
                  008181d0    00000004     dss_pe674.oe674 (.const:ti_sysbios_knl_Task_E_stackOverflow__C)
                  008181d4    00000004     dss_pe674.oe674 (.const:ti_sysbios_knl_Task_Module_State_inactiveQ__O)
                  008181d8    00000004     dss_pe674.oe674 (.const:ti_sysbios_knl_Task_Module__diagsEnabled__C)
                  008181dc    00000004     dss_pe674.oe674 (.const:ti_sysbios_knl_Task_Module__diagsIncluded__C)
                  008181e0    00000004     dss_pe674.oe674 (.const:ti_sysbios_knl_Task_Module__diagsMask__C)
                  008181e4    00000004     dss_pe674.oe674 (.const:ti_sysbios_knl_Task_Object__count__C)
                  008181e8    00000004     dss_pe674.oe674 (.const:ti_sysbios_knl_Task_Object__heap__C)
                  008181ec    00000004     dss_pe674.oe674 (.const:ti_sysbios_knl_Task_allBlockedFunc__C)
                  008181f0    00000004     dss_pe674.oe674 (.const:ti_sysbios_knl_Task_defaultStackHeap__C)
                  008181f4    00000004     dss_pe674.oe674 (.const:ti_sysbios_knl_Task_defaultStackSize__C)
                  008181f8    00000004     dss_pe674.oe674 (.const:ti_sysbios_knl_Task_numConstructedTasks__C)
                  008181fc    00000004     dss_pe674.oe674 (.const:ti_sysbios_timers_rti_Timer_E_cannotSupport__C)
                  00818200    00000004     dss_pe674.oe674 (.const:ti_sysbios_timers_rti_Timer_Module__diagsEnabled__C)
                  00818204    00000004     dss_pe674.oe674 (.const:ti_sysbios_timers_rti_Timer_Module__diagsIncluded__C)
                  00818208    00000004     dss_pe674.oe674 (.const:ti_sysbios_timers_rti_Timer_Module__diagsMask__C)
                  0081820c    00000004     dss_pe674.oe674 (.const:ti_sysbios_timers_rti_Timer_numTimerDevices__C)
                  00818210    00000004     dss_pe674.oe674 (.const:ti_sysbios_timers_rti_Timer_startupNeeded__C)
                  00818214    00000004     dss_pe674.oe674 (.const:ti_sysbios_utils_Load_Module_State_taskList__O)
                  00818218    00000004     dss_pe674.oe674 (.const:ti_sysbios_utils_Load_Module__diagsEnabled__C)
                  0081821c    00000004     dss_pe674.oe674 (.const:ti_sysbios_utils_Load_Module__diagsIncluded__C)
                  00818220    00000004     dss_pe674.oe674 (.const:ti_sysbios_utils_Load_Module__diagsMask__C)
                  00818224    00000004     dss_pe674.oe674 (.const:ti_sysbios_utils_Load_postUpdate__C)
                  00818228    00000004     dss_pe674.oe674 (.const:ti_sysbios_utils_Load_windowInMs__C)
                  0081822c    00000004     dss_pe674.oe674 (.const:xdc_runtime_Assert_E_assertFailed__C)
                  00818230    00000004     dss_pe674.oe674 (.const:xdc_runtime_Core_A_initializedParams__C)
                  00818234    00000004     dss_pe674.oe674 (.const:xdc_runtime_Core_Module__diagsEnabled__C)
                  00818238    00000004     dss_pe674.oe674 (.const:xdc_runtime_Core_Module__diagsIncluded__C)
                  0081823c    00000004     dss_pe674.oe674 (.const:xdc_runtime_Core_Module__diagsMask__C)
                  00818240    00000004     dss_pe674.oe674 (.const:xdc_runtime_Error_E_memory__C)
                  00818244    00000004     dss_pe674.oe674 (.const:xdc_runtime_Error_policyFxn__C)
                  00818248    00000004     dss_pe674.oe674 (.const:xdc_runtime_Error_policy__C)
                  0081824c    00000004     dss_pe674.oe674 (.const:xdc_runtime_Error_raiseHook__C)
                  00818250    00000004     dss_pe674.oe674 (.const:xdc_runtime_IGateProvider_Interface__BASE__C)
                  00818254    00000004     dss_pe674.oe674 (.const:xdc_runtime_IHeap_Interface__BASE__C)
                  00818258    00000004     dss_pe674.oe674 (.const:xdc_runtime_IModule_Interface__BASE__C)
                  0081825c    00000004     dss_pe674.oe674 (.const:xdc_runtime_Memory_defaultHeapInstance__C)
                  00818260    00000004     dss_pe674.oe674 (.const:xdc_runtime_Startup_execImpl__C)
                  00818264    00000004     dss_pe674.oe674 (.const:xdc_runtime_Startup_maxPasses__C)
                  00818268    00000004     dss_pe674.oe674 (.const:xdc_runtime_Startup_sfxnRts__C)
                  0081826c    00000004     dss_pe674.oe674 (.const:xdc_runtime_Startup_sfxnTab__C)
                  00818270    00000004     dss_pe674.oe674 (.const:xdc_runtime_System_Module__gateObj__C)
                  00818274    00000004     dss_pe674.oe674 (.const:xdc_runtime_System_abortFxn__C)
                  00818278    00000004     dss_pe674.oe674 (.const:xdc_runtime_System_exitFxn__C)
                  0081827c    00000004     dss_pe674.oe674 (.const:xdc_runtime_System_extendFxn__C)
                  00818280    00000004     dss_pe674.oe674 (.const:xdc_runtime_System_maxAtexitHandlers__C)
                  00818284    00000004     dss_pe674.oe674 (.const:xdc_runtime_Text_charTab__C)
                  00818288    00000004     dss_pe674.oe674 (.const:xdc_runtime_Text_nameEmpty__C)
                  0081828c    00000004     dss_pe674.oe674 (.const:xdc_runtime_Text_nameStatic__C)
                  00818290    00000004     dss_pe674.oe674 (.const:xdc_runtime_Text_nameUnknown__C)
                  00818294    00000004     dss_pe674.oe674 (.const:xdc_runtime_Text_nodeTab__C)
                  00818298    00000004     dss_pe674.oe674 (.const:xdc_runtime_Text_visitRopeFxn__C)
                  0081829c    00000002     dss_pe674.oe674 (.const:ti_sysbios_family_c64p_Exception_Module__id__C)
                  0081829e    00000002     dss_pe674.oe674 (.const:ti_sysbios_family_c64p_Exception_useInternalBuffer__C)
                  008182a0    00000002     dss_pe674.oe674 (.const:ti_sysbios_gates_GateMutex_Module__id__C)
                  008182a2    00000002     dss_pe674.oe674 (.const:ti_sysbios_hal_Hwi_Module__id__C)
                  008182a4    00000002     dss_pe674.oe674 (.const:ti_sysbios_heaps_HeapMem_Module__id__C)
                  008182a6    00000002     dss_pe674.oe674 (.const:ti_sysbios_knl_Semaphore_Module__id__C)
                  008182a8    00000002     dss_pe674.oe674 (.const:ti_sysbios_knl_Task_Module__id__C)
                  008182aa    00000002     dss_pe674.oe674 (.const:ti_sysbios_timers_rti_Timer_Module__id__C)
                  008182ac    00000002     dss_pe674.oe674 (.const:ti_sysbios_timers_rti_Timer_continueOnSuspend__C)
                  008182ae    00000002     dss_pe674.oe674 (.const:ti_sysbios_utils_Load_Module__id__C)
                  008182b0    00000002     dss_pe674.oe674 (.const:ti_sysbios_utils_Load_autoAddTasks__C)
[...]
008180d8  ti_sysbios_knl_Task_hooks__C                                 
008180e0  xdc_runtime_Startup_firstFxns__A                             
008180e8  xdc_runtime_Startup_firstFxns__C                             
008180f0  xdc_runtime_Startup_lastFxns__C                              
008180f8  ti_sysbios_family_c64p_Cache_MAR192_223__C                   
008180fc  ti_sysbios_family_c64p_Cache_MAR224_255__C                   
00818100  ti_sysbios_family_c64p_Cache_MAR32_63__C                     
00818104  ti_sysbios_family_c64p_Cache_MAR64_95__C                     
00818108  ti_sysbios_family_c64p_Cache_MAR96_127__C                    
0081810c  ti_sysbios_family_c64p_EventCombiner_A_invalidEventId__C     
00818110  ti_sysbios_family_c64p_EventCombiner_EVTRegs__C              
00818114  ti_sysbios_family_c64p_EventCombiner_E_unpluggedEvent__C     
00818118  ti_sysbios_family_c64p_EventCombiner_Module__diagsEnabled__C 
0081811c  ti_sysbios_family_c64p_EventCombiner_Module__diagsIncluded__C
00818120  ti_sysbios_family_c64p_EventCombiner_Module__diagsMask__C    
00818124  ti_sysbios_family_c64p_Exception_E_exceptionMax__C           
00818128  ti_sysbios_family_c64p_Exception_exceptionHook__C            
0081812c  ti_sysbios_family_c64p_Exception_externalHook__C             
00818130  ti_sysbios_family_c64p_Exception_internalHook__C             
00818134  ti_sysbios_family_c64p_Exception_nmiHook__C                  
00818138  ti_sysbios_family_c64p_Hwi_INTRMUX1Address__C                
0081813c  ti_sysbios_gates_GateMutex_A_badContext__C                   
00818140  ti_sysbios_gates_GateMutex_Instance_State_sem__O             
00818144  ti_sysbios_gates_GateMutex_Module__diagsEnabled__C           
00818148  ti_sysbios_gates_GateMutex_Module__diagsIncluded__C          
0081814c  ti_sysbios_gates_GateMutex_Module__diagsMask__C              
00818150  ti_sysbios_hal_Hwi_E_stackOverflow__C                        
00818154  ti_sysbios_heaps_HeapBuf_Instance_State_freeList__O          
00818158  ti_sysbios_heaps_HeapBuf_Object__count__C                    
0081815c  ti_sysbios_heaps_HeapBuf_numConstructedHeaps__C              
00818160  ti_sysbios_heaps_HeapMem_A_align__C                          
00818164  ti_sysbios_heaps_HeapMem_A_heapSize__C                       
00818168  ti_sysbios_heaps_HeapMem_A_invalidFree__C                    
0081816c  ti_sysbios_heaps_HeapMem_A_zeroBlock__C                      
00818170  ti_sysbios_heaps_HeapMem_E_memory__C                         
00818174  ti_sysbios_heaps_HeapMem_Module__diagsEnabled__C             
00818178  ti_sysbios_heaps_HeapMem_Module__diagsIncluded__C            
0081817c  ti_sysbios_heaps_HeapMem_Module__diagsMask__C                
00818180  ti_sysbios_heaps_HeapMem_Module__gateObj__C                  
00818184  ti_sysbios_heaps_HeapMem_Object__count__C                    
00818188  ti_sysbios_heaps_HeapMem_reqAlign__C                         
0081818c  ti_sysbios_knl_Clock_Module_State_clockQ__O                  
00818190  ti_sysbios_knl_Semaphore_A_badContext__C                     
00818194  ti_sysbios_knl_Semaphore_A_noEvents__C                       
00818198  ti_sysbios_knl_Semaphore_A_overflow__C                       
0081819c  ti_sysbios_knl_Semaphore_A_pendTaskDisabled__C               
008181a0  ti_sysbios_knl_Semaphore_Instance_State_pendQ__O             
008181a4  ti_sysbios_knl_Semaphore_Module__diagsEnabled__C             
008181a8  ti_sysbios_knl_Semaphore_Module__diagsIncluded__C            
008181ac  ti_sysbios_knl_Semaphore_Module__diagsMask__C                
008181b0  ti_sysbios_knl_Swi_Object__count__C                          
008181b4  ti_sysbios_knl_Task_A_badPriority__C                         
008181b8  ti_sysbios_knl_Task_A_badTaskState__C                        
008181bc  ti_sysbios_knl_Task_A_badThreadType__C                       
008181c0  ti_sysbios_knl_Task_A_badTimeout__C                          
008181c4  ti_sysbios_knl_Task_A_noPendElem__C                          
008181c8  ti_sysbios_knl_Task_A_sleepTaskDisabled__C                   
008181cc  ti_sysbios_knl_Task_E_spOutOfBounds__C                       
008181d0  ti_sysbios_knl_Task_E_stackOverflow__C                       
008181d4  ti_sysbios_knl_Task_Module_State_inactiveQ__O                
008181d8  ti_sysbios_knl_Task_Module__diagsEnabled__C                  
008181dc  ti_sysbios_knl_Task_Module__diagsIncluded__C                 
008181e0  ti_sysbios_knl_Task_Module__diagsMask__C                     
008181e4  ti_sysbios_knl_Task_Object__count__C                         
008181e8  ti_sysbios_knl_Task_Object__heap__C                          
008181ec  ti_sysbios_knl_Task_allBlockedFunc__C                        
008181f0  ti_sysbios_knl_Task_defaultStackHeap__C                      
008181f4  ti_sysbios_knl_Task_defaultStackSize__C                      
008181f8  ti_sysbios_knl_Task_numConstructedTasks__C                   
008181fc  ti_sysbios_timers_rti_Timer_E_cannotSupport__C               
00818200  ti_sysbios_timers_rti_Timer_Module__diagsEnabled__C          
00818204  ti_sysbios_timers_rti_Timer_Module__diagsIncluded__C         
00818208  ti_sysbios_timers_rti_Timer_Module__diagsMask__C             
0081820c  ti_sysbios_timers_rti_Timer_numTimerDevices__C               
00818210  ti_sysbios_timers_rti_Timer_startupNeeded__C                 
00818214  ti_sysbios_utils_Load_Module_State_taskList__O               
00818218  ti_sysbios_utils_Load_Module__diagsEnabled__C                
0081821c  ti_sysbios_utils_Load_Module__diagsIncluded__C               
00818220  ti_sysbios_utils_Load_Module__diagsMask__C                   
00818224  ti_sysbios_utils_Load_postUpdate__C                          
00818228  ti_sysbios_utils_Load_windowInMs__C                          
0081822c  xdc_runtime_Assert_E_assertFailed__C                         
00818230  xdc_runtime_Core_A_initializedParams__C                      
00818234  xdc_runtime_Core_Module__diagsEnabled__C                     
00818238  xdc_runtime_Core_Module__diagsIncluded__C                    
0081823c  xdc_runtime_Core_Module__diagsMask__C                        
00818240  xdc_runtime_Error_E_memory__C                                
00818244  xdc_runtime_Error_policyFxn__C                               
00818248  xdc_runtime_Error_policy__C                                  
0081824c  xdc_runtime_Error_raiseHook__C                               
00818250  xdc_runtime_IGateProvider_Interface__BASE__C                 
00818254  xdc_runtime_IHeap_Interface__BASE__C                         
00818258  xdc_runtime_IModule_Interface__BASE__C                       
0081825c  xdc_runtime_Memory_defaultHeapInstance__C                    
00818260  xdc_runtime_Startup_execImpl__C                              
00818264  xdc_runtime_Startup_maxPasses__C                             
00818268  xdc_runtime_Startup_sfxnRts__C                               
0081826c  xdc_runtime_Startup_sfxnTab__C                               
00818270  xdc_runtime_System_Module__gateObj__C                        
00818274  xdc_runtime_System_abortFxn__C                               
00818278  xdc_runtime_System_exitFxn__C                                
0081827c  xdc_runtime_System_extendFxn__C                              
00818280  xdc_runtime_System_maxAtexitHandlers__C                      
00818284  xdc_runtime_Text_charTab__C                                  
00818288  xdc_runtime_Text_nameEmpty__C                                
0081828c  xdc_runtime_Text_nameStatic__C                               
00818290  xdc_runtime_Text_nameUnknown__C                              
00818294  xdc_runtime_Text_nodeTab__C                                  
00818298  xdc_runtime_Text_visitRopeFxn__C                             
0081829c  ti_sysbios_family_c64p_Exception_Module__id__C               
0081829e  ti_sysbios_family_c64p_Exception_useInternalBuffer__C        
008182a0  ti_sysbios_gates_GateMutex_Module__id__C                     
008182a2  ti_sysbios_hal_Hwi_Module__id__C                             
008182a4  ti_sysbios_heaps_HeapMem_Module__id__C                       
008182a6  ti_sysbios_knl_Semaphore_Module__id__C                       
008182a8  ti_sysbios_knl_Task_Module__id__C                            
008182aa  ti_sysbios_timers_rti_Timer_Module__id__C                    
008182ac  ti_sysbios_timers_rti_Timer_continueOnSuspend__C             
008182ae  ti_sysbios_utils_Load_Module__id__C                          
008182b0  ti_sysbios_utils_Load_autoAddTasks__C                        
008182b2  ti_sysbios_utils_Load_updateInIdle__C                        
008182b4  xdc_runtime_Core_Module__id__C                               
008182b6  xdc_runtime_Error_maxDepth__C                                
008182b8  xdc_runtime_Main_Module__id__C                               
008182ba  xdc_runtime_Memory_Module__id__C                             
008182bc  xdc_runtime_Text_charCnt__C                                  
008182be  xdc_runtime_Text_isLoaded__C                                 
008182c0  xdc_runtime_Text_registryModsLastId__C                       
008182c2  xdc_runtime_Text_unnamedModsLastId__C                        
008182c8  gGenFrameDataObj                                             
00819078  gDataPathObj                                                 
008194a0  ti_sysbios_knl_Task_Instance_State_0_stack__A                
008198a0  __TI_tmpnams                                                 
008199e0  edmaDbg                                                      
008199f0  parmbuf                                                      
008199f8  ti_sysbios_knl_Task_Instance_State_0_hookEnv__A              
00819a00  ti_sysbios_family_c64p_EventCombiner_Module__state__V        
00819e00  _ftable                                                      
00819fe0  _stream                                                      
0081a080  ti_sysbios_utils_Load_Module__state__V                       
0081a1a0  ti_sysbios_knl_Swi_Module_State_0_readyQ__A                  
0081a220  ti_sysbios_knl_Task_Module_State_0_readyQ__A                 
0081a2a0  _device                                                      
0081a318  ti_sysbios_family_c64p_Hwi_Object__table__V                  
0081a390  ti_sysbios_family_c64p_Hwi_Module__state__V                  
0081a3fc  _lock                                                        
0081a400  ti_sysbios_knl_Task_Object__table__V                         
0081a45c  gMailboxMCB                                                  
0081a4ac  ti_sysbios_knl_Task_Module__state__V                         
0081a4f4  _unlock                                                      
0081a5b8  SOC_TranslateAddr_LUT                                        
0081a6b8  ti_sysbios_gates_GateMutex_Object__table__V                  
0081a6f8  ti_sysbios_timers_rti_Timer_Object__table__V                 
0081a734  __TI_ft_end                                                  
0081a770  ti_sysbios_family_c64p_Exception_Module__state__V            
0081a7a0  ti_sysbios_knl_Swi_Object__table__V                          
0081a7d0  ti_sysbios_knl_Clock_Module__state__V                        
0081a7fc  gDPC_ObjectDetectionCfg                                      
0081a820  ti_sysbios_BIOS_Module__state__V                             
0081a844  __errno                                                      
0081a844  errno                                                        
0081a888  gSOCHwAttrib                                                 
0081a8a8  xdc_runtime_Error_IgnoreBlock                                
0081a8c8  xdc_runtime_System_Module_State_0_atexitHandlers__A          
0081a8e8  ti_sysbios_knl_Swi_Module__state__V                          
0081a908  ti_sysbios_utils_Load_Module_State_0_taskEnv__A              
0081a958  gAntDef_default                                              
0081a970  gMailboxDssBssHwCfg                                          
0081a988  gMailboxDssMssHwCfg                                          
0081a9a0  ti_sysbios_heaps_HeapMem_Object__table__V                    
0081a9b8  ti_sysbios_timers_rti_Timer_Module_State_0_device__A         
0081a9d0  gDPMRemoteTable                                              
0081a9e4  ti_sysbios_family_c64p_Cache_Module__state__V                
0081a9e8  ti_sysbios_timers_rti_Timer_Module_State_0_intFreqs__A       
0081a9f8  ti_sysbios_timers_rti_Timer_Module__state__V                 
0081aa08  __TI_cleanup_ptr                                             
0081aa0c  __TI_dtors_ptr                                               
0081aa10  __TI_enable_exit_profile_output                              
0081aa14  gDPMHwAttrib                                                 
0081aa1c  ti_sysbios_gates_GateHwi_Module__root__V                     
0081aa24  ti_sysbios_gates_GateMutex_Module__root__V                   
0081aa2c  ti_sysbios_heaps_HeapBuf_Module__state__V                    
0081aa30  ti_sysbios_hal_Hwi_Object__table__V                          
0081aa38  ti_sysbios_heaps_HeapMem_Module__root__V                     
0081aa40  ti_sysbios_knl_Queue_Module__root__V                         
0081aa48  ti_sysbios_knl_Semaphore_Module__root__V                     
0081aa50  ti_sysbios_knl_Task_Module__root__V                          
0081aa58  ti_sysbios_timers_rti_Timer_Module_State_0_handles__A        
0081aa60  xdc_runtime_Registry_Module__state__V                        
0081aa68  xdc_runtime_Startup_Module__state__V                         
0081aa70  xdc_runtime_System_Module__state__V                          
0081aa78  stdEvmCliTxAntOrder                                          
0081aa7c  xdc_runtime_Memory_Module__state__V                          
0081aa80  ti_sysbios_gates_GateHwi_Object__table__V                    
0081aa84  xdc_runtime_Error_Module__state__V                           
0081aa88  ti_sysbios_knl_Task_Module_State_0_idleTask__A               
0081aa90  ti_sysbios_utils_Load_Module_State_0_runningTask__A          
0081aa98  ti_sysbios_utils_Load_Module_State_0_taskStartTime__A        
0081aaa0  _stack                                                       
0081b2a0  __CIOBUF_                                                    
0081b2a0  __TI_STACK_END                                               
0081b4b0  __TI_STATIC_BASE                                             
0081b4b0  gMCPILogMessageSize                                          
0081b4b4  gNumSubFrames                                                
0081b4b5  gReadTestConfigFromBinFile                                   
0081b4b8  gMaxL3RamUsage                                               
0081b4bc  gMaxL3RamUsageTestId                                         
0081b4c0  gMaxL2Usage                                                  
0081b4c4  gMaxL2UsageTestId                                            
0081b4c8  gMaxL1Usage                                                  
0081b4cc  gMaxL1UsageTestId                                            
0081b4d0  MCPI_Result                                                  
0081b4d4  MCPI_FailSignature                                           
0081b4dc  gDPM                                                         
0081b4e8  regionId                                                     
0081b4ec  gObjDetObj                                                   
0081b4f0  socHandle                                                    
0081b4f4  gCurrTestId                                                  
00f00000  gObjectDetection_Test_L1RamHeap                              
20000000  gFrameConfig                                                 
20000b80  ObjectDetection_Test_task                                    
20001900  ObjectDetection_Test_setProfile                              
20002080  ObjectDetection_Test_CompareToRef                            
200023a0  ObjectDetection_Test_configDPC                               
20002560  ObjectDetection_Test_convertCoordinates                      
20002720  ObjectDetection_Test_edmaOpen                                
20002a60  ObjectDetection_Test_DPCInit                                 
20002be0  ObjectDetection_Test_printAndCheckResults                    
20002e20  main                                                         
20002f00  ObjectDetection_Test_edmaInit                                
20002fa0  ObjectDetection_Test_DPCDeinit                               
20003020  ObjectDetection_Test_startDPC                                
200030a0  ObjectDetection_Test_stopDPC                                 
20003120  ObjectDetection_Test_trigChirpEvent                          
200031a0  ObjectDetection_Test_trigFrameStart                          
20003220  ObjectDetection_Test_EDMA_errorCallbackFxn                   
20003280  ObjectDetection_Test_EDMA_transferControllerErrorCallbackFxn 
200032e0  ObjectDetection_Test_edmaClose                               
20003780  MCPI_setFeatureTestResult                                    
200039e0  MCPI_Initialize                                              
20003a20  MCPI_setTestResult                                           
20003a60  genChirpData                                                 
20003ee0  initFrameData                                                
20004200  GaussianNoise                                                
20004380  RandSimple                                                   
20004440  __TI_printfi                                                 
20007a60  pow                                                          
20007a60  powl                                                         
200082a0  __c6xabi_divd                                                
20008880  __c6xabi_divull                                              
20008ae0  __c6xabi_divlli                                              
20008c20  __c6xabi_remlli                                              
20008c80  _subcull                                                     
20008ee0  fopen                                                        
20009000  __TI_cleanup                                                 
200090c0  __TI_closefile                                               
200091c0  fclose                                                       
200092c0  fread                                                        
20009500  atan                                                         
20009500  atanl                                                        
2000a000  gObjectDetection_Test_L3Heap                                 
21080000  gObjectDetection_Test_chirpData                              
21084000  MCPI_logMessage                                              
ffffffff  __TI_pprof_out_hndl                                          
ffffffff  __TI_prof_data_size                                          
ffffffff  __TI_prof_data_start                                         
ffffffff  __binit__                                                    
ffffffff  __c_args__                                                   
ffffffff  binit                                                        
UNDEFED   __TI_CINIT_Base                                              
UNDEFED   __TI_CINIT_Limit                                             
UNDEFED   __TI_Handler_Table_Base                                      
UNDEFED   __TI_Handler_Table_Limit                                     
UNDEFED   __TI_INITARRAY_Base                                          
UNDEFED   __TI_INITARRAY_Limit                                         
UNDEFED   __TI_TLS_INIT_Base                                           
UNDEFED   __TI_TLS_INIT_Limit                                          

[836 symbols]
